../Core/Src/stm32f3xx_it.c:78:6:NMI_Handler	0	static
../Core/Src/stm32f3xx_it.c:93:6:HardFault_Handler	0	static
../Core/Src/stm32f3xx_it.c:108:6:MemManage_Handler	0	static
../Core/Src/stm32f3xx_it.c:123:6:BusFault_Handler	0	static
../Core/Src/stm32f3xx_it.c:138:6:UsageFault_Handler	0	static
../Core/Src/stm32f3xx_it.c:153:6:DebugMon_Handler	0	static
../Core/Src/stm32f3xx_it.c:173:6:DMA1_Channel1_IRQHandler	0	static
../Core/Src/stm32f3xx_it.c:187:6:ADC1_2_IRQHandler	8	static
../Core/Src/stm32f3xx_it.c:202:6:TIM1_UP_TIM16_IRQHandler	0	static
../Core/Src/stm32f3xx_it.c:216:6:ADC3_IRQHandler	0	static
../Core/Src/stm32f3xx_it.c:230:6:DMA2_Channel1_IRQHandler	0	static
../Core/Src/stm32f3xx_it.c:244:6:DMA2_Channel2_IRQHandler	0	static
../Core/Src/stm32f3xx_it.c:258:6:DMA2_Channel5_IRQHandler	0	static
../Core/Src/stm32f3xx_it.c:272:6:ADC4_IRQHandler	0	static
