../Core/Src/stm32f3xx_hal_msp.c:71:6:HAL_MspInit	8	static
../Core/Src/stm32f3xx_hal_msp.c:99:6:HAL_ADC_MspInit	72	static
../Core/Src/stm32f3xx_hal_msp.c:287:6:HAL_ADC_MspDeInit	8	static
../Core/Src/stm32f3xx_hal_msp.c:412:6:HAL_COMP_MspInit	56	static
../Core/Src/stm32f3xx_hal_msp.c:516:6:HAL_COMP_MspDeInit	8	static
../Core/Src/stm32f3xx_hal_msp.c:595:6:HAL_I2C_MspInit	40	static
../Core/Src/stm32f3xx_hal_msp.c:632:6:HAL_I2C_MspDeInit	8	static
../Core/Src/stm32f3xx_hal_msp.c:663:6:HAL_SPI_MspInit	48	static
../Core/Src/stm32f3xx_hal_msp.c:723:6:HAL_SPI_MspDeInit	0	static
../Core/Src/stm32f3xx_hal_msp.c:770:6:HAL_TIM_OC_MspInit	8	static
../Core/Src/stm32f3xx_hal_msp.c:793:6:HAL_TIM_Base_MspInit	8	static
../Core/Src/stm32f3xx_hal_msp.c:816:6:HAL_TIM_OC_MspDeInit	0	static
../Core/Src/stm32f3xx_hal_msp.c:838:6:HAL_TIM_Base_MspDeInit	0	static
../Core/Src/stm32f3xx_hal_msp.c:860:6:HAL_PCD_MspInit	40	static
../Core/Src/stm32f3xx_hal_msp.c:897:6:HAL_PCD_MspDeInit	0	static
