../Drivers/STM32F3xx_HAL_Driver/Src/stm32f3xx_hal_comp.c:501:13:HAL_COMP_MspInit	0	static
../Drivers/STM32F3xx_HAL_Driver/Src/stm32f3xx_hal_comp.c:352:19:HAL_COMP_Init	32	static
../Drivers/STM32F3xx_HAL_Driver/Src/stm32f3xx_hal_comp.c:516:13:HAL_COMP_MspDeInit	0	static
../Drivers/STM32F3xx_HAL_Driver/Src/stm32f3xx_hal_comp.c:457:19:HAL_COMP_DeInit	16	static
../Drivers/STM32F3xx_HAL_Driver/Src/stm32f3xx_hal_comp.c:713:19:HAL_COMP_Start	32	static
../Drivers/STM32F3xx_HAL_Driver/Src/stm32f3xx_hal_comp.c:794:19:HAL_COMP_Stop	12	static
../Drivers/STM32F3xx_HAL_Driver/Src/stm32f3xx_hal_comp.c:832:19:HAL_COMP_Start_IT	20	static
../Drivers/STM32F3xx_HAL_Driver/Src/stm32f3xx_hal_comp.c:904:19:HAL_COMP_Stop_IT	4	static
../Drivers/STM32F3xx_HAL_Driver/Src/stm32f3xx_hal_comp.c:945:13:HAL_COMP_TriggerCallback	0	static
../Drivers/STM32F3xx_HAL_Driver/Src/stm32f3xx_hal_comp.c:921:6:HAL_COMP_IRQHandler	8	static
../Drivers/STM32F3xx_HAL_Driver/Src/stm32f3xx_hal_comp.c:979:19:HAL_COMP_Lock	0	static
../Drivers/STM32F3xx_HAL_Driver/Src/stm32f3xx_hal_comp.c:1037:10:HAL_COMP_GetOutputLevel	0	static
../Drivers/STM32F3xx_HAL_Driver/Src/stm32f3xx_hal_comp.c:1076:23:HAL_COMP_GetState	0	static
../Drivers/STM32F3xx_HAL_Driver/Src/stm32f3xx_hal_comp.c:1096:10:HAL_COMP_GetError	0	static
