Archive member included to satisfy reference by file (symbol)

E:/Windows Kits/New folder/STM32CubeIDE_1.16.1/STM32CubeIDE/plugins/com.st.stm32cube.ide.mcu.externaltools.gnu-tools-for-stm32.12.3.rel1.win32_1.0.200.202406191623/tools/bin/../lib/gcc/arm-none-eabi/12.3.1/../../../../arm-none-eabi/lib/thumb/v7e-m+fp/hard\libc_nano.a(libc_a-exit.o)
                              E:/Windows Kits/New folder/STM32CubeIDE_1.16.1/STM32CubeIDE/plugins/com.st.stm32cube.ide.mcu.externaltools.gnu-tools-for-stm32.12.3.rel1.win32_1.0.200.202406191623/tools/bin/../lib/gcc/arm-none-eabi/12.3.1/../../../../arm-none-eabi/lib/thumb/v7e-m+fp/hard/crt0.o (exit)
E:/Windows Kits/New folder/STM32CubeIDE_1.16.1/STM32CubeIDE/plugins/com.st.stm32cube.ide.mcu.externaltools.gnu-tools-for-stm32.12.3.rel1.win32_1.0.200.202406191623/tools/bin/../lib/gcc/arm-none-eabi/12.3.1/../../../../arm-none-eabi/lib/thumb/v7e-m+fp/hard\libc_nano.a(libc_a-findfp.o)
                              E:/Windows Kits/New folder/STM32CubeIDE_1.16.1/STM32CubeIDE/plugins/com.st.stm32cube.ide.mcu.externaltools.gnu-tools-for-stm32.12.3.rel1.win32_1.0.200.202406191623/tools/bin/../lib/gcc/arm-none-eabi/12.3.1/../../../../arm-none-eabi/lib/thumb/v7e-m+fp/hard\libc_nano.a(libc_a-exit.o) (__stdio_exit_handler)
E:/Windows Kits/New folder/STM32CubeIDE_1.16.1/STM32CubeIDE/plugins/com.st.stm32cube.ide.mcu.externaltools.gnu-tools-for-stm32.12.3.rel1.win32_1.0.200.202406191623/tools/bin/../lib/gcc/arm-none-eabi/12.3.1/../../../../arm-none-eabi/lib/thumb/v7e-m+fp/hard\libc_nano.a(libc_a-fwalk.o)
                              E:/Windows Kits/New folder/STM32CubeIDE_1.16.1/STM32CubeIDE/plugins/com.st.stm32cube.ide.mcu.externaltools.gnu-tools-for-stm32.12.3.rel1.win32_1.0.200.202406191623/tools/bin/../lib/gcc/arm-none-eabi/12.3.1/../../../../arm-none-eabi/lib/thumb/v7e-m+fp/hard\libc_nano.a(libc_a-findfp.o) (_fwalk_sglue)
E:/Windows Kits/New folder/STM32CubeIDE_1.16.1/STM32CubeIDE/plugins/com.st.stm32cube.ide.mcu.externaltools.gnu-tools-for-stm32.12.3.rel1.win32_1.0.200.202406191623/tools/bin/../lib/gcc/arm-none-eabi/12.3.1/../../../../arm-none-eabi/lib/thumb/v7e-m+fp/hard\libc_nano.a(libc_a-stdio.o)
                              E:/Windows Kits/New folder/STM32CubeIDE_1.16.1/STM32CubeIDE/plugins/com.st.stm32cube.ide.mcu.externaltools.gnu-tools-for-stm32.12.3.rel1.win32_1.0.200.202406191623/tools/bin/../lib/gcc/arm-none-eabi/12.3.1/../../../../arm-none-eabi/lib/thumb/v7e-m+fp/hard\libc_nano.a(libc_a-findfp.o) (__sread)
E:/Windows Kits/New folder/STM32CubeIDE_1.16.1/STM32CubeIDE/plugins/com.st.stm32cube.ide.mcu.externaltools.gnu-tools-for-stm32.12.3.rel1.win32_1.0.200.202406191623/tools/bin/../lib/gcc/arm-none-eabi/12.3.1/../../../../arm-none-eabi/lib/thumb/v7e-m+fp/hard\libc_nano.a(libc_a-memset.o)
                              E:/Windows Kits/New folder/STM32CubeIDE_1.16.1/STM32CubeIDE/plugins/com.st.stm32cube.ide.mcu.externaltools.gnu-tools-for-stm32.12.3.rel1.win32_1.0.200.202406191623/tools/bin/../lib/gcc/arm-none-eabi/12.3.1/../../../../arm-none-eabi/lib/thumb/v7e-m+fp/hard/crt0.o (memset)
E:/Windows Kits/New folder/STM32CubeIDE_1.16.1/STM32CubeIDE/plugins/com.st.stm32cube.ide.mcu.externaltools.gnu-tools-for-stm32.12.3.rel1.win32_1.0.200.202406191623/tools/bin/../lib/gcc/arm-none-eabi/12.3.1/../../../../arm-none-eabi/lib/thumb/v7e-m+fp/hard\libc_nano.a(libc_a-closer.o)
                              E:/Windows Kits/New folder/STM32CubeIDE_1.16.1/STM32CubeIDE/plugins/com.st.stm32cube.ide.mcu.externaltools.gnu-tools-for-stm32.12.3.rel1.win32_1.0.200.202406191623/tools/bin/../lib/gcc/arm-none-eabi/12.3.1/../../../../arm-none-eabi/lib/thumb/v7e-m+fp/hard\libc_nano.a(libc_a-stdio.o) (_close_r)
E:/Windows Kits/New folder/STM32CubeIDE_1.16.1/STM32CubeIDE/plugins/com.st.stm32cube.ide.mcu.externaltools.gnu-tools-for-stm32.12.3.rel1.win32_1.0.200.202406191623/tools/bin/../lib/gcc/arm-none-eabi/12.3.1/../../../../arm-none-eabi/lib/thumb/v7e-m+fp/hard\libc_nano.a(libc_a-reent.o)
                              E:/Windows Kits/New folder/STM32CubeIDE_1.16.1/STM32CubeIDE/plugins/com.st.stm32cube.ide.mcu.externaltools.gnu-tools-for-stm32.12.3.rel1.win32_1.0.200.202406191623/tools/bin/../lib/gcc/arm-none-eabi/12.3.1/../../../../arm-none-eabi/lib/thumb/v7e-m+fp/hard\libc_nano.a(libc_a-closer.o) (errno)
E:/Windows Kits/New folder/STM32CubeIDE_1.16.1/STM32CubeIDE/plugins/com.st.stm32cube.ide.mcu.externaltools.gnu-tools-for-stm32.12.3.rel1.win32_1.0.200.202406191623/tools/bin/../lib/gcc/arm-none-eabi/12.3.1/../../../../arm-none-eabi/lib/thumb/v7e-m+fp/hard\libc_nano.a(libc_a-impure.o)
                              E:/Windows Kits/New folder/STM32CubeIDE_1.16.1/STM32CubeIDE/plugins/com.st.stm32cube.ide.mcu.externaltools.gnu-tools-for-stm32.12.3.rel1.win32_1.0.200.202406191623/tools/bin/../lib/gcc/arm-none-eabi/12.3.1/../../../../arm-none-eabi/lib/thumb/v7e-m+fp/hard\libc_nano.a(libc_a-reent.o) (_impure_ptr)
[...]
Memory Configuration

Name             Origin             Length             Attributes
CCMRAM           0x10000000         0x00002000         xrw
RAM              0x20000000         0x00008000         xrw
FLASH            0x08000000         0x00020000         xr
*default*        0x00000000         0xffffffff

Linker script and memory map

LOAD E:/Windows Kits/New folder/STM32CubeIDE_1.16.1/STM32CubeIDE/plugins/com.st.stm32cube.ide.mcu.externaltools.gnu-tools-for-stm32.12.3.rel1.win32_1.0.200.202406191623/tools/bin/../lib/gcc/arm-none-eabi/12.3.1/thumb/v7e-m+fp/hard/crti.o
LOAD E:/Windows Kits/New folder/STM32CubeIDE_1.16.1/STM32CubeIDE/plugins/com.st.stm32cube.ide.mcu.externaltools.gnu-tools-for-stm32.12.3.rel1.win32_1.0.200.202406191623/tools/bin/../lib/gcc/arm-none-eabi/12.3.1/thumb/v7e-m+fp/hard/crtbegin.o
LOAD E:/Windows Kits/New folder/STM32CubeIDE_1.16.1/STM32CubeIDE/plugins/com.st.stm32cube.ide.mcu.externaltools.gnu-tools-for-stm32.12.3.rel1.win32_1.0.200.202406191623/tools/bin/../lib/gcc/arm-none-eabi/12.3.1/../../../../arm-none-eabi/lib/thumb/v7e-m+fp/hard/crt0.o
LOAD ./Core/Src/main.o
LOAD ./Core/Src/stm32f3xx_hal_msp.o
LOAD ./Core/Src/stm32f3xx_it.o
LOAD ./Core/Src/syscalls.o
LOAD ./Core/Src/sysmem.o
LOAD ./Core/Src/system_stm32f3xx.o
LOAD ./Core/Startup/startup_stm32f303rbtx.o
LOAD ./Drivers/STM32F3xx_HAL_Driver/Src/stm32f3xx_hal.o
LOAD ./Drivers/STM32F3xx_HAL_Driver/Src/stm32f3xx_hal_adc.o
LOAD ./Drivers/STM32F3xx_HAL_Driver/Src/stm32f3xx_hal_adc_ex.o
LOAD ./Drivers/STM32F3xx_HAL_Driver/Src/stm32f3xx_hal_comp.o
LOAD ./Drivers/STM32F3xx_HAL_Driver/Src/stm32f3xx_hal_cortex.o
LOAD ./Drivers/STM32F3xx_HAL_Driver/Src/stm32f3xx_hal_dma.o
LOAD ./Drivers/STM32F3xx_HAL_Driver/Src/stm32f3xx_hal_exti.o
LOAD ./Drivers/STM32F3xx_HAL_Driver/Src/stm32f3xx_hal_flash.o
LOAD ./Drivers/STM32F3xx_HAL_Driver/Src/stm32f3xx_hal_flash_ex.o
LOAD ./Drivers/STM32F3xx_HAL_Driver/Src/stm32f3xx_hal_gpio.o
LOAD ./Drivers/STM32F3xx_HAL_Driver/Src/stm32f3xx_hal_i2c.o
LOAD ./Drivers/STM32F3xx_HAL_Driver/Src/stm32f3xx_hal_i2c_ex.o
LOAD ./Drivers/STM32F3xx_HAL_Driver/Src/stm32f3xx_hal_pcd.o
LOAD ./Drivers/STM32F3xx_HAL_Driver/Src/stm32f3xx_hal_pcd_ex.o
LOAD ./Drivers/STM32F3xx_HAL_Driver/Src/stm32f3xx_hal_pwr.o
LOAD ./Drivers/STM32F3xx_HAL_Driver/Src/stm32f3xx_hal_pwr_ex.o
LOAD ./Drivers/STM32F3xx_HAL_Driver/Src/stm32f3xx_hal_rcc.o
LOAD ./Drivers/STM32F3xx_HAL_Driver/Src/stm32f3xx_hal_rcc_ex.o
LOAD ./Drivers/STM32F3xx_HAL_Driver/Src/stm32f3xx_hal_spi.o
LOAD ./Drivers/STM32F3xx_HAL_Driver/Src/stm32f3xx_hal_spi_ex.o
LOAD ./Drivers/STM32F3xx_HAL_Driver/Src/stm32f3xx_hal_tim.o
LOAD ./Drivers/STM32F3xx_HAL_Driver/Src/stm32f3xx_hal_tim_ex.o
LOAD ./Drivers/STM32F3xx_HAL_Driver/Src/stm32f3xx_ll_usb.o
START GROUP
LOAD E:/Windows Kits/New folder/STM32CubeIDE_1.16.1/STM32CubeIDE/plugins/com.st.stm32cube.ide.mcu.externaltools.gnu-tools-for-stm32.12.3.rel1.win32_1.0.200.202406191623/tools/bin/../lib/gcc/arm-none-eabi/12.3.1/../../../../arm-none-eabi/lib/thumb/v7e-m+fp/hard\libc_nano.a
LOAD E:/Windows Kits/New folder/STM32CubeIDE_1.16.1/STM32CubeIDE/plugins/com.st.stm32cube.ide.mcu.externaltools.gnu-tools-for-stm32.12.3.rel1.win32_1.0.200.202406191623/tools/bin/../lib/gcc/arm-none-eabi/12.3.1/../../../../arm-none-eabi/lib/thumb/v7e-m+fp/hard\libm.a
END GROUP
START GROUP
LOAD E:/Windows Kits/New folder/STM32CubeIDE_1.16.1/STM32CubeIDE/plugins/com.st.stm32cube.ide.mcu.externaltools.gnu-tools-for-stm32.12.3.rel1.win32_1.0.200.202406191623/tools/bin/../lib/gcc/arm-none-eabi/12.3.1/thumb/v7e-m+fp/hard\libgcc.a
LOAD E:/Windows Kits/New folder/STM32CubeIDE_1.16.1/STM32CubeIDE/plugins/com.st.stm32cube.ide.mcu.externaltools.gnu-tools-for-stm32.12.3.rel1.win32_1.0.200.202406191623/tools/bin/../lib/gcc/arm-none-eabi/12.3.1/../../../../arm-none-eabi/lib/thumb/v7e-m+fp/hard\libc_nano.a
END GROUP
START GROUP
LOAD E:/Windows Kits/New folder/STM32CubeIDE_1.16.1/STM32CubeIDE/plugins/com.st.stm32cube.ide.mcu.externaltools.gnu-tools-for-stm32.12.3.rel1.win32_1.0.200.202406191623/tools/bin/../lib/gcc/arm-none-eabi/12.3.1/thumb/v7e-m+fp/hard\libgcc.a
LOAD E:/Windows Kits/New folder/STM32CubeIDE_1.16.1/STM32CubeIDE/plugins/com.st.stm32cube.ide.mcu.externaltools.gnu-tools-for-stm32.12.3.rel1.win32_1.0.200.202406191623/tools/bin/../lib/gcc/arm-none-eabi/12.3.1/../../../../arm-none-eabi/lib/thumb/v7e-m+fp/hard\libc_nano.a
LOAD E:/Windows Kits/New folder/STM32CubeIDE_1.16.1/STM32CubeIDE/plugins/com.st.stm32cube.ide.mcu.externaltools.gnu-tools-for-stm32.12.3.rel1.win32_1.0.200.202406191623/tools/bin/../lib/gcc/arm-none-eabi/12.3.1/../../../../arm-none-eabi/lib/thumb/v7e-m+fp/hard\libnosys.a
END GROUP
START GROUP
LOAD E:/Windows Kits/New folder/STM32CubeIDE_1.16.1/STM32CubeIDE/plugins/com.st.stm32cube.ide.mcu.externaltools.gnu-tools-for-stm32.12.3.rel1.win32_1.0.200.202406191623/tools/bin/../lib/gcc/arm-none-eabi/12.3.1/thumb/v7e-m+fp/hard\libgcc.a
LOAD E:/Windows Kits/New folder/STM32CubeIDE_1.16.1/STM32CubeIDE/plugins/com.st.stm32cube.ide.mcu.externaltools.gnu-tools-for-stm32.12.3.rel1.win32_1.0.200.202406191623/tools/bin/../lib/gcc/arm-none-eabi/12.3.1/../../../../arm-none-eabi/lib/thumb/v7e-m+fp/hard\libc_nano.a
LOAD E:/Windows Kits/New folder/STM32CubeIDE_1.16.1/STM32CubeIDE/plugins/com.st.stm32cube.ide.mcu.externaltools.gnu-tools-for-stm32.12.3.rel1.win32_1.0.200.202406191623/tools/bin/../lib/gcc/arm-none-eabi/12.3.1/../../../../arm-none-eabi/lib/thumb/v7e-m+fp/hard\libnosys.a
END GROUP
LOAD E:/Windows Kits/New folder/STM32CubeIDE_1.16.1/STM32CubeIDE/plugins/com.st.stm32cube.ide.mcu.externaltools.gnu-tools-for-stm32.12.3.rel1.win32_1.0.200.202406191623/tools/bin/../lib/gcc/arm-none-eabi/12.3.1/thumb/v7e-m+fp/hard/crtend.o
LOAD E:/Windows Kits/New folder/STM32CubeIDE_1.16.1/STM32CubeIDE/plugins/com.st.stm32cube.ide.mcu.externaltools.gnu-tools-for-stm32.12.3.rel1.win32_1.0.200.202406191623/tools/bin/../lib/gcc/arm-none-eabi/12.3.1/thumb/v7e-m+fp/hard/crtn.o
                0x20008000                        _estack = (ORIGIN (RAM) + LENGTH (RAM))
                0x00000200                        _Min_Heap_Size = 0x200
                0x00000400                        _Min_Stack_Size = 0x400

.isr_vector     0x08000000      0x188
                0x08000000                        . = ALIGN (0x4)
 *(.isr_vector)
 .isr_vector    0x08000000      0x188 ./Core/Startup/startup_stm32f303rbtx.o
                0x08000000                g_pfnVectors
                0x08000188                        . = ALIGN (0x4)

.text           0x08000188     0x40d0
                0x08000188                        . = ALIGN (0x4)
 *(.text)
 .text          0x08000188       0x40 E:/Windows Kits/New folder/STM32CubeIDE_1.16.1/STM32CubeIDE/plugins/com.st.stm32cube.ide.mcu.externaltools.gnu-tools-for-stm32.12.3.rel1.win32_1.0.200.202406191623/tools/bin/../lib/gcc/arm-none-eabi/12.3.1/thumb/v7e-m+fp/hard/crtbegin.o
 *(.text*)
 .text.main     0x080001c8       0x44 ./Core/Src/main.o
                0x080001c8                main
 .text.SystemClock_Config
                0x0800020c       0xd0 ./Core/Src/main.o
                0x0800020c                SystemClock_Config
 .text.MX_ADC1_Init
                0x080002dc       0xe0 ./Core/Src/main.o
 .text.MX_ADC2_Init
                0x080003bc       0xbc ./Core/Src/main.o
 .text.MX_ADC3_Init
                0x08000478       0xe0 ./Core/Src/main.o
 .text.MX_ADC4_Init
                0x08000558       0xbc ./Core/Src/main.o
 .text.MX_COMP3_Init
                0x08000614       0x5c ./Core/Src/main.o
 .text.MX_COMP4_Init
                0x08000670       0x5c ./Core/Src/main.o
 .text.MX_COMP5_Init
                0x080006cc       0x5c ./Core/Src/main.o
 .text.MX_COMP6_Init
                0x08000728       0x5c ./Core/Src/main.o
 .text.MX_I2C2_Init
                0x08000784       0x80 ./Core/Src/main.o
 .text.MX_SPI1_Init
                0x08000804       0x7c ./Core/Src/main.o
 .text.MX_SPI3_Init
                0x08000880       0x7c ./Core/Src/main.o
 .text.MX_USB_PCD_Init
                0x080008fc       0x44 ./Core/Src/main.o
 .text.MX_GPIO_Init
                0x08000940      0x188 ./Core/Src/main.o
 .text.Error_Handler
                0x08000ac8        0xc ./Core/Src/main.o
                0x08000ac8                Error_Handler
 .text.HAL_MspInit
                0x08000ad4       0x48 ./Core/Src/stm32f3xx_hal_msp.o
                0x08000ad4                HAL_MspInit
 .text.HAL_ADC_MspInit
                0x08000b1c      0x1dc ./Core/Src/stm32f3xx_hal_msp.o
                0x08000b1c                HAL_ADC_MspInit
 .text.HAL_COMP_MspInit
                0x08000cf8      0x190 ./Core/Src/stm32f3xx_hal_msp.o
                0x08000cf8                HAL_COMP_MspInit
 .text.HAL_I2C_MspInit
                0x08000e88       0x88 ./Core/Src/stm32f3xx_hal_msp.o
                0x08000e88                HAL_I2C_MspInit
 .text.HAL_SPI_MspInit
                0x08000f10       0xec ./Core/Src/stm32f3xx_hal_msp.o
                0x08000f10                HAL_SPI_MspInit
 .text.HAL_PCD_MspInit
                0x08000ffc       0x88 ./Core/Src/stm32f3xx_hal_msp.o
                0x08000ffc                HAL_PCD_MspInit
 .text.NMI_Handler
                0x08001084        0x8 ./Core/Src/stm32f3xx_it.o
                0x08001084                NMI_Handler
 .text.HardFault_Handler
                0x0800108c        0x8 ./Core/Src/stm32f3xx_it.o
                0x0800108c                HardFault_Handler
 .text.MemManage_Handler
                0x08001094        0x8 ./Core/Src/stm32f3xx_it.o
                0x08001094                MemManage_Handler
 .text.BusFault_Handler
                0x0800109c        0x8 ./Core/Src/stm32f3xx_it.o
                0x0800109c                BusFault_Handler
 .text.UsageFault_Handler
                0x080010a4        0x8 ./Core/Src/stm32f3xx_it.o
                0x080010a4                UsageFault_Handler
 .text.SVC_Handler
                0x080010ac        0xe ./Core/Src/stm32f3xx_it.o
                0x080010ac                SVC_Handler
 .text.DebugMon_Handler
                0x080010ba        0xe ./Core/Src/stm32f3xx_it.o
                0x080010ba                DebugMon_Handler
 .text.PendSV_Handler
                0x080010c8        0xe ./Core/Src/stm32f3xx_it.o
                0x080010c8                PendSV_Handler
 .text.SysTick_Handler
                0x080010d6        0xc ./Core/Src/stm32f3xx_it.o
                0x080010d6                SysTick_Handler
 *fill*         0x080010e2        0x2 
 .text.SystemInit
                0x080010e4       0x24 ./Core/Src/system_stm32f3xx.o
                0x080010e4                SystemInit
 .text.Reset_Handler
                0x08001108       0x50 ./Core/Startup/startup_stm32f303rbtx.o
                0x08001108                Reset_Handler
 .text.Default_Handler
                0x08001158        0x2 ./Core/Startup/startup_stm32f303rbtx.o
                0x08001158                RTC_Alarm_IRQHandler
                0x08001158                TIM8_TRG_COM_IRQHandler
                0x08001158                TIM8_CC_IRQHandler
                0x08001158                TIM1_CC_IRQHandler
                0x08001158                USB_HP_IRQHandler
                0x08001158                PVD_IRQHandler
                0x08001158                TAMP_STAMP_IRQHandler
                0x08001158                EXTI3_IRQHandler
                0x08001158                USB_HP_CAN_TX_IRQHandler
                0x08001158                EXTI0_IRQHandler
                0x08001158                I2C2_EV_IRQHandler
                0x08001158                FPU_IRQHandler
                0x08001158                TIM1_UP_TIM16_IRQHandler
                0x08001158                ADC1_2_IRQHandler
                0x08001158                SPI1_IRQHandler
                0x08001158                CAN_SCE_IRQHandler
                0x08001158                TIM6_DAC_IRQHandler
                0x08001158                TIM8_UP_IRQHandler
                0x08001158                DMA2_Channel2_IRQHandler
                0x08001158                DMA1_Channel4_IRQHandler
                0x08001158                USART3_IRQHandler
                0x08001158                DMA1_Channel7_IRQHandler
                0x08001158                UART5_IRQHandler
                0x08001158                ADC3_IRQHandler
                0x08001158                TIM4_IRQHandler
                0x08001158                CAN_RX1_IRQHandler
                0x08001158                DMA2_Channel1_IRQHandler
                0x08001158                I2C1_EV_IRQHandler
                0x08001158                DMA1_Channel6_IRQHandler
                0x08001158                UART4_IRQHandler
                0x08001158                DMA2_Channel4_IRQHandler
                0x08001158                TIM3_IRQHandler
                0x08001158                RCC_IRQHandler
                0x08001158                DMA1_Channel1_IRQHandler
                0x08001158                Default_Handler
                0x08001158                USBWakeUp_RMP_IRQHandler
                0x08001158                EXTI15_10_IRQHandler
                0x08001158                TIM7_IRQHandler
                0x08001158                EXTI9_5_IRQHandler
                0x08001158                RTC_WKUP_IRQHandler
                0x08001158                SPI2_IRQHandler
                0x08001158                USB_LP_CAN_RX0_IRQHandler
                0x08001158                DMA2_Channel5_IRQHandler
                0x08001158                DMA1_Channel5_IRQHandler
                0x08001158                USB_LP_IRQHandler
                0x08001158                EXTI4_IRQHandler
                0x08001158                TIM1_TRG_COM_TIM17_IRQHandler
                0x08001158                DMA1_Channel3_IRQHandler
                0x08001158                ADC4_IRQHandler
                0x08001158                WWDG_IRQHandler
                0x08001158                TIM2_IRQHandler
                0x08001158                COMP7_IRQHandler
                0x08001158                COMP1_2_3_IRQHandler
                0x08001158                EXTI1_IRQHandler
                0x08001158                USART2_IRQHandler
                0x08001158                COMP4_5_6_IRQHandler
                0x08001158                I2C2_ER_IRQHandler
                0x08001158                DMA1_Channel2_IRQHandler
                0x08001158                TIM8_BRK_IRQHandler
                0x08001158                FLASH_IRQHandler
                0x08001158                USART1_IRQHandler
                0x08001158                SPI3_IRQHandler
                0x08001158                I2C1_ER_IRQHandler
                0x08001158                USBWakeUp_IRQHandler
                0x08001158                DMA2_Channel3_IRQHandler
                0x08001158                EXTI2_TSC_IRQHandler
                0x08001158                TIM1_BRK_TIM15_IRQHandler
 *fill*         0x0800115a        0x2 
 .text.HAL_Init
                0x0800115c       0x2c ./Drivers/STM32F3xx_HAL_Driver/Src/stm32f3xx_hal.o
                0x0800115c                HAL_Init
 .text.HAL_InitTick
                0x08001188       0x60 ./Drivers/STM32F3xx_HAL_Driver/Src/stm32f3xx_hal.o
                0x08001188                HAL_InitTick
 .text.HAL_IncTick
                0x080011e8       0x28 ./Drivers/STM32F3xx_HAL_Driver/Src/stm32f3xx_hal.o
                0x080011e8                HAL_IncTick
 .text.HAL_GetTick
                0x08001210       0x18 ./Drivers/STM32F3xx_HAL_Driver/Src/stm32f3xx_hal.o
                0x08001210                HAL_GetTick
 .text.HAL_ADC_Init
                0x08001228      0x3c0 ./Drivers/STM32F3xx_HAL_Driver/Src/stm32f3xx_hal_adc_ex.o
                0x08001228                HAL_ADC_Init
 .text.HAL_ADC_ConfigChannel
                0x080015e8      0x5d4 ./Drivers/STM32F3xx_HAL_Driver/Src/stm32f3xx_hal_adc_ex.o
                0x080015e8                HAL_ADC_ConfigChannel
 .text.HAL_ADCEx_MultiModeConfigChannel
                0x08001bbc      0x1e4 ./Drivers/STM32F3xx_HAL_Driver/Src/stm32f3xx_hal_adc_ex.o
                0x08001bbc                HAL_ADCEx_MultiModeConfigChannel
 .text.ADC_Disable
                0x08001da0       0xcc ./Drivers/STM32F3xx_HAL_Driver/Src/stm32f3xx_hal_adc_ex.o
 .text.HAL_COMP_Init
                0x08001e6c      0x154 ./Drivers/STM32F3xx_HAL_Driver/Src/stm32f3xx_hal_comp.o
                0x08001e6c                HAL_COMP_Init
 .text.__NVIC_SetPriorityGrouping
                0x08001fc0       0x48 ./Drivers/STM32F3xx_HAL_Driver/Src/stm32f3xx_hal_cortex.o
 .text.__NVIC_GetPriorityGrouping
                0x08002008       0x1c ./Drivers/STM32F3xx_HAL_Driver/Src/stm32f3xx_hal_cortex.o
 .text.__NVIC_SetPriority
                0x08002024       0x54 ./Drivers/STM32F3xx_HAL_Driver/Src/stm32f3xx_hal_cortex.o
 .text.NVIC_EncodePriority
                0x08002078       0x66 ./Drivers/STM32F3xx_HAL_Driver/Src/stm32f3xx_hal_cortex.o
 *fill*         0x080020de        0x2 
 .text.SysTick_Config
                0x080020e0       0x44 ./Drivers/STM32F3xx_HAL_Driver/Src/stm32f3xx_hal_cortex.o
 .text.HAL_NVIC_SetPriorityGrouping
                0x08002124       0x16 ./Drivers/STM32F3xx_HAL_Driver/Src/stm32f3xx_hal_cortex.o
                0x08002124                HAL_NVIC_SetPriorityGrouping
 .text.HAL_NVIC_SetPriority
                0x0800213a       0x38 ./Drivers/STM32F3xx_HAL_Driver/Src/stm32f3xx_hal_cortex.o
                0x0800213a                HAL_NVIC_SetPriority
 .text.HAL_SYSTICK_Config
                0x08002172       0x18 ./Drivers/STM32F3xx_HAL_Driver/Src/stm32f3xx_hal_cortex.o
                0x08002172                HAL_SYSTICK_Config
 *fill*         0x0800218a        0x2 
 .text.HAL_GPIO_Init
                0x0800218c      0x2f4 ./Drivers/STM32F3xx_HAL_Driver/Src/stm32f3xx_hal_gpio.o
                0x0800218c                HAL_GPIO_Init
 .text.HAL_GPIO_WritePin
                0x08002480       0x30 ./Drivers/STM32F3xx_HAL_Driver/Src/stm32f3xx_hal_gpio.o
                0x08002480                HAL_GPIO_WritePin
 .text.HAL_I2C_Init
                0x080024b0      0x136 ./Drivers/STM32F3xx_HAL_Driver/Src/stm32f3xx_hal_i2c.o
                0x080024b0                HAL_I2C_Init
 .text.HAL_I2CEx_ConfigAnalogFilter
                0x080025e6       0x96 ./Drivers/STM32F3xx_HAL_Driver/Src/stm32f3xx_hal_i2c_ex.o
                0x080025e6                HAL_I2CEx_ConfigAnalogFilter
 .text.HAL_I2CEx_ConfigDigitalFilter
                0x0800267c       0x98 ./Drivers/STM32F3xx_HAL_Driver/Src/stm32f3xx_hal_i2c_ex.o
                0x0800267c                HAL_I2CEx_ConfigDigitalFilter
 .text.HAL_PCD_Init
                0x08002714      0x18e ./Drivers/STM32F3xx_HAL_Driver/Src/stm32f3xx_hal_pcd.o
                0x08002714                HAL_PCD_Init
 *fill*         0x080028a2        0x2 
 .text.HAL_RCC_OscConfig
                0x080028a4     0x107c ./Drivers/STM32F3xx_HAL_Driver/Src/stm32f3xx_hal_rcc.o
                0x080028a4                HAL_RCC_OscConfig
 .text.HAL_RCC_ClockConfig
                0x08003920      0x2f8 ./Drivers/STM32F3xx_HAL_Driver/Src/stm32f3xx_hal_rcc.o
                0x08003920                HAL_RCC_ClockConfig
 .text.HAL_RCC_GetSysClockFreq
                0x08003c18       0xa8 ./Drivers/STM32F3xx_HAL_Driver/Src/stm32f3xx_hal_rcc.o
                0x08003c18                HAL_RCC_GetSysClockFreq
 .text.HAL_RCCEx_PeriphCLKConfig
                0x08003cc0      0x360 ./Drivers/STM32F3xx_HAL_Driver/Src/stm32f3xx_hal_rcc_ex.o
                0x08003cc0                HAL_RCCEx_PeriphCLKConfig
 .text.HAL_SPI_Init
                0x08004020      0x156 ./Drivers/STM32F3xx_HAL_Driver/Src/stm32f3xx_hal_spi.o
                0x08004020                HAL_SPI_Init
 .text.USB_DisableGlobalInt
                0x08004176       0x36 ./Drivers/STM32F3xx_HAL_Driver/Src/stm32f3xx_ll_usb.o
                0x08004176                USB_DisableGlobalInt
 .text.USB_DevInit
                0x080041ac       0x3c ./Drivers/STM32F3xx_HAL_Driver/Src/stm32f3xx_ll_usb.o
                0x080041ac                USB_DevInit
 .text.memset   0x080041e8       0x10 E:/Windows Kits/New folder/STM32CubeIDE_1.16.1/STM32CubeIDE/plugins/com.st.stm32cube.ide.mcu.externaltools.gnu-tools-for-stm32.12.3.rel1.win32_1.0.200.202406191623/tools/bin/../lib/gcc/arm-none-eabi/12.3.1/../../../../arm-none-eabi/lib/thumb/v7e-m+fp/hard\libc_nano.a(libc_a-memset.o)
                0x080041e8                memset
 .text.__libc_init_array
                0x080041f8       0x48 E:/Windows Kits/New folder/STM32CubeIDE_1.16.1/STM32CubeIDE/plugins/com.st.stm32cube.ide.mcu.externaltools.gnu-tools-for-stm32.12.3.rel1.win32_1.0.200.202406191623/tools/bin/../lib/gcc/arm-none-eabi/12.3.1/../../../../arm-none-eabi/lib/thumb/v7e-m+fp/hard\libc_nano.a(libc_a-init.o)
                0x080041f8                __libc_init_array
 *(.glue_7)
 .glue_7        0x08004240        0x0 linker stubs
 *(.glue_7t)
 .glue_7t       0x08004240        0x0 linker stubs
 *(.eh_frame)
 .eh_frame      0x08004240        0x0 E:/Windows Kits/New folder/STM32CubeIDE_1.16.1/STM32CubeIDE/plugins/com.st.stm32cube.ide.mcu.externaltools.gnu-tools-for-stm32.12.3.rel1.win32_1.0.200.202406191623/tools/bin/../lib/gcc/arm-none-eabi/12.3.1/thumb/v7e-m+fp/hard/crtbegin.o
 *(.init)
 .init          0x08004240        0x4 E:/Windows Kits/New folder/STM32CubeIDE_1.16.1/STM32CubeIDE/plugins/com.st.stm32cube.ide.mcu.externaltools.gnu-tools-for-stm32.12.3.rel1.win32_1.0.200.202406191623/tools/bin/../lib/gcc/arm-none-eabi/12.3.1/thumb/v7e-m+fp/hard/crti.o
                0x08004240                _init
 .init          0x08004244        0x8 E:/Windows Kits/New folder/STM32CubeIDE_1.16.1/STM32CubeIDE/plugins/com.st.stm32cube.ide.mcu.externaltools.gnu-tools-for-stm32.12.3.rel1.win32_1.0.200.202406191623/tools/bin/../lib/gcc/arm-none-eabi/12.3.1/thumb/v7e-m+fp/hard/crtn.o
 *(.fini)
 .fini          0x0800424c        0x4 E:/Windows Kits/New folder/STM32CubeIDE_1.16.1/STM32CubeIDE/plugins/com.st.stm32cube.ide.mcu.externaltools.gnu-tools-for-stm32.12.3.rel1.win32_1.0.200.202406191623/tools/bin/../lib/gcc/arm-none-eabi/12.3.1/thumb/v7e-m+fp/hard/crti.o
                0x0800424c                _fini
 .fini          0x08004250        0x8 E:/Windows Kits/New folder/STM32CubeIDE_1.16.1/STM32CubeIDE/plugins/com.st.stm32cube.ide.mcu.externaltools.gnu-tools-for-stm32.12.3.rel1.win32_1.0.200.202406191623/tools/bin/../lib/gcc/arm-none-eabi/12.3.1/thumb/v7e-m+fp/hard/crtn.o
                0x08004258                        . = ALIGN (0x4)
                0x08004258                        _etext = .

.vfp11_veneer   0x08004258        0x0
 .vfp11_veneer  0x08004258        0x0 linker stubs

.v4_bx          0x08004258        0x0
 .v4_bx         0x08004258        0x0 linker stubs

.iplt           0x08004258        0x0
 .iplt          0x08004258        0x0 E:/Windows Kits/New folder/STM32CubeIDE_1.16.1/STM32CubeIDE/plugins/com.st.stm32cube.ide.mcu.externaltools.gnu-tools-for-stm32.12.3.rel1.win32_1.0.200.202406191623/tools/bin/../lib/gcc/arm-none-eabi/12.3.1/thumb/v7e-m+fp/hard/crtbegin.o

.rodata         0x08004258       0x30
                0x08004258                        . = ALIGN (0x4)
 *(.rodata)
 *(.rodata*)
 .rodata.AHBPrescTable
                0x08004258       0x10 ./Core/Src/system_stm32f3xx.o
                0x08004258                AHBPrescTable
 .rodata.aPLLMULFactorTable
                0x08004268       0x10 ./Drivers/STM32F3xx_HAL_Driver/Src/stm32f3xx_hal_rcc.o
 .rodata.aPredivFactorTable
                0x08004278       0x10 ./Drivers/STM32F3xx_HAL_Driver/Src/stm32f3xx_hal_rcc.o
                0x08004288                        . = ALIGN (0x4)

.ARM.extab      0x08004288        0x0
                0x08004288                        . = ALIGN (0x4)
 *(.ARM.extab* .gnu.linkonce.armextab.*)
                0x08004288                        . = ALIGN (0x4)

.ARM            0x08004288        0x0
                0x08004288                        . = ALIGN (0x4)
                0x08004288                        __exidx_start = .
 *(.ARM.exidx*)
                0x08004288                        __exidx_end = .
                0x08004288                        . = ALIGN (0x4)

.preinit_array  0x08004288        0x0
                0x08004288                        . = ALIGN (0x4)
                0x08004288                        PROVIDE (__preinit_array_start = .)
 *(.preinit_array*)
                0x08004288                        PROVIDE (__preinit_array_end = .)
                0x08004288                        . = ALIGN (0x4)

.init_array     0x08004288        0x4
                0x08004288                        . = ALIGN (0x4)
                0x08004288                        PROVIDE (__init_array_start = .)
 *(SORT_BY_NAME(.init_array.*))
 *(.init_array*)
 .init_array    0x08004288        0x4 E:/Windows Kits/New folder/STM32CubeIDE_1.16.1/STM32CubeIDE/plugins/com.st.stm32cube.ide.mcu.externaltools.gnu-tools-for-stm32.12.3.rel1.win32_1.0.200.202406191623/tools/bin/../lib/gcc/arm-none-eabi/12.3.1/thumb/v7e-m+fp/hard/crtbegin.o
                0x0800428c                        PROVIDE (__init_array_end = .)
                0x0800428c                        . = ALIGN (0x4)

.fini_array     0x0800428c        0x4
                0x0800428c                        . = ALIGN (0x4)
                [!provide]                        PROVIDE (__fini_array_start = .)
 *(SORT_BY_NAME(.fini_array.*))
 *(.fini_array*)
 .fini_array    0x0800428c        0x4 E:/Windows Kits/New folder/STM32CubeIDE_1.16.1/STM32CubeIDE/plugins/com.st.stm32cube.ide.mcu.externaltools.gnu-tools-for-stm32.12.3.rel1.win32_1.0.200.202406191623/tools/bin/../lib/gcc/arm-none-eabi/12.3.1/thumb/v7e-m+fp/hard/crtbegin.o
                [!provide]                        PROVIDE (__fini_array_end = .)
                0x08004290                        . = ALIGN (0x4)
                0x08004290                        _sidata = LOADADDR (.data)

.rel.dyn        0x08004290        0x0
 .rel.iplt      0x08004290        0x0 E:/Windows Kits/New folder/STM32CubeIDE_1.16.1/STM32CubeIDE/plugins/com.st.stm32cube.ide.mcu.externaltools.gnu-tools-for-stm32.12.3.rel1.win32_1.0.200.202406191623/tools/bin/../lib/gcc/arm-none-eabi/12.3.1/thumb/v7e-m+fp/hard/crtbegin.o

.data           0x20000000        0xc load address 0x08004290
                0x20000000                        . = ALIGN (0x4)
                0x20000000                        _sdata = .
 *(.data)
 *(.data*)
 .data.SystemCoreClock
                0x20000000        0x4 ./Core/Src/system_stm32f3xx.o
                0x20000000                SystemCoreClock
 .data.uwTickPrio
                0x20000004        0x4 ./Drivers/STM32F3xx_HAL_Driver/Src/stm32f3xx_hal.o
                0x20000004                uwTickPrio
 .data.uwTickFreq
                0x20000008        0x1 ./Drivers/STM32F3xx_HAL_Driver/Src/stm32f3xx_hal.o
                0x20000008                uwTickFreq
 *(.RamFunc)
 *(.RamFunc*)
                0x2000000c                        . = ALIGN (0x4)
 *fill*         0x20000009        0x3 
                0x2000000c                        _edata = .
                0x0800429c                        _siccmram = LOADADDR (.ccmram)

.igot.plt       0x2000000c        0x0 load address 0x0800429c
 .igot.plt      0x2000000c        0x0 E:/Windows Kits/New folder/STM32CubeIDE_1.16.1/STM32CubeIDE/plugins/com.st.stm32cube.ide.mcu.externaltools.gnu-tools-for-stm32.12.3.rel1.win32_1.0.200.202406191623/tools/bin/../lib/gcc/arm-none-eabi/12.3.1/thumb/v7e-m+fp/hard/crtbegin.o

.ccmram         0x10000000        0x0 load address 0x0800429c
                0x10000000                        . = ALIGN (0x4)
                0x10000000                        _sccmram = .
 *(.ccmram)
 *(.ccmram*)
                0x10000000                        . = ALIGN (0x4)
                0x10000000                        _eccmram = .
                0x10000000                        . = ALIGN (0x4)

.bss            0x2000000c      0x618
                0x2000000c                        _sbss = .
                0x2000000c                        __bss_start__ = _sbss
 *(.bss)
 .bss           0x2000000c       0x1c E:/Windows Kits/New folder/STM32CubeIDE_1.16.1/STM32CubeIDE/plugins/com.st.stm32cube.ide.mcu.externaltools.gnu-tools-for-stm32.12.3.rel1.win32_1.0.200.202406191623/tools/bin/../lib/gcc/arm-none-eabi/12.3.1/thumb/v7e-m+fp/hard/crtbegin.o
 *(.bss*)
 .bss.hadc1     0x20000028       0x50 ./Core/Src/main.o
                0x20000028                hadc1
 .bss.hadc2     0x20000078       0x50 ./Core/Src/main.o
                0x20000078                hadc2
 .bss.hadc3     0x200000c8       0x50 ./Core/Src/main.o
                0x200000c8                hadc3
 .bss.hadc4     0x20000118       0x50 ./Core/Src/main.o
                0x20000118                hadc4
 .bss.hcomp3    0x20000168       0x30 ./Core/Src/main.o
                0x20000168                hcomp3
 .bss.hcomp4    0x20000198       0x30 ./Core/Src/main.o
                0x20000198                hcomp4
 .bss.hcomp5    0x200001c8       0x30 ./Core/Src/main.o
                0x200001c8                hcomp5
 .bss.hcomp6    0x200001f8       0x30 ./Core/Src/main.o
                0x200001f8                hcomp6
 .bss.hi2c2     0x20000228       0x54 ./Core/Src/main.o
                0x20000228                hi2c2
 .bss.hspi1     0x2000027c       0x64 ./Core/Src/main.o
                0x2000027c                hspi1
 .bss.hspi3     0x200002e0       0x64 ./Core/Src/main.o
                0x200002e0                hspi3
 .bss.hpcd_USB_FS
                0x20000344      0x2d4 ./Core/Src/main.o
                0x20000344                hpcd_USB_FS
 .bss.HAL_RCC_ADC12_CLK_ENABLED
                0x20000618        0x4 ./Core/Src/stm32f3xx_hal_msp.o
 .bss.HAL_RCC_ADC34_CLK_ENABLED
                0x2000061c        0x4 ./Core/Src/stm32f3xx_hal_msp.o
 .bss.uwTick    0x20000620        0x4 ./Drivers/STM32F3xx_HAL_Driver/Src/stm32f3xx_hal.o
                0x20000620                uwTick
 *(COMMON)
                0x20000624                        . = ALIGN (0x4)
                0x20000624                        _ebss = .
                0x20000624                        __bss_end__ = _ebss

._user_heap_stack
                0x20000624      0x604
                0x20000628                        . = ALIGN (0x8)
 *fill*         0x20000624        0x4 
                [!provide]                        PROVIDE (end = .)
                0x20000628                        PROVIDE (_end = .)
                0x20000828                        . = (. + _Min_Heap_Size)
 *fill*         0x20000628      0x200 
                0x20000c28                        . = (. + _Min_Stack_Size)
 *fill*         0x20000828      0x400 
                0x20000c28                        . = ALIGN (0x8)

/DISCARD/
 libc.a(*)
 libm.a(*)
 libgcc.a(*)

.ARM.attributes
                0x00000000       0x30
 *(.ARM.attributes)
 .ARM.attributes
                0x00000000       0x22 E:/Windows Kits/New folder/STM32CubeIDE_1.16.1/STM32CubeIDE/plugins/com.st.stm32cube.ide.mcu.externaltools.gnu-tools-for-stm32.12.3.rel1.win32_1.0.200.202406191623/tools/bin/../lib/gcc/arm-none-eabi/12.3.1/thumb/v7e-m+fp/hard/crti.o
 .ARM.attributes
                0x00000022       0x34 E:/Windows Kits/New folder/STM32CubeIDE_1.16.1/STM32CubeIDE/plugins/com.st.stm32cube.ide.mcu.externaltools.gnu-tools-for-stm32.12.3.rel1.win32_1.0.200.202406191623/tools/bin/../lib/gcc/arm-none-eabi/12.3.1/thumb/v7e-m+fp/hard/crtbegin.o
 .ARM.attributes
                0x00000056       0x34 ./Core/Src/main.o
 .ARM.attributes
                0x0000008a       0x34 ./Core/Src/stm32f3xx_hal_msp.o
 .ARM.attributes
                0x000000be       0x34 ./Core/Src/stm32f3xx_it.o
 .ARM.attributes
                0x000000f2       0x34 ./Core/Src/system_stm32f3xx.o
 .ARM.attributes
                0x00000126       0x21 ./Core/Startup/startup_stm32f303rbtx.o
 .ARM.attributes
                0x00000147       0x34 ./Drivers/STM32F3xx_HAL_Driver/Src/stm32f3xx_hal.o
 .ARM.attributes
                0x0000017b       0x34 ./Drivers/STM32F3xx_HAL_Driver/Src/stm32f3xx_hal_adc_ex.o
 .ARM.attributes
                0x000001af       0x34 ./Drivers/STM32F3xx_HAL_Driver/Src/stm32f3xx_hal_comp.o
 .ARM.attributes
                0x000001e3       0x34 ./Drivers/STM32F3xx_HAL_Driver/Src/stm32f3xx_hal_cortex.o
 .ARM.attributes
                0x00000217       0x34 ./Drivers/STM32F3xx_HAL_Driver/Src/stm32f3xx_hal_gpio.o
 .ARM.attributes
                0x0000024b       0x34 ./Drivers/STM32F3xx_HAL_Driver/Src/stm32f3xx_hal_i2c.o
 .ARM.attributes
                0x0000027f       0x34 ./Drivers/STM32F3xx_HAL_Driver/Src/stm32f3xx_hal_i2c_ex.o
 .ARM.attributes
                0x000002b3       0x34 ./Drivers/STM32F3xx_HAL_Driver/Src/stm32f3xx_hal_pcd.o
 .ARM.attributes
                0x000002e7       0x34 ./Drivers/STM32F3xx_HAL_Driver/Src/stm32f3xx_hal_rcc.o
 .ARM.attributes
                0x0000031b       0x34 ./Drivers/STM32F3xx_HAL_Driver/Src/stm32f3xx_hal_rcc_ex.o
 .ARM.attributes
                0x0000034f       0x34 ./Drivers/STM32F3xx_HAL_Driver/Src/stm32f3xx_hal_spi.o
 .ARM.attributes
                0x00000383       0x34 ./Drivers/STM32F3xx_HAL_Driver/Src/stm32f3xx_ll_usb.o
 .ARM.attributes
                0x000003b7       0x34 E:/Windows Kits/New folder/STM32CubeIDE_1.16.1/STM32CubeIDE/plugins/com.st.stm32cube.ide.mcu.externaltools.gnu-tools-for-stm32.12.3.rel1.win32_1.0.200.202406191623/tools/bin/../lib/gcc/arm-none-eabi/12.3.1/../../../../arm-none-eabi/lib/thumb/v7e-m+fp/hard\libc_nano.a(libc_a-memset.o)
 .ARM.attributes
                0x000003eb       0x34 E:/Windows Kits/New folder/STM32CubeIDE_1.16.1/STM32CubeIDE/plugins/com.st.stm32cube.ide.mcu.externaltools.gnu-tools-for-stm32.12.3.rel1.win32_1.0.200.202406191623/tools/bin/../lib/gcc/arm-none-eabi/12.3.1/../../../../arm-none-eabi/lib/thumb/v7e-m+fp/hard\libc_nano.a(libc_a-init.o)
 .ARM.attributes
                0x0000041f       0x22 E:/Windows Kits/New folder/STM32CubeIDE_1.16.1/STM32CubeIDE/plugins/com.st.stm32cube.ide.mcu.externaltools.gnu-tools-for-stm32.12.3.rel1.win32_1.0.200.202406191623/tools/bin/../lib/gcc/arm-none-eabi/12.3.1/thumb/v7e-m+fp/hard/crtn.o
OUTPUT(ioc and Cube.elf elf32-littlearm)
LOAD linker stubs
LOAD E:/Windows Kits/New folder/STM32CubeIDE_1.16.1/STM32CubeIDE/plugins/com.st.stm32cube.ide.mcu.externaltools.gnu-tools-for-stm32.12.3.rel1.win32_1.0.200.202406191623/tools/bin/../lib/gcc/arm-none-eabi/12.3.1/../../../../arm-none-eabi/lib/thumb/v7e-m+fp/hard\libc.a
LOAD E:/Windows Kits/New folder/STM32CubeIDE_1.16.1/STM32CubeIDE/plugins/com.st.stm32cube.ide.mcu.externaltools.gnu-tools-for-stm32.12.3.rel1.win32_1.0.200.202406191623/tools/bin/../lib/gcc/arm-none-eabi/12.3.1/../../../../arm-none-eabi/lib/thumb/v7e-m+fp/hard\libm.a
LOAD E:/Windows Kits/New folder/STM32CubeIDE_1.16.1/STM32CubeIDE/plugins/com.st.stm32cube.ide.mcu.externaltools.gnu-tools-for-stm32.12.3.rel1.win32_1.0.200.202406191623/tools/bin/../lib/gcc/arm-none-eabi/12.3.1/thumb/v7e-m+fp/hard\libgcc.a

.debug_info     0x00000000     0xf63b
 .debug_info    0x00000000     0x1b4e ./Core/Src/main.o
 .debug_info    0x00001b4e     0x185d ./Core/Src/stm32f3xx_hal_msp.o
 .debug_info    0x000033ab      0x113 ./Core/Src/stm32f3xx_it.o
 .debug_info    0x000034be      0x407 ./Core/Src/system_stm32f3xx.o
 .debug_info    0x000038c5       0x30 ./Core/Startup/startup_stm32f303rbtx.o
 .debug_info    0x000038f5      0x7d4 ./Drivers/STM32F3xx_HAL_Driver/Src/stm32f3xx_hal.o
 .debug_info    0x000040c9     0x15b2 ./Drivers/STM32F3xx_HAL_Driver/Src/stm32f3xx_hal_adc_ex.o
 .debug_info    0x0000567b      0x6f4 ./Drivers/STM32F3xx_HAL_Driver/Src/stm32f3xx_hal_comp.o
 .debug_info    0x00005d6f      0xce4 ./Drivers/STM32F3xx_HAL_Driver/Src/stm32f3xx_hal_cortex.o
 .debug_info    0x00006a53      0x5fe ./Drivers/STM32F3xx_HAL_Driver/Src/stm32f3xx_hal_gpio.o
 .debug_info    0x00007051     0x20c3 ./Drivers/STM32F3xx_HAL_Driver/Src/stm32f3xx_hal_i2c.o
 .debug_info    0x00009114      0x818 ./Drivers/STM32F3xx_HAL_Driver/Src/stm32f3xx_hal_i2c_ex.o
 .debug_info    0x0000992c     0x166f ./Drivers/STM32F3xx_HAL_Driver/Src/stm32f3xx_hal_pcd.o
 .debug_info    0x0000af9b     0x148a ./Drivers/STM32F3xx_HAL_Driver/Src/stm32f3xx_hal_rcc.o
 .debug_info    0x0000c425      0x5b9 ./Drivers/STM32F3xx_HAL_Driver/Src/stm32f3xx_hal_rcc_ex.o
 .debug_info    0x0000c9de     0x1622 ./Drivers/STM32F3xx_HAL_Driver/Src/stm32f3xx_hal_spi.o
 .debug_info    0x0000e000     0x163b ./Drivers/STM32F3xx_HAL_Driver/Src/stm32f3xx_ll_usb.o

.debug_abbrev   0x00000000     0x2288
 .debug_abbrev  0x00000000      0x2ab ./Core/Src/main.o
 .debug_abbrev  0x000002ab      0x20d ./Core/Src/stm32f3xx_hal_msp.o
 .debug_abbrev  0x000004b8       0x73 ./Core/Src/stm32f3xx_it.o
 .debug_abbrev  0x0000052b      0x11a ./Core/Src/system_stm32f3xx.o
 .debug_abbrev  0x00000645       0x24 ./Core/Startup/startup_stm32f303rbtx.o
 .debug_abbrev  0x00000669      0x215 ./Drivers/STM32F3xx_HAL_Driver/Src/stm32f3xx_hal.o
 .debug_abbrev  0x0000087e      0x28e ./Drivers/STM32F3xx_HAL_Driver/Src/stm32f3xx_hal_adc_ex.o
 .debug_abbrev  0x00000b0c      0x1c8 ./Drivers/STM32F3xx_HAL_Driver/Src/stm32f3xx_hal_comp.o
 .debug_abbrev  0x00000cd4      0x31e ./Drivers/STM32F3xx_HAL_Driver/Src/stm32f3xx_hal_cortex.o
 .debug_abbrev  0x00000ff2      0x1ca ./Drivers/STM32F3xx_HAL_Driver/Src/stm32f3xx_hal_gpio.o
 .debug_abbrev  0x000011bc      0x260 ./Drivers/STM32F3xx_HAL_Driver/Src/stm32f3xx_hal_i2c.o
 .debug_abbrev  0x0000141c      0x1c2 ./Drivers/STM32F3xx_HAL_Driver/Src/stm32f3xx_hal_i2c_ex.o
 .debug_abbrev  0x000015de      0x2d9 ./Drivers/STM32F3xx_HAL_Driver/Src/stm32f3xx_hal_pcd.o
 .debug_abbrev  0x000018b7      0x300 ./Drivers/STM32F3xx_HAL_Driver/Src/stm32f3xx_hal_rcc.o
 .debug_abbrev  0x00001bb7      0x221 ./Drivers/STM32F3xx_HAL_Driver/Src/stm32f3xx_hal_rcc_ex.o
 .debug_abbrev  0x00001dd8      0x269 ./Drivers/STM32F3xx_HAL_Driver/Src/stm32f3xx_hal_spi.o
 .debug_abbrev  0x00002041      0x247 ./Drivers/STM32F3xx_HAL_Driver/Src/stm32f3xx_ll_usb.o

.debug_aranges  0x00000000      0xd90
 .debug_aranges
                0x00000000       0x98 ./Core/Src/main.o
 .debug_aranges
                0x00000098       0x70 ./Core/Src/stm32f3xx_hal_msp.o
 .debug_aranges
                0x00000108       0x60 ./Core/Src/stm32f3xx_it.o
 .debug_aranges
                0x00000168       0x28 ./Core/Src/system_stm32f3xx.o
 .debug_aranges
                0x00000190       0x28 ./Core/Startup/startup_stm32f303rbtx.o
 .debug_aranges
                0x000001b8       0xe0 ./Drivers/STM32F3xx_HAL_Driver/Src/stm32f3xx_hal.o
 .debug_aranges
                0x00000298      0x168 ./Drivers/STM32F3xx_HAL_Driver/Src/stm32f3xx_hal_adc_ex.o
 .debug_aranges
                0x00000400       0x88 ./Drivers/STM32F3xx_HAL_Driver/Src/stm32f3xx_hal_comp.o
 .debug_aranges
                0x00000488      0x128 ./Drivers/STM32F3xx_HAL_Driver/Src/stm32f3xx_hal_cortex.o
 .debug_aranges
                0x000005b0       0x58 ./Drivers/STM32F3xx_HAL_Driver/Src/stm32f3xx_hal_gpio.o
 .debug_aranges
                0x00000608      0x2a0 ./Drivers/STM32F3xx_HAL_Driver/Src/stm32f3xx_hal_i2c.o
 .debug_aranges
                0x000008a8       0x48 ./Drivers/STM32F3xx_HAL_Driver/Src/stm32f3xx_hal_i2c_ex.o
 .debug_aranges
                0x000008f0      0x140 ./Drivers/STM32F3xx_HAL_Driver/Src/stm32f3xx_hal_pcd.o
 .debug_aranges
                0x00000a30       0x88 ./Drivers/STM32F3xx_HAL_Driver/Src/stm32f3xx_hal_rcc.o
 .debug_aranges
                0x00000ab8       0x38 ./Drivers/STM32F3xx_HAL_Driver/Src/stm32f3xx_hal_rcc_ex.o
 .debug_aranges
                0x00000af0      0x1d8 ./Drivers/STM32F3xx_HAL_Driver/Src/stm32f3xx_hal_spi.o
 .debug_aranges
                0x00000cc8       0xc8 ./Drivers/STM32F3xx_HAL_Driver/Src/stm32f3xx_ll_usb.o

.debug_rnglists
                0x00000000      0xa79
 .debug_rnglists
                0x00000000       0x74 ./Core/Src/main.o
 .debug_rnglists
                0x00000074       0x56 ./Core/Src/stm32f3xx_hal_msp.o
 .debug_rnglists
                0x000000ca       0x43 ./Core/Src/stm32f3xx_it.o
 .debug_rnglists
                0x0000010d       0x1a ./Core/Src/system_stm32f3xx.o
 .debug_rnglists
                0x00000127       0x19 ./Core/Startup/startup_stm32f303rbtx.o
 .debug_rnglists
                0x00000140       0xa3 ./Drivers/STM32F3xx_HAL_Driver/Src/stm32f3xx_hal.o
 .debug_rnglists
                0x000001e3      0x126 ./Drivers/STM32F3xx_HAL_Driver/Src/stm32f3xx_hal_adc_ex.o
 .debug_rnglists
                0x00000309       0x67 ./Drivers/STM32F3xx_HAL_Driver/Src/stm32f3xx_hal_comp.o
 .debug_rnglists
                0x00000370       0xda ./Drivers/STM32F3xx_HAL_Driver/Src/stm32f3xx_hal_cortex.o
 .debug_rnglists
                0x0000044a       0x3f ./Drivers/STM32F3xx_HAL_Driver/Src/stm32f3xx_hal_gpio.o
 .debug_rnglists
                0x00000489      0x228 ./Drivers/STM32F3xx_HAL_Driver/Src/stm32f3xx_hal_i2c.o
 .debug_rnglists
                0x000006b1       0x35 ./Drivers/STM32F3xx_HAL_Driver/Src/stm32f3xx_hal_i2c_ex.o
 .debug_rnglists
                0x000006e6       0xf4 ./Drivers/STM32F3xx_HAL_Driver/Src/stm32f3xx_hal_pcd.o
 .debug_rnglists
                0x000007da       0x66 ./Drivers/STM32F3xx_HAL_Driver/Src/stm32f3xx_hal_rcc.o
 .debug_rnglists
                0x00000840       0x28 ./Drivers/STM32F3xx_HAL_Driver/Src/stm32f3xx_hal_rcc_ex.o
 .debug_rnglists
                0x00000868      0x178 ./Drivers/STM32F3xx_HAL_Driver/Src/stm32f3xx_hal_spi.o
 .debug_rnglists
                0x000009e0       0x99 ./Drivers/STM32F3xx_HAL_Driver/Src/stm32f3xx_ll_usb.o

.debug_macro    0x00000000    0x1e37b
 .debug_macro   0x00000000      0x229 ./Core/Src/main.o
 .debug_macro   0x00000229      0xab4 ./Core/Src/main.o
 .debug_macro   0x00000cdd      0x163 ./Core/Src/main.o
 .debug_macro   0x00000e40       0x2e ./Core/Src/main.o
 .debug_macro   0x00000e6e       0x28 ./Core/Src/main.o
 .debug_macro   0x00000e96       0x22 ./Core/Src/main.o
 .debug_macro   0x00000eb8       0x8e ./Core/Src/main.o
 .debug_macro   0x00000f46       0x51 ./Core/Src/main.o
 .debug_macro   0x00000f97      0x103 ./Core/Src/main.o
 .debug_macro   0x0000109a       0x6a ./Core/Src/main.o
 .debug_macro   0x00001104      0x1df ./Core/Src/main.o
 .debug_macro   0x000012e3       0x1c ./Core/Src/main.o
 .debug_macro   0x000012ff       0x22 ./Core/Src/main.o
 .debug_macro   0x00001321       0xd9 ./Core/Src/main.o
 .debug_macro   0x000013fa     0x102d ./Core/Src/main.o
 .debug_macro   0x00002427      0x11f ./Core/Src/main.o
 .debug_macro   0x00002546    0x12a3a ./Core/Src/main.o
 .debug_macro   0x00014f80       0x6d ./Core/Src/main.o
 .debug_macro   0x00014fed     0x3574 ./Core/Src/main.o
 .debug_macro   0x00018561      0x189 ./Core/Src/main.o
 .debug_macro   0x000186ea       0x55 ./Core/Src/main.o
 .debug_macro   0x0001873f      0x961 ./Core/Src/main.o
 .debug_macro   0x000190a0      0x5fe ./Core/Src/main.o
 .debug_macro   0x0001969e      0x1b5 ./Core/Src/main.o
 .debug_macro   0x00019853      0x1fb ./Core/Src/main.o
 .debug_macro   0x00019a4e      0x1dc ./Core/Src/main.o
 .debug_macro   0x00019c2a      0x1bc ./Core/Src/main.o
 .debug_macro   0x00019de6       0x30 ./Core/Src/main.o
 .debug_macro   0x00019e16       0x3c ./Core/Src/main.o
 .debug_macro   0x00019e52      0x235 ./Core/Src/main.o
 .debug_macro   0x0001a087      0x9b1 ./Core/Src/main.o
 .debug_macro   0x0001aa38       0x77 ./Core/Src/main.o
 .debug_macro   0x0001aaaf       0x73 ./Core/Src/main.o
 .debug_macro   0x0001ab22      0x58d ./Core/Src/main.o
 .debug_macro   0x0001b0af       0x12 ./Core/Src/main.o
 .debug_macro   0x0001b0c1       0xc5 ./Core/Src/main.o
 .debug_macro   0x0001b186      0x21d ./Core/Src/main.o
 .debug_macro   0x0001b3a3      0x22c ./Core/Src/main.o
 .debug_macro   0x0001b5cf       0x5b ./Core/Src/main.o
 .debug_macro   0x0001b62a       0xa5 ./Core/Src/main.o
 .debug_macro   0x0001b6cf       0x73 ./Core/Src/main.o
 .debug_macro   0x0001b742      0x242 ./Core/Src/main.o
 .debug_macro   0x0001b984       0x81 ./Core/Src/main.o
 .debug_macro   0x0001ba05       0xd3 ./Core/Src/main.o
 .debug_macro   0x0001bad8      0x2fe ./Core/Src/main.o
 .debug_macro   0x0001bdd6      0x275 ./Core/Src/main.o
 .debug_macro   0x0001c04b      0x20c ./Core/Src/main.o
 .debug_macro   0x0001c257      0x229 ./Core/Src/stm32f3xx_hal_msp.o
 .debug_macro   0x0001c480      0x233 ./Core/Src/stm32f3xx_it.o
 .debug_macro   0x0001c6b3      0x21a ./Core/Src/system_stm32f3xx.o
 .debug_macro   0x0001c8cd      0x23e ./Drivers/STM32F3xx_HAL_Driver/Src/stm32f3xx_hal.o
 .debug_macro   0x0001cb0b      0x244 ./Drivers/STM32F3xx_HAL_Driver/Src/stm32f3xx_hal_adc_ex.o
 .debug_macro   0x0001cd4f      0x237 ./Drivers/STM32F3xx_HAL_Driver/Src/stm32f3xx_hal_comp.o
 .debug_macro   0x0001cf86      0x21a ./Drivers/STM32F3xx_HAL_Driver/Src/stm32f3xx_hal_cortex.o
 .debug_macro   0x0001d1a0      0x221 ./Drivers/STM32F3xx_HAL_Driver/Src/stm32f3xx_hal_gpio.o
 .debug_macro   0x0001d3c1      0x2e6 ./Drivers/STM32F3xx_HAL_Driver/Src/stm32f3xx_hal_i2c.o
 .debug_macro   0x0001d6a7      0x21a ./Drivers/STM32F3xx_HAL_Driver/Src/stm32f3xx_hal_i2c_ex.o
 .debug_macro   0x0001d8c1      0x226 ./Drivers/STM32F3xx_HAL_Driver/Src/stm32f3xx_hal_pcd.o
 .debug_macro   0x0001dae7      0x23e ./Drivers/STM32F3xx_HAL_Driver/Src/stm32f3xx_hal_rcc.o
 .debug_macro   0x0001dd25      0x21a ./Drivers/STM32F3xx_HAL_Driver/Src/stm32f3xx_hal_rcc_ex.o
 .debug_macro   0x0001df3f      0x222 ./Drivers/STM32F3xx_HAL_Driver/Src/stm32f3xx_hal_spi.o
 .debug_macro   0x0001e161      0x21a ./Drivers/STM32F3xx_HAL_Driver/Src/stm32f3xx_ll_usb.o

.debug_line     0x00000000    0x12d41
 .debug_line    0x00000000      0xc7b ./Core/Src/main.o
 .debug_line    0x00000c7b      0xacf ./Core/Src/stm32f3xx_hal_msp.o
 .debug_line    0x0000174a      0x878 ./Core/Src/stm32f3xx_it.o
 .debug_line    0x00001fc2      0x82f ./Core/Src/system_stm32f3xx.o
 .debug_line    0x000027f1       0x7a ./Core/Startup/startup_stm32f303rbtx.o
 .debug_line    0x0000286b      0xa67 ./Drivers/STM32F3xx_HAL_Driver/Src/stm32f3xx_hal.o
 .debug_line    0x000032d2     0x27d3 ./Drivers/STM32F3xx_HAL_Driver/Src/stm32f3xx_hal_adc_ex.o
 .debug_line    0x00005aa5      0xdd1 ./Drivers/STM32F3xx_HAL_Driver/Src/stm32f3xx_hal_comp.o
 .debug_line    0x00006876      0xd54 ./Drivers/STM32F3xx_HAL_Driver/Src/stm32f3xx_hal_cortex.o
 .debug_line    0x000075ca      0xbde ./Drivers/STM32F3xx_HAL_Driver/Src/stm32f3xx_hal_gpio.o
 .debug_line    0x000081a8     0x3ade ./Drivers/STM32F3xx_HAL_Driver/Src/stm32f3xx_hal_i2c.o
 .debug_line    0x0000bc86      0x9d3 ./Drivers/STM32F3xx_HAL_Driver/Src/stm32f3xx_hal_i2c_ex.o
 .debug_line    0x0000c659     0x13ef ./Drivers/STM32F3xx_HAL_Driver/Src/stm32f3xx_hal_pcd.o
 .debug_line    0x0000da48     0x13fb ./Drivers/STM32F3xx_HAL_Driver/Src/stm32f3xx_hal_rcc.o
 .debug_line    0x0000ee43      0xdb5 ./Drivers/STM32F3xx_HAL_Driver/Src/stm32f3xx_hal_rcc_ex.o
 .debug_line    0x0000fbf8     0x20a0 ./Drivers/STM32F3xx_HAL_Driver/Src/stm32f3xx_hal_spi.o
 .debug_line    0x00011c98     0x10a9 ./Drivers/STM32F3xx_HAL_Driver/Src/stm32f3xx_ll_usb.o

.debug_str      0x00000000    0xba5f4
 .debug_str     0x00000000    0xb6f22 ./Core/Src/main.o
                              0xb7784 (size before relaxing)
 .debug_str     0x000b6f22      0x136 ./Core/Src/stm32f3xx_hal_msp.o
                              0xb7345 (size before relaxing)
 .debug_str     0x000b7058       0xc9 ./Core/Src/stm32f3xx_it.o
                              0xb652e (size before relaxing)
 .debug_str     0x000b7121       0xdf ./Core/Src/system_stm32f3xx.o
                              0xb5dd5 (size before relaxing)
 .debug_str     0x000b7200       0x44 ./Core/Startup/startup_stm32f303rbtx.o
                                 0x92 (size before relaxing)
 .debug_str     0x000b7244      0x6da ./Drivers/STM32F3xx_HAL_Driver/Src/stm32f3xx_hal.o
                              0xb6613 (size before relaxing)
 .debug_str     0x000b791e      0x874 ./Drivers/STM32F3xx_HAL_Driver/Src/stm32f3xx_hal_adc_ex.o
                              0xb6adb (size before relaxing)
 .debug_str     0x000b8192      0x1f4 ./Drivers/STM32F3xx_HAL_Driver/Src/stm32f3xx_hal_comp.o
                              0xb610f (size before relaxing)
 .debug_str     0x000b8386      0x37f ./Drivers/STM32F3xx_HAL_Driver/Src/stm32f3xx_hal_cortex.o
                              0xb6697 (size before relaxing)
 .debug_str     0x000b8705       0xfd ./Drivers/STM32F3xx_HAL_Driver/Src/stm32f3xx_hal_gpio.o
                              0xb5f42 (size before relaxing)
 .debug_str     0x000b8802      0xe5a ./Drivers/STM32F3xx_HAL_Driver/Src/stm32f3xx_hal_i2c.o
                              0xb70d5 (size before relaxing)
 .debug_str     0x000b965c       0xb8 ./Drivers/STM32F3xx_HAL_Driver/Src/stm32f3xx_hal_i2c_ex.o
                              0xb62cc (size before relaxing)
 .debug_str     0x000b9714      0x527 ./Drivers/STM32F3xx_HAL_Driver/Src/stm32f3xx_hal_pcd.o
                              0xb660a (size before relaxing)
 .debug_str     0x000b9c3b      0x2c6 ./Drivers/STM32F3xx_HAL_Driver/Src/stm32f3xx_hal_rcc.o
                              0xb6275 (size before relaxing)
 .debug_str     0x000b9f01       0xbe ./Drivers/STM32F3xx_HAL_Driver/Src/stm32f3xx_hal_rcc_ex.o
                              0xb6039 (size before relaxing)
 .debug_str     0x000b9fbf      0x55d ./Drivers/STM32F3xx_HAL_Driver/Src/stm32f3xx_hal_spi.o
                              0xb66fb (size before relaxing)
 .debug_str     0x000ba51c       0xd8 ./Drivers/STM32F3xx_HAL_Driver/Src/stm32f3xx_ll_usb.o
                              0xb615f (size before relaxing)

.comment        0x00000000       0x43
 .comment       0x00000000       0x43 ./Core/Src/main.o
                                 0x44 (size before relaxing)
 .comment       0x00000043       0x44 ./Core/Src/stm32f3xx_hal_msp.o
 .comment       0x00000043       0x44 ./Core/Src/stm32f3xx_it.o
 .comment       0x00000043       0x44 ./Core/Src/system_stm32f3xx.o
 .comment       0x00000043       0x44 ./Drivers/STM32F3xx_HAL_Driver/Src/stm32f3xx_hal.o
 .comment       0x00000043       0x44 ./Drivers/STM32F3xx_HAL_Driver/Src/stm32f3xx_hal_adc_ex.o
 .comment       0x00000043       0x44 ./Drivers/STM32F3xx_HAL_Driver/Src/stm32f3xx_hal_comp.o
 .comment       0x00000043       0x44 ./Drivers/STM32F3xx_HAL_Driver/Src/stm32f3xx_hal_cortex.o
 .comment       0x00000043       0x44 ./Drivers/STM32F3xx_HAL_Driver/Src/stm32f3xx_hal_gpio.o
 .comment       0x00000043       0x44 ./Drivers/STM32F3xx_HAL_Driver/Src/stm32f3xx_hal_i2c.o
 .comment       0x00000043       0x44 ./Drivers/STM32F3xx_HAL_Driver/Src/stm32f3xx_hal_i2c_ex.o
 .comment       0x00000043       0x44 ./Drivers/STM32F3xx_HAL_Driver/Src/stm32f3xx_hal_pcd.o
 .comment       0x00000043       0x44 ./Drivers/STM32F3xx_HAL_Driver/Src/stm32f3xx_hal_rcc.o
 .comment       0x00000043       0x44 ./Drivers/STM32F3xx_HAL_Driver/Src/stm32f3xx_hal_rcc_ex.o
 .comment       0x00000043       0x44 ./Drivers/STM32F3xx_HAL_Driver/Src/stm32f3xx_hal_spi.o
 .comment       0x00000043       0x44 ./Drivers/STM32F3xx_HAL_Driver/Src/stm32f3xx_ll_usb.o

.debug_frame    0x00000000     0x3890
 .debug_frame   0x00000000      0x200 ./Core/Src/main.o
 .debug_frame   0x00000200      0x1a0 ./Core/Src/stm32f3xx_hal_msp.o
 .debug_frame   0x000003a0      0x104 ./Core/Src/stm32f3xx_it.o
 .debug_frame   0x000004a4       0x58 ./Core/Src/system_stm32f3xx.o
 .debug_frame   0x000004fc      0x334 ./Drivers/STM32F3xx_HAL_Driver/Src/stm32f3xx_hal.o
 .debug_frame   0x00000830      0x644 ./Drivers/STM32F3xx_HAL_Driver/Src/stm32f3xx_hal_adc_ex.o
 .debug_frame   0x00000e74      0x230 ./Drivers/STM32F3xx_HAL_Driver/Src/stm32f3xx_hal_comp.o
 .debug_frame   0x000010a4      0x4e8 ./Drivers/STM32F3xx_HAL_Driver/Src/stm32f3xx_hal_cortex.o
 .debug_frame   0x0000158c      0x14c ./Drivers/STM32F3xx_HAL_Driver/Src/stm32f3xx_hal_gpio.o
 .debug_frame   0x000016d8      0xc38 ./Drivers/STM32F3xx_HAL_Driver/Src/stm32f3xx_hal_i2c.o
 .debug_frame   0x00002310      0x100 ./Drivers/STM32F3xx_HAL_Driver/Src/stm32f3xx_hal_i2c_ex.o
 .debug_frame   0x00002410      0x590 ./Drivers/STM32F3xx_HAL_Driver/Src/stm32f3xx_hal_pcd.o
 .debug_frame   0x000029a0      0x214 ./Drivers/STM32F3xx_HAL_Driver/Src/stm32f3xx_hal_rcc.o
 .debug_frame   0x00002bb4       0xb0 ./Drivers/STM32F3xx_HAL_Driver/Src/stm32f3xx_hal_rcc_ex.o
 .debug_frame   0x00002c64      0x860 ./Drivers/STM32F3xx_HAL_Driver/Src/stm32f3xx_hal_spi.o
 .debug_frame   0x000034c4      0x380 ./Drivers/STM32F3xx_HAL_Driver/Src/stm32f3xx_ll_usb.o
 .debug_frame   0x00003844       0x20 E:/Windows Kits/New folder/STM32CubeIDE_1.16.1/STM32CubeIDE/plugins/com.st.stm32cube.ide.mcu.externaltools.gnu-tools-for-stm32.12.3.rel1.win32_1.0.200.202406191623/tools/bin/../lib/gcc/arm-none-eabi/12.3.1/../../../../arm-none-eabi/lib/thumb/v7e-m+fp/hard\libc_nano.a(libc_a-memset.o)
 .debug_frame   0x00003864       0x2c E:/Windows Kits/New folder/STM32CubeIDE_1.16.1/STM32CubeIDE/plugins/com.st.stm32cube.ide.mcu.externaltools.gnu-tools-for-stm32.12.3.rel1.win32_1.0.200.202406191623/tools/bin/../lib/gcc/arm-none-eabi/12.3.1/../../../../arm-none-eabi/lib/thumb/v7e-m+fp/hard\libc_nano.a(libc_a-init.o)

.debug_line_str
                0x00000000       0x76
 .debug_line_str
                0x00000000       0x76 ./Core/Startup/startup_stm32f303rbtx.o
