Archive member included to satisfy reference by file (symbol)

E:/Windows Kits/New folder/STM32CubeIDE_1.16.1/STM32CubeIDE/plugins/com.st.stm32cube.ide.mcu.externaltools.gnu-tools-for-stm32.12.3.rel1.win32_1.0.200.202406191623/tools/bin/../lib/gcc/arm-none-eabi/12.3.1/../../../../arm-none-eabi/lib/thumb/v7e-m+fp/hard\libc_nano.a(libc_a-exit.o)
                              E:/Windows Kits/New folder/STM32CubeIDE_1.16.1/STM32CubeIDE/plugins/com.st.stm32cube.ide.mcu.externaltools.gnu-tools-for-stm32.12.3.rel1.win32_1.0.200.202406191623/tools/bin/../lib/gcc/arm-none-eabi/12.3.1/../../../../arm-none-eabi/lib/thumb/v7e-m+fp/hard/crt0.o (exit)
E:/Windows Kits/New folder/STM32CubeIDE_1.16.1/STM32CubeIDE/plugins/com.st.stm32cube.ide.mcu.externaltools.gnu-tools-for-stm32.12.3.rel1.win32_1.0.200.202406191623/tools/bin/../lib/gcc/arm-none-eabi/12.3.1/../../../../arm-none-eabi/lib/thumb/v7e-m+fp/hard\libc_nano.a(libc_a-findfp.o)
                              E:/Windows Kits/New folder/STM32CubeIDE_1.16.1/STM32CubeIDE/plugins/com.st.stm32cube.ide.mcu.externaltools.gnu-tools-for-stm32.12.3.rel1.win32_1.0.200.202406191623/tools/bin/../lib/gcc/arm-none-eabi/12.3.1/../../../../arm-none-eabi/lib/thumb/v7e-m+fp/hard\libc_nano.a(libc_a-exit.o) (__stdio_exit_handler)
E:/Windows Kits/New folder/STM32CubeIDE_1.16.1/STM32CubeIDE/plugins/com.st.stm32cube.ide.mcu.externaltools.gnu-tools-for-stm32.12.3.rel1.win32_1.0.200.202406191623/tools/bin/../lib/gcc/arm-none-eabi/12.3.1/../../../../arm-none-eabi/lib/thumb/v7e-m+fp/hard\libc_nano.a(libc_a-fwalk.o)
                              E:/Windows Kits/New folder/STM32CubeIDE_1.16.1/STM32CubeIDE/plugins/com.st.stm32cube.ide.mcu.externaltools.gnu-tools-for-stm32.12.3.rel1.win32_1.0.200.202406191623/tools/bin/../lib/gcc/arm-none-eabi/12.3.1/../../../../arm-none-eabi/lib/thumb/v7e-m+fp/hard\libc_nano.a(libc_a-findfp.o) (_fwalk_sglue)
E:/Windows Kits/New folder/STM32CubeIDE_1.16.1/STM32CubeIDE/plugins/com.st.stm32cube.ide.mcu.externaltools.gnu-tools-for-stm32.12.3.rel1.win32_1.0.200.202406191623/tools/bin/../lib/gcc/arm-none-eabi/12.3.1/../../../../arm-none-eabi/lib/thumb/v7e-m+fp/hard\libc_nano.a(libc_a-stdio.o)
                              E:/Windows Kits/New folder/STM32CubeIDE_1.16.1/STM32CubeIDE/plugins/com.st.stm32cube.ide.mcu.externaltools.gnu-tools-for-stm32.12.3.rel1.win32_1.0.200.202406191623/tools/bin/../lib/gcc/arm-none-eabi/12.3.1/../../../../arm-none-eabi/lib/thumb/v7e-m+fp/hard\libc_nano.a(libc_a-findfp.o) (__sread)
E:/Windows Kits/New folder/STM32CubeIDE_1.16.1/STM32CubeIDE/plugins/com.st.stm32cube.ide.mcu.externaltools.gnu-tools-for-stm32.12.3.rel1.win32_1.0.200.202406191623/tools/bin/../lib/gcc/arm-none-eabi/12.3.1/../../../../arm-none-eabi/lib/thumb/v7e-m+fp/hard\libc_nano.a(libc_a-memset.o)
                              E:/Windows Kits/New folder/STM32CubeIDE_1.16.1/STM32CubeIDE/plugins/com.st.stm32cube.ide.mcu.externaltools.gnu-tools-for-stm32.12.3.rel1.win32_1.0.200.202406191623/tools/bin/../lib/gcc/arm-none-eabi/12.3.1/../../../../arm-none-eabi/lib/thumb/v7e-m+fp/hard/crt0.o (memset)
E:/Windows Kits/New folder/STM32CubeIDE_1.16.1/STM32CubeIDE/plugins/com.st.stm32cube.ide.mcu.externaltools.gnu-tools-for-stm32.12.3.rel1.win32_1.0.200.202406191623/tools/bin/../lib/gcc/arm-none-eabi/12.3.1/../../../../arm-none-eabi/lib/thumb/v7e-m+fp/hard\libc_nano.a(libc_a-closer.o)
                              E:/Windows Kits/New folder/STM32CubeIDE_1.16.1/STM32CubeIDE/plugins/com.st.stm32cube.ide.mcu.externaltools.gnu-tools-for-stm32.12.3.rel1.win32_1.0.200.202406191623/tools/bin/../lib/gcc/arm-none-eabi/12.3.1/../../../../arm-none-eabi/lib/thumb/v7e-m+fp/hard\libc_nano.a(libc_a-stdio.o) (_close_r)
E:/Windows Kits/New folder/STM32CubeIDE_1.16.1/STM32CubeIDE/plugins/com.st.stm32cube.ide.mcu.externaltools.gnu-tools-for-stm32.12.3.rel1.win32_1.0.200.202406191623/tools/bin/../lib/gcc/arm-none-eabi/12.3.1/../../../../arm-none-eabi/lib/thumb/v7e-m+fp/hard\libc_nano.a(libc_a-reent.o)
                              E:/Windows Kits/New folder/STM32CubeIDE_1.16.1/STM32CubeIDE/plugins/com.st.stm32cube.ide.mcu.externaltools.gnu-tools-for-stm32.12.3.rel1.win32_1.0.200.202406191623/tools/bin/../lib/gcc/arm-none-eabi/12.3.1/../../../../arm-none-eabi/lib/thumb/v7e-m+fp/hard\libc_nano.a(libc_a-closer.o) (errno)
E:/Windows Kits/New folder/STM32CubeIDE_1.16.1/STM32CubeIDE/plugins/com.st.stm32cube.ide.mcu.externaltools.gnu-tools-for-stm32.12.3.rel1.win32_1.0.200.202406191623/tools/bin/../lib/gcc/arm-none-eabi/12.3.1/../../../../arm-none-eabi/lib/thumb/v7e-m+fp/hard\libc_nano.a(libc_a-impure.o)
                              E:/Windows Kits/New folder/STM32CubeIDE_1.16.1/STM32CubeIDE/plugins/com.st.stm32cube.ide.mcu.externaltools.gnu-tools-for-stm32.12.3.rel1.win32_1.0.200.202406191623/tools/bin/../lib/gcc/arm-none-eabi/12.3.1/../../../../arm-none-eabi/lib/thumb/v7e-m+fp/hard\libc_nano.a(libc_a-reent.o) (_impure_ptr)
[...]
Memory Configuration

Name             Origin             Length             Attributes
CCMRAM           0x10000000         0x00002000         xrw
RAM              0x20000000         0x00008000         xrw
FLASH            0x08000000         0x00020000         xr
*default*        0x00000000         0xffffffff

Linker script and memory map

LOAD E:/Windows Kits/New folder/STM32CubeIDE_1.16.1/STM32CubeIDE/plugins/com.st.stm32cube.ide.mcu.externaltools.gnu-tools-for-stm32.12.3.rel1.win32_1.0.200.202406191623/tools/bin/../lib/gcc/arm-none-eabi/12.3.1/thumb/v7e-m+fp/hard/crti.o
LOAD E:/Windows Kits/New folder/STM32CubeIDE_1.16.1/STM32CubeIDE/plugins/com.st.stm32cube.ide.mcu.externaltools.gnu-tools-for-stm32.12.3.rel1.win32_1.0.200.202406191623/tools/bin/../lib/gcc/arm-none-eabi/12.3.1/thumb/v7e-m+fp/hard/crtbegin.o
LOAD E:/Windows Kits/New folder/STM32CubeIDE_1.16.1/STM32CubeIDE/plugins/com.st.stm32cube.ide.mcu.externaltools.gnu-tools-for-stm32.12.3.rel1.win32_1.0.200.202406191623/tools/bin/../lib/gcc/arm-none-eabi/12.3.1/../../../../arm-none-eabi/lib/thumb/v7e-m+fp/hard/crt0.o
LOAD ./Core/Src/main.o
LOAD ./Core/Src/stm32f3xx_hal_msp.o
LOAD ./Core/Src/stm32f3xx_hal_timebase_tim.o
LOAD ./Core/Src/stm32f3xx_it.o
LOAD ./Core/Src/syscalls.o
LOAD ./Core/Src/sysmem.o
LOAD ./Core/Src/system_stm32f3xx.o
LOAD ./Core/Startup/startup_stm32f303rbtx.o
LOAD ./Drivers/OLED/ssd1306.o
LOAD ./Drivers/OLED/ssd1306_fonts.o
LOAD ./Drivers/STM32F3xx_HAL_Driver/Src/stm32f3xx_hal.o
LOAD ./Drivers/STM32F3xx_HAL_Driver/Src/stm32f3xx_hal_adc.o
LOAD ./Drivers/STM32F3xx_HAL_Driver/Src/stm32f3xx_hal_adc_ex.o
LOAD ./Drivers/STM32F3xx_HAL_Driver/Src/stm32f3xx_hal_comp.o
LOAD ./Drivers/STM32F3xx_HAL_Driver/Src/stm32f3xx_hal_cortex.o
LOAD ./Drivers/STM32F3xx_HAL_Driver/Src/stm32f3xx_hal_dma.o
LOAD ./Drivers/STM32F3xx_HAL_Driver/Src/stm32f3xx_hal_exti.o
LOAD ./Drivers/STM32F3xx_HAL_Driver/Src/stm32f3xx_hal_flash.o
LOAD ./Drivers/STM32F3xx_HAL_Driver/Src/stm32f3xx_hal_flash_ex.o
LOAD ./Drivers/STM32F3xx_HAL_Driver/Src/stm32f3xx_hal_gpio.o
LOAD ./Drivers/STM32F3xx_HAL_Driver/Src/stm32f3xx_hal_i2c.o
LOAD ./Drivers/STM32F3xx_HAL_Driver/Src/stm32f3xx_hal_i2c_ex.o
LOAD ./Drivers/STM32F3xx_HAL_Driver/Src/stm32f3xx_hal_pcd.o
LOAD ./Drivers/STM32F3xx_HAL_Driver/Src/stm32f3xx_hal_pcd_ex.o
LOAD ./Drivers/STM32F3xx_HAL_Driver/Src/stm32f3xx_hal_pwr.o
LOAD ./Drivers/STM32F3xx_HAL_Driver/Src/stm32f3xx_hal_pwr_ex.o
LOAD ./Drivers/STM32F3xx_HAL_Driver/Src/stm32f3xx_hal_rcc.o
LOAD ./Drivers/STM32F3xx_HAL_Driver/Src/stm32f3xx_hal_rcc_ex.o
LOAD ./Drivers/STM32F3xx_HAL_Driver/Src/stm32f3xx_hal_spi.o
LOAD ./Drivers/STM32F3xx_HAL_Driver/Src/stm32f3xx_hal_spi_ex.o
LOAD ./Drivers/STM32F3xx_HAL_Driver/Src/stm32f3xx_hal_tim.o
LOAD ./Drivers/STM32F3xx_HAL_Driver/Src/stm32f3xx_hal_tim_ex.o
LOAD ./Drivers/STM32F3xx_HAL_Driver/Src/stm32f3xx_ll_usb.o
START GROUP
LOAD E:/Windows Kits/New folder/STM32CubeIDE_1.16.1/STM32CubeIDE/plugins/com.st.stm32cube.ide.mcu.externaltools.gnu-tools-for-stm32.12.3.rel1.win32_1.0.200.202406191623/tools/bin/../lib/gcc/arm-none-eabi/12.3.1/../../../../arm-none-eabi/lib/thumb/v7e-m+fp/hard\libc_nano.a
LOAD E:/Windows Kits/New folder/STM32CubeIDE_1.16.1/STM32CubeIDE/plugins/com.st.stm32cube.ide.mcu.externaltools.gnu-tools-for-stm32.12.3.rel1.win32_1.0.200.202406191623/tools/bin/../lib/gcc/arm-none-eabi/12.3.1/../../../../arm-none-eabi/lib/thumb/v7e-m+fp/hard\libm.a
END GROUP
START GROUP
LOAD E:/Windows Kits/New folder/STM32CubeIDE_1.16.1/STM32CubeIDE/plugins/com.st.stm32cube.ide.mcu.externaltools.gnu-tools-for-stm32.12.3.rel1.win32_1.0.200.202406191623/tools/bin/../lib/gcc/arm-none-eabi/12.3.1/thumb/v7e-m+fp/hard\libgcc.a
LOAD E:/Windows Kits/New folder/STM32CubeIDE_1.16.1/STM32CubeIDE/plugins/com.st.stm32cube.ide.mcu.externaltools.gnu-tools-for-stm32.12.3.rel1.win32_1.0.200.202406191623/tools/bin/../lib/gcc/arm-none-eabi/12.3.1/../../../../arm-none-eabi/lib/thumb/v7e-m+fp/hard\libc_nano.a
END GROUP
START GROUP
LOAD E:/Windows Kits/New folder/STM32CubeIDE_1.16.1/STM32CubeIDE/plugins/com.st.stm32cube.ide.mcu.externaltools.gnu-tools-for-stm32.12.3.rel1.win32_1.0.200.202406191623/tools/bin/../lib/gcc/arm-none-eabi/12.3.1/thumb/v7e-m+fp/hard\libgcc.a
LOAD E:/Windows Kits/New folder/STM32CubeIDE_1.16.1/STM32CubeIDE/plugins/com.st.stm32cube.ide.mcu.externaltools.gnu-tools-for-stm32.12.3.rel1.win32_1.0.200.202406191623/tools/bin/../lib/gcc/arm-none-eabi/12.3.1/../../../../arm-none-eabi/lib/thumb/v7e-m+fp/hard\libc_nano.a
LOAD E:/Windows Kits/New folder/STM32CubeIDE_1.16.1/STM32CubeIDE/plugins/com.st.stm32cube.ide.mcu.externaltools.gnu-tools-for-stm32.12.3.rel1.win32_1.0.200.202406191623/tools/bin/../lib/gcc/arm-none-eabi/12.3.1/../../../../arm-none-eabi/lib/thumb/v7e-m+fp/hard\libnosys.a
END GROUP
START GROUP
LOAD E:/Windows Kits/New folder/STM32CubeIDE_1.16.1/STM32CubeIDE/plugins/com.st.stm32cube.ide.mcu.externaltools.gnu-tools-for-stm32.12.3.rel1.win32_1.0.200.202406191623/tools/bin/../lib/gcc/arm-none-eabi/12.3.1/thumb/v7e-m+fp/hard\libgcc.a
LOAD E:/Windows Kits/New folder/STM32CubeIDE_1.16.1/STM32CubeIDE/plugins/com.st.stm32cube.ide.mcu.externaltools.gnu-tools-for-stm32.12.3.rel1.win32_1.0.200.202406191623/tools/bin/../lib/gcc/arm-none-eabi/12.3.1/../../../../arm-none-eabi/lib/thumb/v7e-m+fp/hard\libc_nano.a
LOAD E:/Windows Kits/New folder/STM32CubeIDE_1.16.1/STM32CubeIDE/plugins/com.st.stm32cube.ide.mcu.externaltools.gnu-tools-for-stm32.12.3.rel1.win32_1.0.200.202406191623/tools/bin/../lib/gcc/arm-none-eabi/12.3.1/../../../../arm-none-eabi/lib/thumb/v7e-m+fp/hard\libnosys.a
END GROUP
LOAD E:/Windows Kits/New folder/STM32CubeIDE_1.16.1/STM32CubeIDE/plugins/com.st.stm32cube.ide.mcu.externaltools.gnu-tools-for-stm32.12.3.rel1.win32_1.0.200.202406191623/tools/bin/../lib/gcc/arm-none-eabi/12.3.1/thumb/v7e-m+fp/hard/crtend.o
LOAD E:/Windows Kits/New folder/STM32CubeIDE_1.16.1/STM32CubeIDE/plugins/com.st.stm32cube.ide.mcu.externaltools.gnu-tools-for-stm32.12.3.rel1.win32_1.0.200.202406191623/tools/bin/../lib/gcc/arm-none-eabi/12.3.1/thumb/v7e-m+fp/hard/crtn.o
                0x20008000                        _estack = (ORIGIN (RAM) + LENGTH (RAM))
                0x00000200                        _Min_Heap_Size = 0x200
                0x00000400                        _Min_Stack_Size = 0x400

.isr_vector     0x08000000      0x188
                0x08000000                        . = ALIGN (0x4)
 *(.isr_vector)
 .isr_vector    0x08000000      0x188 ./Core/Startup/startup_stm32f303rbtx.o
                0x08000000                g_pfnVectors
                0x08000188                        . = ALIGN (0x4)

.text           0x08000188     0x5f00
                0x08000188                        . = ALIGN (0x4)
 *(.text)
 .text          0x08000188       0x40 E:/Windows Kits/New folder/STM32CubeIDE_1.16.1/STM32CubeIDE/plugins/com.st.stm32cube.ide.mcu.externaltools.gnu-tools-for-stm32.12.3.rel1.win32_1.0.200.202406191623/tools/bin/../lib/gcc/arm-none-eabi/12.3.1/thumb/v7e-m+fp/hard/crtbegin.o
 *(.text*)
 .text.main     0x080001c8       0x80 ./Core/Src/main.o
                0x080001c8                main
 .text.SystemClock_Config
                0x08000248       0xc0 ./Core/Src/main.o
                0x08000248                SystemClock_Config
 .text.MX_ADC1_Init
                0x08000308       0xe0 ./Core/Src/main.o
 .text.MX_ADC2_Init
                0x080003e8       0xbc ./Core/Src/main.o
 .text.MX_ADC3_Init
                0x080004a4       0xe4 ./Core/Src/main.o
 .text.MX_ADC4_Init
                0x08000588       0xbc ./Core/Src/main.o
 .text.MX_COMP3_Init
                0x08000644       0x5c ./Core/Src/main.o
 .text.MX_COMP4_Init
                0x080006a0       0x5c ./Core/Src/main.o
 .text.MX_COMP5_Init
                0x080006fc       0x5c ./Core/Src/main.o
 .text.MX_COMP6_Init
                0x08000758       0x5c ./Core/Src/main.o
 .text.MX_I2C2_Init
                0x080007b4       0x80 ./Core/Src/main.o
 .text.MX_SPI1_Init
                0x08000834       0x7c ./Core/Src/main.o
 .text.MX_SPI3_Init
                0x080008b0       0x7c ./Core/Src/main.o
 .text.MX_USB_PCD_Init
                0x0800092c       0x44 ./Core/Src/main.o
 .text.MX_DMA_Init
                0x08000970       0x84 ./Core/Src/main.o
 .text.MX_GPIO_Init
                0x080009f4      0x188 ./Core/Src/main.o
 .text.HAL_TIM_PeriodElapsedCallback
                0x08000b7c       0x24 ./Core/Src/main.o
                0x08000b7c                HAL_TIM_PeriodElapsedCallback
 .text.Error_Handler
                0x08000ba0        0xc ./Core/Src/main.o
                0x08000ba0                Error_Handler
 .text.HAL_MspInit
                0x08000bac       0x48 ./Core/Src/stm32f3xx_hal_msp.o
                0x08000bac                HAL_MspInit
 .text.HAL_ADC_MspInit
                0x08000bf4      0x390 ./Core/Src/stm32f3xx_hal_msp.o
                0x08000bf4                HAL_ADC_MspInit
 .text.HAL_COMP_MspInit
                0x08000f84      0x190 ./Core/Src/stm32f3xx_hal_msp.o
                0x08000f84                HAL_COMP_MspInit
 .text.HAL_I2C_MspInit
                0x08001114       0x88 ./Core/Src/stm32f3xx_hal_msp.o
                0x08001114                HAL_I2C_MspInit
 .text.HAL_SPI_MspInit
                0x0800119c       0xec ./Core/Src/stm32f3xx_hal_msp.o
                0x0800119c                HAL_SPI_MspInit
 .text.HAL_PCD_MspInit
                0x08001288       0x88 ./Core/Src/stm32f3xx_hal_msp.o
                0x08001288                HAL_PCD_MspInit
 .text.HAL_InitTick
                0x08001310       0xe0 ./Core/Src/stm32f3xx_hal_timebase_tim.o
                0x08001310                HAL_InitTick
 .text.NMI_Handler
                0x080013f0        0x8 ./Core/Src/stm32f3xx_it.o
                0x080013f0                NMI_Handler
 .text.HardFault_Handler
                0x080013f8        0x8 ./Core/Src/stm32f3xx_it.o
                0x080013f8                HardFault_Handler
 .text.MemManage_Handler
                0x08001400        0x8 ./Core/Src/stm32f3xx_it.o
                0x08001400                MemManage_Handler
 .text.BusFault_Handler
                0x08001408        0x8 ./Core/Src/stm32f3xx_it.o
                0x08001408                BusFault_Handler
 .text.UsageFault_Handler
                0x08001410        0x8 ./Core/Src/stm32f3xx_it.o
                0x08001410                UsageFault_Handler
 .text.SVC_Handler
                0x08001418        0xe ./Core/Src/stm32f3xx_it.o
                0x08001418                SVC_Handler
 .text.DebugMon_Handler
                0x08001426        0xe ./Core/Src/stm32f3xx_it.o
                0x08001426                DebugMon_Handler
 .text.PendSV_Handler
                0x08001434        0xe ./Core/Src/stm32f3xx_it.o
                0x08001434                PendSV_Handler
 .text.SysTick_Handler
                0x08001442        0xe ./Core/Src/stm32f3xx_it.o
                0x08001442                SysTick_Handler
 .text.DMA1_Channel1_IRQHandler
                0x08001450       0x14 ./Core/Src/stm32f3xx_it.o
                0x08001450                DMA1_Channel1_IRQHandler
 .text.ADC1_2_IRQHandler
                0x08001464       0x1c ./Core/Src/stm32f3xx_it.o
                0x08001464                ADC1_2_IRQHandler
 .text.TIM1_UP_TIM16_IRQHandler
                0x08001480       0x14 ./Core/Src/stm32f3xx_it.o
                0x08001480                TIM1_UP_TIM16_IRQHandler
 .text.ADC3_IRQHandler
                0x08001494       0x14 ./Core/Src/stm32f3xx_it.o
                0x08001494                ADC3_IRQHandler
 .text.DMA2_Channel1_IRQHandler
                0x080014a8       0x14 ./Core/Src/stm32f3xx_it.o
                0x080014a8                DMA2_Channel1_IRQHandler
 .text.DMA2_Channel2_IRQHandler
                0x080014bc       0x14 ./Core/Src/stm32f3xx_it.o
                0x080014bc                DMA2_Channel2_IRQHandler
 .text.DMA2_Channel5_IRQHandler
                0x080014d0       0x14 ./Core/Src/stm32f3xx_it.o
                0x080014d0                DMA2_Channel5_IRQHandler
 .text.ADC4_IRQHandler
                0x080014e4       0x14 ./Core/Src/stm32f3xx_it.o
                0x080014e4                ADC4_IRQHandler
 .text.SystemInit
                0x080014f8       0x24 ./Core/Src/system_stm32f3xx.o
                0x080014f8                SystemInit
 .text.Reset_Handler
                0x0800151c       0x50 ./Core/Startup/startup_stm32f303rbtx.o
                0x0800151c                Reset_Handler
 .text.Default_Handler
                0x0800156c        0x2 ./Core/Startup/startup_stm32f303rbtx.o
                0x0800156c                RTC_Alarm_IRQHandler
                0x0800156c                TIM8_TRG_COM_IRQHandler
                0x0800156c                TIM8_CC_IRQHandler
                0x0800156c                TIM1_CC_IRQHandler
                0x0800156c                USB_HP_IRQHandler
                0x0800156c                PVD_IRQHandler
                0x0800156c                TAMP_STAMP_IRQHandler
                0x0800156c                EXTI3_IRQHandler
                0x0800156c                USB_HP_CAN_TX_IRQHandler
                0x0800156c                EXTI0_IRQHandler
                0x0800156c                I2C2_EV_IRQHandler
                0x0800156c                FPU_IRQHandler
                0x0800156c                SPI1_IRQHandler
                0x0800156c                CAN_SCE_IRQHandler
                0x0800156c                TIM6_DAC_IRQHandler
                0x0800156c                TIM8_UP_IRQHandler
                0x0800156c                DMA1_Channel4_IRQHandler
                0x0800156c                USART3_IRQHandler
                0x0800156c                DMA1_Channel7_IRQHandler
                0x0800156c                UART5_IRQHandler
                0x0800156c                TIM4_IRQHandler
                0x0800156c                CAN_RX1_IRQHandler
                0x0800156c                I2C1_EV_IRQHandler
                0x0800156c                DMA1_Channel6_IRQHandler
                0x0800156c                UART4_IRQHandler
                0x0800156c                DMA2_Channel4_IRQHandler
                0x0800156c                TIM3_IRQHandler
                0x0800156c                RCC_IRQHandler
                0x0800156c                Default_Handler
                0x0800156c                USBWakeUp_RMP_IRQHandler
                0x0800156c                EXTI15_10_IRQHandler
                0x0800156c                TIM7_IRQHandler
                0x0800156c                EXTI9_5_IRQHandler
                0x0800156c                RTC_WKUP_IRQHandler
                0x0800156c                SPI2_IRQHandler
                0x0800156c                USB_LP_CAN_RX0_IRQHandler
                0x0800156c                DMA1_Channel5_IRQHandler
                0x0800156c                USB_LP_IRQHandler
                0x0800156c                EXTI4_IRQHandler
                0x0800156c                TIM1_TRG_COM_TIM17_IRQHandler
                0x0800156c                DMA1_Channel3_IRQHandler
                0x0800156c                WWDG_IRQHandler
                0x0800156c                TIM2_IRQHandler
                0x0800156c                COMP7_IRQHandler
                0x0800156c                COMP1_2_3_IRQHandler
                0x0800156c                EXTI1_IRQHandler
                0x0800156c                USART2_IRQHandler
                0x0800156c                COMP4_5_6_IRQHandler
                0x0800156c                I2C2_ER_IRQHandler
                0x0800156c                DMA1_Channel2_IRQHandler
                0x0800156c                TIM8_BRK_IRQHandler
                0x0800156c                FLASH_IRQHandler
                0x0800156c                USART1_IRQHandler
                0x0800156c                SPI3_IRQHandler
                0x0800156c                I2C1_ER_IRQHandler
                0x0800156c                USBWakeUp_IRQHandler
                0x0800156c                DMA2_Channel3_IRQHandler
                0x0800156c                EXTI2_TSC_IRQHandler
                0x0800156c                TIM1_BRK_TIM15_IRQHandler
 .text.ssd1306_Reset
                0x0800156e        0xe ./Drivers/OLED/ssd1306.o
                0x0800156e                ssd1306_Reset
 .text.ssd1306_WriteCommand
                0x0800157c       0x30 ./Drivers/OLED/ssd1306.o
                0x0800157c                ssd1306_WriteCommand
 .text.ssd1306_WriteData
                0x080015ac       0x34 ./Drivers/OLED/ssd1306.o
                0x080015ac                ssd1306_WriteData
 .text.ssd1306_Init
                0x080015e0       0xd4 ./Drivers/OLED/ssd1306.o
                0x080015e0                ssd1306_Init
 .text.ssd1306_Fill
                0x080016b4       0x30 ./Drivers/OLED/ssd1306.o
                0x080016b4                ssd1306_Fill
 .text.ssd1306_UpdateScreen
                0x080016e4       0x50 ./Drivers/OLED/ssd1306.o
                0x080016e4                ssd1306_UpdateScreen
 .text.ssd1306_DrawPixel
                0x08001734       0xa8 ./Drivers/OLED/ssd1306.o
                0x08001734                ssd1306_DrawPixel
 .text.ssd1306_WriteChar
                0x080017dc      0x124 ./Drivers/OLED/ssd1306.o
                0x080017dc                ssd1306_WriteChar
 .text.ssd1306_WriteString
                0x08001900       0x4c ./Drivers/OLED/ssd1306.o
                0x08001900                ssd1306_WriteString
 .text.ssd1306_SetCursor
                0x0800194c       0x30 ./Drivers/OLED/ssd1306.o
                0x0800194c                ssd1306_SetCursor
 .text.ssd1306_SetContrast
                0x0800197c       0x26 ./Drivers/OLED/ssd1306.o
                0x0800197c                ssd1306_SetContrast
 *fill*         0x080019a2        0x2 
 .text.ssd1306_SetDisplayOn
                0x080019a4       0x3c ./Drivers/OLED/ssd1306.o
                0x080019a4                ssd1306_SetDisplayOn
 .text.HAL_Init
                0x080019e0       0x2c ./Drivers/STM32F3xx_HAL_Driver/Src/stm32f3xx_hal.o
                0x080019e0                HAL_Init
 .text.HAL_IncTick
                0x08001a0c       0x28 ./Drivers/STM32F3xx_HAL_Driver/Src/stm32f3xx_hal.o
                0x08001a0c                HAL_IncTick
 .text.HAL_GetTick
                0x08001a34       0x18 ./Drivers/STM32F3xx_HAL_Driver/Src/stm32f3xx_hal.o
                0x08001a34                HAL_GetTick
 .text.HAL_Delay
                0x08001a4c       0x48 ./Drivers/STM32F3xx_HAL_Driver/Src/stm32f3xx_hal.o
                0x08001a4c                HAL_Delay
 .text.HAL_ADC_ConvCpltCallback
                0x08001a94       0x14 ./Drivers/STM32F3xx_HAL_Driver/Src/stm32f3xx_hal_adc.o
                0x08001a94                HAL_ADC_ConvCpltCallback
 .text.HAL_ADC_LevelOutOfWindowCallback
                0x08001aa8       0x14 ./Drivers/STM32F3xx_HAL_Driver/Src/stm32f3xx_hal_adc.o
                0x08001aa8                HAL_ADC_LevelOutOfWindowCallback
 .text.HAL_ADC_ErrorCallback
                0x08001abc       0x14 ./Drivers/STM32F3xx_HAL_Driver/Src/stm32f3xx_hal_adc.o
                0x08001abc                HAL_ADC_ErrorCallback
 .text.HAL_ADC_Init
                0x08001ad0      0x3c0 ./Drivers/STM32F3xx_HAL_Driver/Src/stm32f3xx_hal_adc_ex.o
                0x08001ad0                HAL_ADC_Init
 .text.HAL_ADC_IRQHandler
                0x08001e90      0x5cc ./Drivers/STM32F3xx_HAL_Driver/Src/stm32f3xx_hal_adc_ex.o
                0x08001e90                HAL_ADC_IRQHandler
 .text.HAL_ADCEx_InjectedConvCpltCallback
                0x0800245c       0x14 ./Drivers/STM32F3xx_HAL_Driver/Src/stm32f3xx_hal_adc_ex.o
                0x0800245c                HAL_ADCEx_InjectedConvCpltCallback
 .text.HAL_ADCEx_InjectedQueueOverflowCallback
                0x08002470       0x14 ./Drivers/STM32F3xx_HAL_Driver/Src/stm32f3xx_hal_adc_ex.o
                0x08002470                HAL_ADCEx_InjectedQueueOverflowCallback
 .text.HAL_ADCEx_LevelOutOfWindow2Callback
                0x08002484       0x14 ./Drivers/STM32F3xx_HAL_Driver/Src/stm32f3xx_hal_adc_ex.o
                0x08002484                HAL_ADCEx_LevelOutOfWindow2Callback
 .text.HAL_ADCEx_LevelOutOfWindow3Callback
                0x08002498       0x14 ./Drivers/STM32F3xx_HAL_Driver/Src/stm32f3xx_hal_adc_ex.o
                0x08002498                HAL_ADCEx_LevelOutOfWindow3Callback
 .text.HAL_ADC_ConfigChannel
                0x080024ac      0x5d4 ./Drivers/STM32F3xx_HAL_Driver/Src/stm32f3xx_hal_adc_ex.o
                0x080024ac                HAL_ADC_ConfigChannel
 .text.HAL_ADCEx_MultiModeConfigChannel
                0x08002a80      0x1e4 ./Drivers/STM32F3xx_HAL_Driver/Src/stm32f3xx_hal_adc_ex.o
                0x08002a80                HAL_ADCEx_MultiModeConfigChannel
 .text.ADC_Disable
                0x08002c64       0xcc ./Drivers/STM32F3xx_HAL_Driver/Src/stm32f3xx_hal_adc_ex.o
 .text.HAL_COMP_Init
                0x08002d30      0x154 ./Drivers/STM32F3xx_HAL_Driver/Src/stm32f3xx_hal_comp.o
                0x08002d30                HAL_COMP_Init
 .text.__NVIC_SetPriorityGrouping
                0x08002e84       0x48 ./Drivers/STM32F3xx_HAL_Driver/Src/stm32f3xx_hal_cortex.o
 .text.__NVIC_GetPriorityGrouping
                0x08002ecc       0x1c ./Drivers/STM32F3xx_HAL_Driver/Src/stm32f3xx_hal_cortex.o
 .text.__NVIC_EnableIRQ
                0x08002ee8       0x3c ./Drivers/STM32F3xx_HAL_Driver/Src/stm32f3xx_hal_cortex.o
 .text.__NVIC_SetPriority
                0x08002f24       0x54 ./Drivers/STM32F3xx_HAL_Driver/Src/stm32f3xx_hal_cortex.o
 .text.NVIC_EncodePriority
                0x08002f78       0x66 ./Drivers/STM32F3xx_HAL_Driver/Src/stm32f3xx_hal_cortex.o
 .text.HAL_NVIC_SetPriorityGrouping
                0x08002fde       0x16 ./Drivers/STM32F3xx_HAL_Driver/Src/stm32f3xx_hal_cortex.o
                0x08002fde                HAL_NVIC_SetPriorityGrouping
 .text.HAL_NVIC_SetPriority
                0x08002ff4       0x38 ./Drivers/STM32F3xx_HAL_Driver/Src/stm32f3xx_hal_cortex.o
                0x08002ff4                HAL_NVIC_SetPriority
 .text.HAL_NVIC_EnableIRQ
                0x0800302c       0x1c ./Drivers/STM32F3xx_HAL_Driver/Src/stm32f3xx_hal_cortex.o
                0x0800302c                HAL_NVIC_EnableIRQ
 .text.HAL_DMA_Init
                0x08003048       0x8e ./Drivers/STM32F3xx_HAL_Driver/Src/stm32f3xx_hal_dma.o
                0x08003048                HAL_DMA_Init
 .text.HAL_DMA_IRQHandler
                0x080030d6      0x146 ./Drivers/STM32F3xx_HAL_Driver/Src/stm32f3xx_hal_dma.o
                0x080030d6                HAL_DMA_IRQHandler
 .text.DMA_CalcBaseAndBitshift
                0x0800321c       0x78 ./Drivers/STM32F3xx_HAL_Driver/Src/stm32f3xx_hal_dma.o
 .text.HAL_GPIO_Init
                0x08003294      0x2f4 ./Drivers/STM32F3xx_HAL_Driver/Src/stm32f3xx_hal_gpio.o
                0x08003294                HAL_GPIO_Init
 .text.HAL_GPIO_WritePin
                0x08003588       0x30 ./Drivers/STM32F3xx_HAL_Driver/Src/stm32f3xx_hal_gpio.o
                0x08003588                HAL_GPIO_WritePin
 .text.HAL_I2C_Init
                0x080035b8      0x136 ./Drivers/STM32F3xx_HAL_Driver/Src/stm32f3xx_hal_i2c.o
                0x080035b8                HAL_I2C_Init
 *fill*         0x080036ee        0x2 
 .text.HAL_I2C_Mem_Write
                0x080036f0      0x228 ./Drivers/STM32F3xx_HAL_Driver/Src/stm32f3xx_hal_i2c.o
                0x080036f0                HAL_I2C_Mem_Write
 .text.I2C_RequestMemoryWrite
                0x08003918       0xa8 ./Drivers/STM32F3xx_HAL_Driver/Src/stm32f3xx_hal_i2c.o
 .text.I2C_Flush_TXDR
                0x080039c0       0x48 ./Drivers/STM32F3xx_HAL_Driver/Src/stm32f3xx_hal_i2c.o
 .text.I2C_WaitOnFlagUntilTimeout
                0x08003a08       0xb2 ./Drivers/STM32F3xx_HAL_Driver/Src/stm32f3xx_hal_i2c.o
 .text.I2C_WaitOnTXISFlagUntilTimeout
                0x08003aba       0x8e ./Drivers/STM32F3xx_HAL_Driver/Src/stm32f3xx_hal_i2c.o
 .text.I2C_WaitOnSTOPFlagUntilTimeout
                0x08003b48       0x86 ./Drivers/STM32F3xx_HAL_Driver/Src/stm32f3xx_hal_i2c.o
 *fill*         0x08003bce        0x2 
 .text.I2C_IsErrorOccurred
                0x08003bd0      0x1c0 ./Drivers/STM32F3xx_HAL_Driver/Src/stm32f3xx_hal_i2c.o
 .text.I2C_TransferConfig
                0x08003d90       0x64 ./Drivers/STM32F3xx_HAL_Driver/Src/stm32f3xx_hal_i2c.o
 .text.HAL_I2CEx_ConfigAnalogFilter
                0x08003df4       0x96 ./Drivers/STM32F3xx_HAL_Driver/Src/stm32f3xx_hal_i2c_ex.o
                0x08003df4                HAL_I2CEx_ConfigAnalogFilter
 .text.HAL_I2CEx_ConfigDigitalFilter
                0x08003e8a       0x98 ./Drivers/STM32F3xx_HAL_Driver/Src/stm32f3xx_hal_i2c_ex.o
                0x08003e8a                HAL_I2CEx_ConfigDigitalFilter
 .text.HAL_PCD_Init
                0x08003f22      0x18e ./Drivers/STM32F3xx_HAL_Driver/Src/stm32f3xx_hal_pcd.o
                0x08003f22                HAL_PCD_Init
 .text.HAL_RCC_OscConfig
                0x080040b0     0x107c ./Drivers/STM32F3xx_HAL_Driver/Src/stm32f3xx_hal_rcc.o
                0x080040b0                HAL_RCC_OscConfig
 .text.HAL_RCC_ClockConfig
                0x0800512c      0x2f8 ./Drivers/STM32F3xx_HAL_Driver/Src/stm32f3xx_hal_rcc.o
                0x0800512c                HAL_RCC_ClockConfig
 .text.HAL_RCC_GetSysClockFreq
                0x08005424       0xac ./Drivers/STM32F3xx_HAL_Driver/Src/stm32f3xx_hal_rcc.o
                0x08005424                HAL_RCC_GetSysClockFreq
 .text.HAL_RCC_GetHCLKFreq
                0x080054d0       0x18 ./Drivers/STM32F3xx_HAL_Driver/Src/stm32f3xx_hal_rcc.o
                0x080054d0                HAL_RCC_GetHCLKFreq
 .text.HAL_RCC_GetPCLK2Freq
                0x080054e8       0x44 ./Drivers/STM32F3xx_HAL_Driver/Src/stm32f3xx_hal_rcc.o
                0x080054e8                HAL_RCC_GetPCLK2Freq
 .text.HAL_RCC_GetClockConfig
                0x0800552c       0x64 ./Drivers/STM32F3xx_HAL_Driver/Src/stm32f3xx_hal_rcc.o
                0x0800552c                HAL_RCC_GetClockConfig
 .text.HAL_RCCEx_PeriphCLKConfig
                0x08005590      0x360 ./Drivers/STM32F3xx_HAL_Driver/Src/stm32f3xx_hal_rcc_ex.o
                0x08005590                HAL_RCCEx_PeriphCLKConfig
 .text.HAL_SPI_Init
                0x080058f0      0x156 ./Drivers/STM32F3xx_HAL_Driver/Src/stm32f3xx_hal_spi.o
                0x080058f0                HAL_SPI_Init
 .text.HAL_TIM_Base_Init
                0x08005a46       0xae ./Drivers/STM32F3xx_HAL_Driver/Src/stm32f3xx_hal_tim.o
                0x08005a46                HAL_TIM_Base_Init
 .text.HAL_TIM_Base_MspInit
                0x08005af4       0x14 ./Drivers/STM32F3xx_HAL_Driver/Src/stm32f3xx_hal_tim.o
                0x08005af4                HAL_TIM_Base_MspInit
 .text.HAL_TIM_Base_Start_IT
                0x08005b08       0xd4 ./Drivers/STM32F3xx_HAL_Driver/Src/stm32f3xx_hal_tim.o
                0x08005b08                HAL_TIM_Base_Start_IT
 .text.HAL_TIM_IRQHandler
                0x08005bdc      0x204 ./Drivers/STM32F3xx_HAL_Driver/Src/stm32f3xx_hal_tim.o
                0x08005bdc                HAL_TIM_IRQHandler
 .text.HAL_TIM_OC_DelayElapsedCallback
                0x08005de0       0x14 ./Drivers/STM32F3xx_HAL_Driver/Src/stm32f3xx_hal_tim.o
                0x08005de0                HAL_TIM_OC_DelayElapsedCallback
 .text.HAL_TIM_IC_CaptureCallback
                0x08005df4       0x14 ./Drivers/STM32F3xx_HAL_Driver/Src/stm32f3xx_hal_tim.o
                0x08005df4                HAL_TIM_IC_CaptureCallback
 .text.HAL_TIM_PWM_PulseFinishedCallback
                0x08005e08       0x14 ./Drivers/STM32F3xx_HAL_Driver/Src/stm32f3xx_hal_tim.o
                0x08005e08                HAL_TIM_PWM_PulseFinishedCallback
 .text.HAL_TIM_TriggerCallback
                0x08005e1c       0x14 ./Drivers/STM32F3xx_HAL_Driver/Src/stm32f3xx_hal_tim.o
                0x08005e1c                HAL_TIM_TriggerCallback
 .text.TIM_Base_SetConfig
                0x08005e30      0x138 ./Drivers/STM32F3xx_HAL_Driver/Src/stm32f3xx_hal_tim.o
                0x08005e30                TIM_Base_SetConfig
 .text.HAL_TIMEx_CommutCallback
                0x08005f68       0x14 ./Drivers/STM32F3xx_HAL_Driver/Src/stm32f3xx_hal_tim_ex.o
                0x08005f68                HAL_TIMEx_CommutCallback
 .text.HAL_TIMEx_BreakCallback
                0x08005f7c       0x14 ./Drivers/STM32F3xx_HAL_Driver/Src/stm32f3xx_hal_tim_ex.o
                0x08005f7c                HAL_TIMEx_BreakCallback
 .text.HAL_TIMEx_Break2Callback
                0x08005f90       0x14 ./Drivers/STM32F3xx_HAL_Driver/Src/stm32f3xx_hal_tim_ex.o
                0x08005f90                HAL_TIMEx_Break2Callback
 .text.USB_DisableGlobalInt
                0x08005fa4       0x36 ./Drivers/STM32F3xx_HAL_Driver/Src/stm32f3xx_ll_usb.o
                0x08005fa4                USB_DisableGlobalInt
 .text.USB_DevInit
                0x08005fda       0x3c ./Drivers/STM32F3xx_HAL_Driver/Src/stm32f3xx_ll_usb.o
                0x08005fda                USB_DevInit
 .text.memset   0x08006016       0x10 E:/Windows Kits/New folder/STM32CubeIDE_1.16.1/STM32CubeIDE/plugins/com.st.stm32cube.ide.mcu.externaltools.gnu-tools-for-stm32.12.3.rel1.win32_1.0.200.202406191623/tools/bin/../lib/gcc/arm-none-eabi/12.3.1/../../../../arm-none-eabi/lib/thumb/v7e-m+fp/hard\libc_nano.a(libc_a-memset.o)
                0x08006016                memset
 *fill*         0x08006026        0x2 
 .text.__libc_init_array
                0x08006028       0x48 E:/Windows Kits/New folder/STM32CubeIDE_1.16.1/STM32CubeIDE/plugins/com.st.stm32cube.ide.mcu.externaltools.gnu-tools-for-stm32.12.3.rel1.win32_1.0.200.202406191623/tools/bin/../lib/gcc/arm-none-eabi/12.3.1/../../../../arm-none-eabi/lib/thumb/v7e-m+fp/hard\libc_nano.a(libc_a-init.o)
                0x08006028                __libc_init_array
 *(.glue_7)
 .glue_7        0x08006070        0x0 linker stubs
 *(.glue_7t)
 .glue_7t       0x08006070        0x0 linker stubs
 *(.eh_frame)
 .eh_frame      0x08006070        0x0 E:/Windows Kits/New folder/STM32CubeIDE_1.16.1/STM32CubeIDE/plugins/com.st.stm32cube.ide.mcu.externaltools.gnu-tools-for-stm32.12.3.rel1.win32_1.0.200.202406191623/tools/bin/../lib/gcc/arm-none-eabi/12.3.1/thumb/v7e-m+fp/hard/crtbegin.o
 *(.init)
 .init          0x08006070        0x4 E:/Windows Kits/New folder/STM32CubeIDE_1.16.1/STM32CubeIDE/plugins/com.st.stm32cube.ide.mcu.externaltools.gnu-tools-for-stm32.12.3.rel1.win32_1.0.200.202406191623/tools/bin/../lib/gcc/arm-none-eabi/12.3.1/thumb/v7e-m+fp/hard/crti.o
                0x08006070                _init
 .init          0x08006074        0x8 E:/Windows Kits/New folder/STM32CubeIDE_1.16.1/STM32CubeIDE/plugins/com.st.stm32cube.ide.mcu.externaltools.gnu-tools-for-stm32.12.3.rel1.win32_1.0.200.202406191623/tools/bin/../lib/gcc/arm-none-eabi/12.3.1/thumb/v7e-m+fp/hard/crtn.o
 *(.fini)
 .fini          0x0800607c        0x4 E:/Windows Kits/New folder/STM32CubeIDE_1.16.1/STM32CubeIDE/plugins/com.st.stm32cube.ide.mcu.externaltools.gnu-tools-for-stm32.12.3.rel1.win32_1.0.200.202406191623/tools/bin/../lib/gcc/arm-none-eabi/12.3.1/thumb/v7e-m+fp/hard/crti.o
                0x0800607c                _fini
 .fini          0x08006080        0x8 E:/Windows Kits/New folder/STM32CubeIDE_1.16.1/STM32CubeIDE/plugins/com.st.stm32cube.ide.mcu.externaltools.gnu-tools-for-stm32.12.3.rel1.win32_1.0.200.202406191623/tools/bin/../lib/gcc/arm-none-eabi/12.3.1/thumb/v7e-m+fp/hard/crtn.o
                0x08006088                        . = ALIGN (0x4)
                0x08006088                        _etext = .

.vfp11_veneer   0x08006088        0x0
 .vfp11_veneer  0x08006088        0x0 linker stubs

.v4_bx          0x08006088        0x0
 .v4_bx         0x08006088        0x0 linker stubs

.iplt           0x08006088        0x0
 .iplt          0x08006088        0x0 E:/Windows Kits/New folder/STM32CubeIDE_1.16.1/STM32CubeIDE/plugins/com.st.stm32cube.ide.mcu.externaltools.gnu-tools-for-stm32.12.3.rel1.win32_1.0.200.202406191623/tools/bin/../lib/gcc/arm-none-eabi/12.3.1/thumb/v7e-m+fp/hard/crtbegin.o

.rodata         0x08006088      0x640
                0x08006088                        . = ALIGN (0x4)
 *(.rodata)
 .rodata        0x08006088        0xc ./Core/Src/main.o
 *(.rodata*)
 .rodata.AHBPrescTable
                0x08006094       0x10 ./Core/Src/system_stm32f3xx.o
                0x08006094                AHBPrescTable
 .rodata.APBPrescTable
                0x080060a4        0x8 ./Core/Src/system_stm32f3xx.o
                0x080060a4                APBPrescTable
 .rodata.Font6x8
                0x080060ac      0x5f0 ./Drivers/OLED/ssd1306_fonts.o
 .rodata.Font_6x8
                0x0800669c        0xc ./Drivers/OLED/ssd1306_fonts.o
                0x0800669c                Font_6x8
 .rodata.aPLLMULFactorTable
                0x080066a8       0x10 ./Drivers/STM32F3xx_HAL_Driver/Src/stm32f3xx_hal_rcc.o
 .rodata.aPredivFactorTable
                0x080066b8       0x10 ./Drivers/STM32F3xx_HAL_Driver/Src/stm32f3xx_hal_rcc.o
                0x080066c8                        . = ALIGN (0x4)

.ARM.extab      0x080066c8        0x0
                0x080066c8                        . = ALIGN (0x4)
 *(.ARM.extab* .gnu.linkonce.armextab.*)
                0x080066c8                        . = ALIGN (0x4)

.ARM            0x080066c8        0x0
                0x080066c8                        . = ALIGN (0x4)
                0x080066c8                        __exidx_start = .
 *(.ARM.exidx*)
                0x080066c8                        __exidx_end = .
                0x080066c8                        . = ALIGN (0x4)

.preinit_array  0x080066c8        0x0
                0x080066c8                        . = ALIGN (0x4)
                0x080066c8                        PROVIDE (__preinit_array_start = .)
 *(.preinit_array*)
                0x080066c8                        PROVIDE (__preinit_array_end = .)
                0x080066c8                        . = ALIGN (0x4)

.init_array     0x080066c8        0x4
                0x080066c8                        . = ALIGN (0x4)
                0x080066c8                        PROVIDE (__init_array_start = .)
 *(SORT_BY_NAME(.init_array.*))
 *(.init_array*)
 .init_array    0x080066c8        0x4 E:/Windows Kits/New folder/STM32CubeIDE_1.16.1/STM32CubeIDE/plugins/com.st.stm32cube.ide.mcu.externaltools.gnu-tools-for-stm32.12.3.rel1.win32_1.0.200.202406191623/tools/bin/../lib/gcc/arm-none-eabi/12.3.1/thumb/v7e-m+fp/hard/crtbegin.o
                0x080066cc                        PROVIDE (__init_array_end = .)
                0x080066cc                        . = ALIGN (0x4)

.fini_array     0x080066cc        0x4
                0x080066cc                        . = ALIGN (0x4)
                [!provide]                        PROVIDE (__fini_array_start = .)
 *(SORT_BY_NAME(.fini_array.*))
 *(.fini_array*)
 .fini_array    0x080066cc        0x4 E:/Windows Kits/New folder/STM32CubeIDE_1.16.1/STM32CubeIDE/plugins/com.st.stm32cube.ide.mcu.externaltools.gnu-tools-for-stm32.12.3.rel1.win32_1.0.200.202406191623/tools/bin/../lib/gcc/arm-none-eabi/12.3.1/thumb/v7e-m+fp/hard/crtbegin.o
                [!provide]                        PROVIDE (__fini_array_end = .)
                0x080066d0                        . = ALIGN (0x4)
                0x080066d0                        _sidata = LOADADDR (.data)

.rel.dyn        0x080066d0        0x0
 .rel.iplt      0x080066d0        0x0 E:/Windows Kits/New folder/STM32CubeIDE_1.16.1/STM32CubeIDE/plugins/com.st.stm32cube.ide.mcu.externaltools.gnu-tools-for-stm32.12.3.rel1.win32_1.0.200.202406191623/tools/bin/../lib/gcc/arm-none-eabi/12.3.1/thumb/v7e-m+fp/hard/crtbegin.o

.data           0x20000000        0xc load address 0x080066d0
                0x20000000                        . = ALIGN (0x4)
                0x20000000                        _sdata = .
 *(.data)
 *(.data*)
 .data.SystemCoreClock
                0x20000000        0x4 ./Core/Src/system_stm32f3xx.o
                0x20000000                SystemCoreClock
 .data.uwTickPrio
                0x20000004        0x4 ./Drivers/STM32F3xx_HAL_Driver/Src/stm32f3xx_hal.o
                0x20000004                uwTickPrio
 .data.uwTickFreq
                0x20000008        0x1 ./Drivers/STM32F3xx_HAL_Driver/Src/stm32f3xx_hal.o
                0x20000008                uwTickFreq
 *(.RamFunc)
 *(.RamFunc*)
                0x2000000c                        . = ALIGN (0x4)
 *fill*         0x20000009        0x3 
                0x2000000c                        _edata = .
                0x080066dc                        _siccmram = LOADADDR (.ccmram)

.igot.plt       0x2000000c        0x0 load address 0x080066dc
 .igot.plt      0x2000000c        0x0 E:/Windows Kits/New folder/STM32CubeIDE_1.16.1/STM32CubeIDE/plugins/com.st.stm32cube.ide.mcu.externaltools.gnu-tools-for-stm32.12.3.rel1.win32_1.0.200.202406191623/tools/bin/../lib/gcc/arm-none-eabi/12.3.1/thumb/v7e-m+fp/hard/crtbegin.o

.ccmram         0x10000000        0x0 load address 0x080066dc
                0x10000000                        . = ALIGN (0x4)
                0x10000000                        _sccmram = .
 *(.ccmram)
 *(.ccmram*)
                0x10000000                        . = ALIGN (0x4)
                0x10000000                        _eccmram = .
                0x10000000                        . = ALIGN (0x4)

.bss            0x2000000c      0xb7c
                0x2000000c                        _sbss = .
                0x2000000c                        __bss_start__ = _sbss
 *(.bss)
 .bss           0x2000000c       0x1c E:/Windows Kits/New folder/STM32CubeIDE_1.16.1/STM32CubeIDE/plugins/com.st.stm32cube.ide.mcu.externaltools.gnu-tools-for-stm32.12.3.rel1.win32_1.0.200.202406191623/tools/bin/../lib/gcc/arm-none-eabi/12.3.1/thumb/v7e-m+fp/hard/crtbegin.o
 *(.bss*)
 .bss.hadc1     0x20000028       0x50 ./Core/Src/main.o
                0x20000028                hadc1
 .bss.hadc2     0x20000078       0x50 ./Core/Src/main.o
                0x20000078                hadc2
 .bss.hadc3     0x200000c8       0x50 ./Core/Src/main.o
                0x200000c8                hadc3
 .bss.hadc4     0x20000118       0x50 ./Core/Src/main.o
                0x20000118                hadc4
 .bss.hdma_adc1
                0x20000168       0x44 ./Core/Src/main.o
                0x20000168                hdma_adc1
 .bss.hdma_adc2
                0x200001ac       0x44 ./Core/Src/main.o
                0x200001ac                hdma_adc2
 .bss.hdma_adc3
                0x200001f0       0x44 ./Core/Src/main.o
                0x200001f0                hdma_adc3
 .bss.hdma_adc4
                0x20000234       0x44 ./Core/Src/main.o
                0x20000234                hdma_adc4
 .bss.hcomp3    0x20000278       0x30 ./Core/Src/main.o
                0x20000278                hcomp3
 .bss.hcomp4    0x200002a8       0x30 ./Core/Src/main.o
                0x200002a8                hcomp4
 .bss.hcomp5    0x200002d8       0x30 ./Core/Src/main.o
                0x200002d8                hcomp5
 .bss.hcomp6    0x20000308       0x30 ./Core/Src/main.o
                0x20000308                hcomp6
 .bss.hi2c2     0x20000338       0x54 ./Core/Src/main.o
                0x20000338                hi2c2
 .bss.hspi1     0x2000038c       0x64 ./Core/Src/main.o
                0x2000038c                hspi1
 .bss.hspi3     0x200003f0       0x64 ./Core/Src/main.o
                0x200003f0                hspi3
 .bss.hpcd_USB_FS
                0x20000454      0x2d4 ./Core/Src/main.o
                0x20000454                hpcd_USB_FS
 .bss.HAL_RCC_ADC12_CLK_ENABLED
                0x20000728        0x4 ./Core/Src/stm32f3xx_hal_msp.o
 .bss.HAL_RCC_ADC34_CLK_ENABLED
                0x2000072c        0x4 ./Core/Src/stm32f3xx_hal_msp.o
 .bss.htim1     0x20000730       0x4c ./Core/Src/stm32f3xx_hal_timebase_tim.o
                0x20000730                htim1
 .bss.SSD1306_Buffer
                0x2000077c      0x400 ./Drivers/OLED/ssd1306.o
 .bss.SSD1306   0x20000b7c        0x6 ./Drivers/OLED/ssd1306.o
 *fill*         0x20000b82        0x2 
 .bss.uwTick    0x20000b84        0x4 ./Drivers/STM32F3xx_HAL_Driver/Src/stm32f3xx_hal.o
                0x20000b84                uwTick
 *(COMMON)
                0x20000b88                        . = ALIGN (0x4)
                0x20000b88                        _ebss = .
                0x20000b88                        __bss_end__ = _ebss

._user_heap_stack
                0x20000b88      0x600
                0x20000b88                        . = ALIGN (0x8)
                [!provide]                        PROVIDE (end = .)
                0x20000b88                        PROVIDE (_end = .)
                0x20000d88                        . = (. + _Min_Heap_Size)
 *fill*         0x20000b88      0x200 
                0x20001188                        . = (. + _Min_Stack_Size)
 *fill*         0x20000d88      0x400 
                0x20001188                        . = ALIGN (0x8)

/DISCARD/
 libc.a(*)
 libm.a(*)
 libgcc.a(*)

.ARM.attributes
                0x00000000       0x30
 *(.ARM.attributes)
 .ARM.attributes
                0x00000000       0x22 E:/Windows Kits/New folder/STM32CubeIDE_1.16.1/STM32CubeIDE/plugins/com.st.stm32cube.ide.mcu.externaltools.gnu-tools-for-stm32.12.3.rel1.win32_1.0.200.202406191623/tools/bin/../lib/gcc/arm-none-eabi/12.3.1/thumb/v7e-m+fp/hard/crti.o
 .ARM.attributes
                0x00000022       0x34 E:/Windows Kits/New folder/STM32CubeIDE_1.16.1/STM32CubeIDE/plugins/com.st.stm32cube.ide.mcu.externaltools.gnu-tools-for-stm32.12.3.rel1.win32_1.0.200.202406191623/tools/bin/../lib/gcc/arm-none-eabi/12.3.1/thumb/v7e-m+fp/hard/crtbegin.o
 .ARM.attributes
                0x00000056       0x34 ./Core/Src/main.o
 .ARM.attributes
                0x0000008a       0x34 ./Core/Src/stm32f3xx_hal_msp.o
 .ARM.attributes
                0x000000be       0x34 ./Core/Src/stm32f3xx_hal_timebase_tim.o
 .ARM.attributes
                0x000000f2       0x34 ./Core/Src/stm32f3xx_it.o
 .ARM.attributes
                0x00000126       0x34 ./Core/Src/system_stm32f3xx.o
 .ARM.attributes
                0x0000015a       0x21 ./Core/Startup/startup_stm32f303rbtx.o
 .ARM.attributes
                0x0000017b       0x34 ./Drivers/OLED/ssd1306.o
 .ARM.attributes
                0x000001af       0x34 ./Drivers/OLED/ssd1306_fonts.o
 .ARM.attributes
                0x000001e3       0x34 ./Drivers/STM32F3xx_HAL_Driver/Src/stm32f3xx_hal.o
 .ARM.attributes
                0x00000217       0x34 ./Drivers/STM32F3xx_HAL_Driver/Src/stm32f3xx_hal_adc.o
 .ARM.attributes
                0x0000024b       0x34 ./Drivers/STM32F3xx_HAL_Driver/Src/stm32f3xx_hal_adc_ex.o
 .ARM.attributes
                0x0000027f       0x34 ./Drivers/STM32F3xx_HAL_Driver/Src/stm32f3xx_hal_comp.o
 .ARM.attributes
                0x000002b3       0x34 ./Drivers/STM32F3xx_HAL_Driver/Src/stm32f3xx_hal_cortex.o
 .ARM.attributes
                0x000002e7       0x34 ./Drivers/STM32F3xx_HAL_Driver/Src/stm32f3xx_hal_dma.o
 .ARM.attributes
                0x0000031b       0x34 ./Drivers/STM32F3xx_HAL_Driver/Src/stm32f3xx_hal_gpio.o
 .ARM.attributes
                0x0000034f       0x34 ./Drivers/STM32F3xx_HAL_Driver/Src/stm32f3xx_hal_i2c.o
 .ARM.attributes
                0x00000383       0x34 ./Drivers/STM32F3xx_HAL_Driver/Src/stm32f3xx_hal_i2c_ex.o
 .ARM.attributes
                0x000003b7       0x34 ./Drivers/STM32F3xx_HAL_Driver/Src/stm32f3xx_hal_pcd.o
 .ARM.attributes
                0x000003eb       0x34 ./Drivers/STM32F3xx_HAL_Driver/Src/stm32f3xx_hal_rcc.o
 .ARM.attributes
                0x0000041f       0x34 ./Drivers/STM32F3xx_HAL_Driver/Src/stm32f3xx_hal_rcc_ex.o
 .ARM.attributes
                0x00000453       0x34 ./Drivers/STM32F3xx_HAL_Driver/Src/stm32f3xx_hal_spi.o
 .ARM.attributes
                0x00000487       0x34 ./Drivers/STM32F3xx_HAL_Driver/Src/stm32f3xx_hal_tim.o
 .ARM.attributes
                0x000004bb       0x34 ./Drivers/STM32F3xx_HAL_Driver/Src/stm32f3xx_hal_tim_ex.o
 .ARM.attributes
                0x000004ef       0x34 ./Drivers/STM32F3xx_HAL_Driver/Src/stm32f3xx_ll_usb.o
 .ARM.attributes
                0x00000523       0x34 E:/Windows Kits/New folder/STM32CubeIDE_1.16.1/STM32CubeIDE/plugins/com.st.stm32cube.ide.mcu.externaltools.gnu-tools-for-stm32.12.3.rel1.win32_1.0.200.202406191623/tools/bin/../lib/gcc/arm-none-eabi/12.3.1/../../../../arm-none-eabi/lib/thumb/v7e-m+fp/hard\libc_nano.a(libc_a-memset.o)
 .ARM.attributes
                0x00000557       0x34 E:/Windows Kits/New folder/STM32CubeIDE_1.16.1/STM32CubeIDE/plugins/com.st.stm32cube.ide.mcu.externaltools.gnu-tools-for-stm32.12.3.rel1.win32_1.0.200.202406191623/tools/bin/../lib/gcc/arm-none-eabi/12.3.1/../../../../arm-none-eabi/lib/thumb/v7e-m+fp/hard\libc_nano.a(libc_a-init.o)
 .ARM.attributes
                0x0000058b       0x22 E:/Windows Kits/New folder/STM32CubeIDE_1.16.1/STM32CubeIDE/plugins/com.st.stm32cube.ide.mcu.externaltools.gnu-tools-for-stm32.12.3.rel1.win32_1.0.200.202406191623/tools/bin/../lib/gcc/arm-none-eabi/12.3.1/thumb/v7e-m+fp/hard/crtn.o
OUTPUT(ioc and Cube.elf elf32-littlearm)
LOAD linker stubs
LOAD E:/Windows Kits/New folder/STM32CubeIDE_1.16.1/STM32CubeIDE/plugins/com.st.stm32cube.ide.mcu.externaltools.gnu-tools-for-stm32.12.3.rel1.win32_1.0.200.202406191623/tools/bin/../lib/gcc/arm-none-eabi/12.3.1/../../../../arm-none-eabi/lib/thumb/v7e-m+fp/hard\libc.a
LOAD E:/Windows Kits/New folder/STM32CubeIDE_1.16.1/STM32CubeIDE/plugins/com.st.stm32cube.ide.mcu.externaltools.gnu-tools-for-stm32.12.3.rel1.win32_1.0.200.202406191623/tools/bin/../lib/gcc/arm-none-eabi/12.3.1/../../../../arm-none-eabi/lib/thumb/v7e-m+fp/hard\libm.a
LOAD E:/Windows Kits/New folder/STM32CubeIDE_1.16.1/STM32CubeIDE/plugins/com.st.stm32cube.ide.mcu.externaltools.gnu-tools-for-stm32.12.3.rel1.win32_1.0.200.202406191623/tools/bin/../lib/gcc/arm-none-eabi/12.3.1/thumb/v7e-m+fp/hard\libgcc.a

.debug_info     0x00000000    0x17ce2
 .debug_info    0x00000000     0x2396 ./Core/Src/main.o
 .debug_info    0x00002396     0x1ae8 ./Core/Src/stm32f3xx_hal_msp.o
 .debug_info    0x00003e7e      0xa92 ./Core/Src/stm32f3xx_hal_timebase_tim.o
 .debug_info    0x00004910      0xb59 ./Core/Src/stm32f3xx_it.o
 .debug_info    0x00005469      0x407 ./Core/Src/system_stm32f3xx.o
 .debug_info    0x00005870       0x30 ./Core/Startup/startup_stm32f303rbtx.o
 .debug_info    0x000058a0     0x1268 ./Drivers/OLED/ssd1306.o
 .debug_info    0x00006b08      0x2a4 ./Drivers/OLED/ssd1306_fonts.o
 .debug_info    0x00006dac      0x7d4 ./Drivers/STM32F3xx_HAL_Driver/Src/stm32f3xx_hal.o
 .debug_info    0x00007580      0xb32 ./Drivers/STM32F3xx_HAL_Driver/Src/stm32f3xx_hal_adc.o
 .debug_info    0x000080b2     0x15b2 ./Drivers/STM32F3xx_HAL_Driver/Src/stm32f3xx_hal_adc_ex.o
 .debug_info    0x00009664      0x6f4 ./Drivers/STM32F3xx_HAL_Driver/Src/stm32f3xx_hal_comp.o
 .debug_info    0x00009d58      0xce4 ./Drivers/STM32F3xx_HAL_Driver/Src/stm32f3xx_hal_cortex.o
 .debug_info    0x0000aa3c      0x6e1 ./Drivers/STM32F3xx_HAL_Driver/Src/stm32f3xx_hal_dma.o
 .debug_info    0x0000b11d      0x5fe ./Drivers/STM32F3xx_HAL_Driver/Src/stm32f3xx_hal_gpio.o
 .debug_info    0x0000b71b     0x20c3 ./Drivers/STM32F3xx_HAL_Driver/Src/stm32f3xx_hal_i2c.o
 .debug_info    0x0000d7de      0x818 ./Drivers/STM32F3xx_HAL_Driver/Src/stm32f3xx_hal_i2c_ex.o
 .debug_info    0x0000dff6     0x166f ./Drivers/STM32F3xx_HAL_Driver/Src/stm32f3xx_hal_pcd.o
 .debug_info    0x0000f665     0x148a ./Drivers/STM32F3xx_HAL_Driver/Src/stm32f3xx_hal_rcc.o
 .debug_info    0x00010aef      0x5b9 ./Drivers/STM32F3xx_HAL_Driver/Src/stm32f3xx_hal_rcc_ex.o
 .debug_info    0x000110a8     0x1622 ./Drivers/STM32F3xx_HAL_Driver/Src/stm32f3xx_hal_spi.o
 .debug_info    0x000126ca     0x2a70 ./Drivers/STM32F3xx_HAL_Driver/Src/stm32f3xx_hal_tim.o
 .debug_info    0x0001513a     0x156d ./Drivers/STM32F3xx_HAL_Driver/Src/stm32f3xx_hal_tim_ex.o
 .debug_info    0x000166a7     0x163b ./Drivers/STM32F3xx_HAL_Driver/Src/stm32f3xx_ll_usb.o

.debug_abbrev   0x00000000     0x3395
 .debug_abbrev  0x00000000      0x36f ./Core/Src/main.o
 .debug_abbrev  0x0000036f      0x251 ./Core/Src/stm32f3xx_hal_msp.o
 .debug_abbrev  0x000005c0      0x1f4 ./Core/Src/stm32f3xx_hal_timebase_tim.o
 .debug_abbrev  0x000007b4      0x1c5 ./Core/Src/stm32f3xx_it.o
 .debug_abbrev  0x00000979      0x11a ./Core/Src/system_stm32f3xx.o
 .debug_abbrev  0x00000a93       0x24 ./Core/Startup/startup_stm32f303rbtx.o
 .debug_abbrev  0x00000ab7      0x362 ./Drivers/OLED/ssd1306.o
 .debug_abbrev  0x00000e19       0xcf ./Drivers/OLED/ssd1306_fonts.o
 .debug_abbrev  0x00000ee8      0x215 ./Drivers/STM32F3xx_HAL_Driver/Src/stm32f3xx_hal.o
 .debug_abbrev  0x000010fd      0x186 ./Drivers/STM32F3xx_HAL_Driver/Src/stm32f3xx_hal_adc.o
 .debug_abbrev  0x00001283      0x28e ./Drivers/STM32F3xx_HAL_Driver/Src/stm32f3xx_hal_adc_ex.o
 .debug_abbrev  0x00001511      0x1c8 ./Drivers/STM32F3xx_HAL_Driver/Src/stm32f3xx_hal_comp.o
 .debug_abbrev  0x000016d9      0x31e ./Drivers/STM32F3xx_HAL_Driver/Src/stm32f3xx_hal_cortex.o
 .debug_abbrev  0x000019f7      0x20d ./Drivers/STM32F3xx_HAL_Driver/Src/stm32f3xx_hal_dma.o
 .debug_abbrev  0x00001c04      0x1ca ./Drivers/STM32F3xx_HAL_Driver/Src/stm32f3xx_hal_gpio.o
 .debug_abbrev  0x00001dce      0x260 ./Drivers/STM32F3xx_HAL_Driver/Src/stm32f3xx_hal_i2c.o
 .debug_abbrev  0x0000202e      0x1c2 ./Drivers/STM32F3xx_HAL_Driver/Src/stm32f3xx_hal_i2c_ex.o
 .debug_abbrev  0x000021f0      0x2d9 ./Drivers/STM32F3xx_HAL_Driver/Src/stm32f3xx_hal_pcd.o
 .debug_abbrev  0x000024c9      0x300 ./Drivers/STM32F3xx_HAL_Driver/Src/stm32f3xx_hal_rcc.o
 .debug_abbrev  0x000027c9      0x221 ./Drivers/STM32F3xx_HAL_Driver/Src/stm32f3xx_hal_rcc_ex.o
 .debug_abbrev  0x000029ea      0x269 ./Drivers/STM32F3xx_HAL_Driver/Src/stm32f3xx_hal_spi.o
 .debug_abbrev  0x00002c53      0x278 ./Drivers/STM32F3xx_HAL_Driver/Src/stm32f3xx_hal_tim.o
 .debug_abbrev  0x00002ecb      0x283 ./Drivers/STM32F3xx_HAL_Driver/Src/stm32f3xx_hal_tim_ex.o
 .debug_abbrev  0x0000314e      0x247 ./Drivers/STM32F3xx_HAL_Driver/Src/stm32f3xx_ll_usb.o

.debug_aranges  0x00000000     0x15c0
 .debug_aranges
                0x00000000       0xb0 ./Core/Src/main.o
 .debug_aranges
                0x000000b0       0x70 ./Core/Src/stm32f3xx_hal_msp.o
 .debug_aranges
                0x00000120       0x30 ./Core/Src/stm32f3xx_hal_timebase_tim.o
 .debug_aranges
                0x00000150       0xa0 ./Core/Src/stm32f3xx_it.o
 .debug_aranges
                0x000001f0       0x28 ./Core/Src/system_stm32f3xx.o
 .debug_aranges
                0x00000218       0x28 ./Core/Startup/startup_stm32f303rbtx.o
 .debug_aranges
                0x00000240       0xe8 ./Drivers/OLED/ssd1306.o
 .debug_aranges
                0x00000328       0x18 ./Drivers/OLED/ssd1306_fonts.o
 .debug_aranges
                0x00000340       0xe0 ./Drivers/STM32F3xx_HAL_Driver/Src/stm32f3xx_hal.o
 .debug_aranges
                0x00000420       0xc8 ./Drivers/STM32F3xx_HAL_Driver/Src/stm32f3xx_hal_adc.o
 .debug_aranges
                0x000004e8      0x168 ./Drivers/STM32F3xx_HAL_Driver/Src/stm32f3xx_hal_adc_ex.o
 .debug_aranges
                0x00000650       0x88 ./Drivers/STM32F3xx_HAL_Driver/Src/stm32f3xx_hal_comp.o
 .debug_aranges
                0x000006d8      0x128 ./Drivers/STM32F3xx_HAL_Driver/Src/stm32f3xx_hal_cortex.o
 .debug_aranges
                0x00000800       0x88 ./Drivers/STM32F3xx_HAL_Driver/Src/stm32f3xx_hal_dma.o
 .debug_aranges
                0x00000888       0x58 ./Drivers/STM32F3xx_HAL_Driver/Src/stm32f3xx_hal_gpio.o
 .debug_aranges
                0x000008e0      0x2a0 ./Drivers/STM32F3xx_HAL_Driver/Src/stm32f3xx_hal_i2c.o
 .debug_aranges
                0x00000b80       0x48 ./Drivers/STM32F3xx_HAL_Driver/Src/stm32f3xx_hal_i2c_ex.o
 .debug_aranges
                0x00000bc8      0x140 ./Drivers/STM32F3xx_HAL_Driver/Src/stm32f3xx_hal_pcd.o
 .debug_aranges
                0x00000d08       0x88 ./Drivers/STM32F3xx_HAL_Driver/Src/stm32f3xx_hal_rcc.o
 .debug_aranges
                0x00000d90       0x38 ./Drivers/STM32F3xx_HAL_Driver/Src/stm32f3xx_hal_rcc_ex.o
 .debug_aranges
                0x00000dc8      0x1d8 ./Drivers/STM32F3xx_HAL_Driver/Src/stm32f3xx_hal_spi.o
 .debug_aranges
                0x00000fa0      0x3e0 ./Drivers/STM32F3xx_HAL_Driver/Src/stm32f3xx_hal_tim.o
 .debug_aranges
                0x00001380      0x178 ./Drivers/STM32F3xx_HAL_Driver/Src/stm32f3xx_hal_tim_ex.o
 .debug_aranges
                0x000014f8       0xc8 ./Drivers/STM32F3xx_HAL_Driver/Src/stm32f3xx_ll_usb.o

.debug_rnglists
                0x00000000     0x10e5
 .debug_rnglists
                0x00000000       0x89 ./Core/Src/main.o
 .debug_rnglists
                0x00000089       0x56 ./Core/Src/stm32f3xx_hal_msp.o
 .debug_rnglists
                0x000000df       0x20 ./Core/Src/stm32f3xx_hal_timebase_tim.o
 .debug_rnglists
                0x000000ff       0x73 ./Core/Src/stm32f3xx_it.o
 .debug_rnglists
                0x00000172       0x1a ./Core/Src/system_stm32f3xx.o
 .debug_rnglists
                0x0000018c       0x19 ./Core/Startup/startup_stm32f303rbtx.o
 .debug_rnglists
                0x000001a5       0xb4 ./Drivers/OLED/ssd1306.o
 .debug_rnglists
                0x00000259       0xa3 ./Drivers/STM32F3xx_HAL_Driver/Src/stm32f3xx_hal.o
 .debug_rnglists
                0x000002fc       0x91 ./Drivers/STM32F3xx_HAL_Driver/Src/stm32f3xx_hal_adc.o
 .debug_rnglists
                0x0000038d      0x126 ./Drivers/STM32F3xx_HAL_Driver/Src/stm32f3xx_hal_adc_ex.o
 .debug_rnglists
                0x000004b3       0x67 ./Drivers/STM32F3xx_HAL_Driver/Src/stm32f3xx_hal_comp.o
 .debug_rnglists
                0x0000051a       0xda ./Drivers/STM32F3xx_HAL_Driver/Src/stm32f3xx_hal_cortex.o
 .debug_rnglists
                0x000005f4       0x69 ./Drivers/STM32F3xx_HAL_Driver/Src/stm32f3xx_hal_dma.o
 .debug_rnglists
                0x0000065d       0x3f ./Drivers/STM32F3xx_HAL_Driver/Src/stm32f3xx_hal_gpio.o
 .debug_rnglists
                0x0000069c      0x228 ./Drivers/STM32F3xx_HAL_Driver/Src/stm32f3xx_hal_i2c.o
 .debug_rnglists
                0x000008c4       0x35 ./Drivers/STM32F3xx_HAL_Driver/Src/stm32f3xx_hal_i2c_ex.o
 .debug_rnglists
                0x000008f9       0xf4 ./Drivers/STM32F3xx_HAL_Driver/Src/stm32f3xx_hal_pcd.o
 .debug_rnglists
                0x000009ed       0x66 ./Drivers/STM32F3xx_HAL_Driver/Src/stm32f3xx_hal_rcc.o
 .debug_rnglists
                0x00000a53       0x28 ./Drivers/STM32F3xx_HAL_Driver/Src/stm32f3xx_hal_rcc_ex.o
 .debug_rnglists
                0x00000a7b      0x178 ./Drivers/STM32F3xx_HAL_Driver/Src/stm32f3xx_hal_spi.o
 .debug_rnglists
                0x00000bf3      0x328 ./Drivers/STM32F3xx_HAL_Driver/Src/stm32f3xx_hal_tim.o
 .debug_rnglists
                0x00000f1b      0x131 ./Drivers/STM32F3xx_HAL_Driver/Src/stm32f3xx_hal_tim_ex.o
 .debug_rnglists
                0x0000104c       0x99 ./Drivers/STM32F3xx_HAL_Driver/Src/stm32f3xx_ll_usb.o

.debug_macro    0x00000000    0x20b9f
 .debug_macro   0x00000000      0x295 ./Core/Src/main.o
 .debug_macro   0x00000295      0xab4 ./Core/Src/main.o
 .debug_macro   0x00000d49       0x58 ./Core/Src/main.o
 .debug_macro   0x00000da1      0x189 ./Core/Src/main.o
 .debug_macro   0x00000f2a       0x22 ./Core/Src/main.o
 .debug_macro   0x00000f4c       0x8e ./Core/Src/main.o
 .debug_macro   0x00000fda       0x51 ./Core/Src/main.o
 .debug_macro   0x0000102b      0x103 ./Core/Src/main.o
 .debug_macro   0x0000112e       0x6a ./Core/Src/main.o
 .debug_macro   0x00001198      0x1df ./Core/Src/main.o
 .debug_macro   0x00001377       0x61 ./Core/Src/main.o
 .debug_macro   0x000013d8       0x2a ./Core/Src/main.o
 .debug_macro   0x00001402       0x43 ./Core/Src/main.o
 .debug_macro   0x00001445       0x34 ./Core/Src/main.o
 .debug_macro   0x00001479      0x169 ./Core/Src/main.o
 .debug_macro   0x000015e2       0x28 ./Core/Src/main.o
 .debug_macro   0x0000160a       0x28 ./Core/Src/main.o
 .debug_macro   0x00001632       0x1c ./Core/Src/main.o
 .debug_macro   0x0000164e       0x22 ./Core/Src/main.o
 .debug_macro   0x00001670       0xd9 ./Core/Src/main.o
 .debug_macro   0x00001749     0x102d ./Core/Src/main.o
 .debug_macro   0x00002776      0x11f ./Core/Src/main.o
 .debug_macro   0x00002895    0x12a3a ./Core/Src/main.o
 .debug_macro   0x000152cf       0x6d ./Core/Src/main.o
 .debug_macro   0x0001533c     0x3574 ./Core/Src/main.o
 .debug_macro   0x000188b0       0x55 ./Core/Src/main.o
 .debug_macro   0x00018905      0x961 ./Core/Src/main.o
 .debug_macro   0x00019266      0x5fe ./Core/Src/main.o
 .debug_macro   0x00019864      0x1b5 ./Core/Src/main.o
 .debug_macro   0x00019a19      0x1fb ./Core/Src/main.o
 .debug_macro   0x00019c14      0x1dc ./Core/Src/main.o
 .debug_macro   0x00019df0      0x1bc ./Core/Src/main.o
 .debug_macro   0x00019fac       0x30 ./Core/Src/main.o
 .debug_macro   0x00019fdc       0x3c ./Core/Src/main.o
 .debug_macro   0x0001a018      0x235 ./Core/Src/main.o
 .debug_macro   0x0001a24d      0x9b1 ./Core/Src/main.o
 .debug_macro   0x0001abfe       0x77 ./Core/Src/main.o
 .debug_macro   0x0001ac75       0x73 ./Core/Src/main.o
 .debug_macro   0x0001ace8      0x58d ./Core/Src/main.o
 .debug_macro   0x0001b275       0x12 ./Core/Src/main.o
 .debug_macro   0x0001b287       0xc5 ./Core/Src/main.o
 .debug_macro   0x0001b34c      0x21d ./Core/Src/main.o
 .debug_macro   0x0001b569      0x22c ./Core/Src/main.o
 .debug_macro   0x0001b795       0x5b ./Core/Src/main.o
 .debug_macro   0x0001b7f0       0xa5 ./Core/Src/main.o
 .debug_macro   0x0001b895       0x73 ./Core/Src/main.o
 .debug_macro   0x0001b908      0x242 ./Core/Src/main.o
 .debug_macro   0x0001bb4a       0x81 ./Core/Src/main.o
 .debug_macro   0x0001bbcb       0xd3 ./Core/Src/main.o
 .debug_macro   0x0001bc9e      0x2fe ./Core/Src/main.o
 .debug_macro   0x0001bf9c      0xa60 ./Core/Src/main.o
 .debug_macro   0x0001c9fc       0x89 ./Core/Src/main.o
 .debug_macro   0x0001ca85      0x275 ./Core/Src/main.o
 .debug_macro   0x0001ccfa       0x40 ./Core/Src/main.o
 .debug_macro   0x0001cd3a      0x212 ./Core/Src/main.o
 .debug_macro   0x0001cf4c      0x295 ./Core/Src/stm32f3xx_hal_msp.o
 .debug_macro   0x0001d1e1      0x28c ./Core/Src/stm32f3xx_hal_timebase_tim.o
 .debug_macro   0x0001d46d      0x29f ./Core/Src/stm32f3xx_it.o
 .debug_macro   0x0001d70c      0x28c ./Core/Src/system_stm32f3xx.o
 .debug_macro   0x0001d998      0x373 ./Drivers/OLED/ssd1306.o
 .debug_macro   0x0001dd0b      0x19b ./Drivers/OLED/ssd1306.o
 .debug_macro   0x0001dea6       0x16 ./Drivers/OLED/ssd1306.o
 .debug_macro   0x0001debc       0x20 ./Drivers/OLED/ssd1306.o
 .debug_macro   0x0001dedc      0x290 ./Drivers/OLED/ssd1306_fonts.o
 .debug_macro   0x0001e16c      0x2b0 ./Drivers/STM32F3xx_HAL_Driver/Src/stm32f3xx_hal.o
 .debug_macro   0x0001e41c      0x28c ./Drivers/STM32F3xx_HAL_Driver/Src/stm32f3xx_hal_adc.o
 .debug_macro   0x0001e6a8      0x2b6 ./Drivers/STM32F3xx_HAL_Driver/Src/stm32f3xx_hal_adc_ex.o
 .debug_macro   0x0001e95e      0x2a8 ./Drivers/STM32F3xx_HAL_Driver/Src/stm32f3xx_hal_comp.o
 .debug_macro   0x0001ec06      0x28c ./Drivers/STM32F3xx_HAL_Driver/Src/stm32f3xx_hal_cortex.o
 .debug_macro   0x0001ee92      0x28c ./Drivers/STM32F3xx_HAL_Driver/Src/stm32f3xx_hal_dma.o
 .debug_macro   0x0001f11e      0x293 ./Drivers/STM32F3xx_HAL_Driver/Src/stm32f3xx_hal_gpio.o
 .debug_macro   0x0001f3b1      0x357 ./Drivers/STM32F3xx_HAL_Driver/Src/stm32f3xx_hal_i2c.o
 .debug_macro   0x0001f708      0x28c ./Drivers/STM32F3xx_HAL_Driver/Src/stm32f3xx_hal_i2c_ex.o
 .debug_macro   0x0001f994      0x298 ./Drivers/STM32F3xx_HAL_Driver/Src/stm32f3xx_hal_pcd.o
 .debug_macro   0x0001fc2c      0x2b0 ./Drivers/STM32F3xx_HAL_Driver/Src/stm32f3xx_hal_rcc.o
 .debug_macro   0x0001fedc      0x28c ./Drivers/STM32F3xx_HAL_Driver/Src/stm32f3xx_hal_rcc_ex.o
 .debug_macro   0x00020168      0x293 ./Drivers/STM32F3xx_HAL_Driver/Src/stm32f3xx_hal_spi.o
 .debug_macro   0x000203fb      0x28c ./Drivers/STM32F3xx_HAL_Driver/Src/stm32f3xx_hal_tim.o
 .debug_macro   0x00020687      0x28c ./Drivers/STM32F3xx_HAL_Driver/Src/stm32f3xx_hal_tim_ex.o
 .debug_macro   0x00020913      0x28c ./Drivers/STM32F3xx_HAL_Driver/Src/stm32f3xx_ll_usb.o

.debug_line     0x00000000    0x1fe07
 .debug_line    0x00000000      0xfc3 ./Core/Src/main.o
 .debug_line    0x00000fc3      0xe14 ./Core/Src/stm32f3xx_hal_msp.o
 .debug_line    0x00001dd7      0xacd ./Core/Src/stm32f3xx_hal_timebase_tim.o
 .debug_line    0x000028a4      0xbde ./Core/Src/stm32f3xx_it.o
 .debug_line    0x00003482      0xad9 ./Core/Src/system_stm32f3xx.o
 .debug_line    0x00003f5b       0x7a ./Core/Startup/startup_stm32f303rbtx.o
 .debug_line    0x00003fd5     0x13b1 ./Drivers/OLED/ssd1306.o
 .debug_line    0x00005386      0xa50 ./Drivers/OLED/ssd1306_fonts.o
 .debug_line    0x00005dd6      0xd11 ./Drivers/STM32F3xx_HAL_Driver/Src/stm32f3xx_hal.o
 .debug_line    0x00006ae7      0xc4f ./Drivers/STM32F3xx_HAL_Driver/Src/stm32f3xx_hal_adc.o
 .debug_line    0x00007736     0x2a7d ./Drivers/STM32F3xx_HAL_Driver/Src/stm32f3xx_hal_adc_ex.o
 .debug_line    0x0000a1b3     0x107b ./Drivers/STM32F3xx_HAL_Driver/Src/stm32f3xx_hal_comp.o
 .debug_line    0x0000b22e      0xffe ./Drivers/STM32F3xx_HAL_Driver/Src/stm32f3xx_hal_cortex.o
 .debug_line    0x0000c22c     0x101f ./Drivers/STM32F3xx_HAL_Driver/Src/stm32f3xx_hal_dma.o
 .debug_line    0x0000d24b      0xe88 ./Drivers/STM32F3xx_HAL_Driver/Src/stm32f3xx_hal_gpio.o
 .debug_line    0x0000e0d3     0x3d88 ./Drivers/STM32F3xx_HAL_Driver/Src/stm32f3xx_hal_i2c.o
 .debug_line    0x00011e5b      0xc7d ./Drivers/STM32F3xx_HAL_Driver/Src/stm32f3xx_hal_i2c_ex.o
 .debug_line    0x00012ad8     0x1699 ./Drivers/STM32F3xx_HAL_Driver/Src/stm32f3xx_hal_pcd.o
 .debug_line    0x00014171     0x16a6 ./Drivers/STM32F3xx_HAL_Driver/Src/stm32f3xx_hal_rcc.o
 .debug_line    0x00015817     0x105f ./Drivers/STM32F3xx_HAL_Driver/Src/stm32f3xx_hal_rcc_ex.o
 .debug_line    0x00016876     0x234a ./Drivers/STM32F3xx_HAL_Driver/Src/stm32f3xx_hal_spi.o
 .debug_line    0x00018bc0     0x4109 ./Drivers/STM32F3xx_HAL_Driver/Src/stm32f3xx_hal_tim.o
 .debug_line    0x0001ccc9     0x1deb ./Drivers/STM32F3xx_HAL_Driver/Src/stm32f3xx_hal_tim_ex.o
 .debug_line    0x0001eab4     0x1353 ./Drivers/STM32F3xx_HAL_Driver/Src/stm32f3xx_ll_usb.o

.debug_str      0x00000000    0xc89f2
 .debug_str     0x00000000    0xc0464 ./Core/Src/main.o
                              0xc0e7f (size before relaxing)
 .debug_str     0x000c0464      0x161 ./Core/Src/stm32f3xx_hal_msp.o
                              0xc062c (size before relaxing)
 .debug_str     0x000c05c5       0xf7 ./Core/Src/stm32f3xx_hal_timebase_tim.o
                              0xbf5e4 (size before relaxing)
 .debug_str     0x000c06bc      0x16a ./Core/Src/stm32f3xx_it.o
                              0xbfbdb (size before relaxing)
 .debug_str     0x000c0826       0xdf ./Core/Src/system_stm32f3xx.o
                              0xbebf2 (size before relaxing)
 .debug_str     0x000c0905       0x44 ./Core/Startup/startup_stm32f303rbtx.o
                                 0x92 (size before relaxing)
 .debug_str     0x000c0949     0x3aae ./Drivers/OLED/ssd1306.o
                              0xc2b1f (size before relaxing)
 .debug_str     0x000c43f7       0x8f ./Drivers/OLED/ssd1306_fonts.o
                              0xbeb7a (size before relaxing)
 .debug_str     0x000c4486      0x349 ./Drivers/STM32F3xx_HAL_Driver/Src/stm32f3xx_hal.o
                              0xbf430 (size before relaxing)
 .debug_str     0x000c47cf      0x1ee ./Drivers/STM32F3xx_HAL_Driver/Src/stm32f3xx_hal_adc.o
                              0xbf1df (size before relaxing)
 .debug_str     0x000c49bd      0x6c8 ./Drivers/STM32F3xx_HAL_Driver/Src/stm32f3xx_hal_adc_ex.o
                              0xbf8f8 (size before relaxing)
 .debug_str     0x000c5085      0x1f4 ./Drivers/STM32F3xx_HAL_Driver/Src/stm32f3xx_hal_comp.o
                              0xbef2c (size before relaxing)
 .debug_str     0x000c5279      0x34e ./Drivers/STM32F3xx_HAL_Driver/Src/stm32f3xx_hal_cortex.o
                              0xbf4b4 (size before relaxing)
 .debug_str     0x000c55c7      0x1ff ./Drivers/STM32F3xx_HAL_Driver/Src/stm32f3xx_hal_dma.o
                              0xbef3a (size before relaxing)
 .debug_str     0x000c57c6       0xf8 ./Drivers/STM32F3xx_HAL_Driver/Src/stm32f3xx_hal_gpio.o
                              0xbed5f (size before relaxing)
 .debug_str     0x000c58be      0xe26 ./Drivers/STM32F3xx_HAL_Driver/Src/stm32f3xx_hal_i2c.o
                              0xbfef2 (size before relaxing)
 .debug_str     0x000c66e4       0xb8 ./Drivers/STM32F3xx_HAL_Driver/Src/stm32f3xx_hal_i2c_ex.o
                              0xbf0e9 (size before relaxing)
 .debug_str     0x000c679c      0x527 ./Drivers/STM32F3xx_HAL_Driver/Src/stm32f3xx_hal_pcd.o
                              0xbf427 (size before relaxing)
 .debug_str     0x000c6cc3      0x290 ./Drivers/STM32F3xx_HAL_Driver/Src/stm32f3xx_hal_rcc.o
                              0xbf092 (size before relaxing)
 .debug_str     0x000c6f53       0xbe ./Drivers/STM32F3xx_HAL_Driver/Src/stm32f3xx_hal_rcc_ex.o
                              0xbee56 (size before relaxing)
 .debug_str     0x000c7011      0x54c ./Drivers/STM32F3xx_HAL_Driver/Src/stm32f3xx_hal_spi.o
                              0xbf518 (size before relaxing)
 .debug_str     0x000c755d      0xe5c ./Drivers/STM32F3xx_HAL_Driver/Src/stm32f3xx_hal_tim.o
                              0xc0029 (size before relaxing)
 .debug_str     0x000c83b9      0x561 ./Drivers/STM32F3xx_HAL_Driver/Src/stm32f3xx_hal_tim_ex.o
                              0xbf86f (size before relaxing)
 .debug_str     0x000c891a       0xd8 ./Drivers/STM32F3xx_HAL_Driver/Src/stm32f3xx_ll_usb.o
                              0xbef7c (size before relaxing)

.comment        0x00000000       0x43
 .comment       0x00000000       0x43 ./Core/Src/main.o
                                 0x44 (size before relaxing)
 .comment       0x00000043       0x44 ./Core/Src/stm32f3xx_hal_msp.o
 .comment       0x00000043       0x44 ./Core/Src/stm32f3xx_hal_timebase_tim.o
 .comment       0x00000043       0x44 ./Core/Src/stm32f3xx_it.o
 .comment       0x00000043       0x44 ./Core/Src/system_stm32f3xx.o
 .comment       0x00000043       0x44 ./Drivers/OLED/ssd1306.o
 .comment       0x00000043       0x44 ./Drivers/OLED/ssd1306_fonts.o
 .comment       0x00000043       0x44 ./Drivers/STM32F3xx_HAL_Driver/Src/stm32f3xx_hal.o
 .comment       0x00000043       0x44 ./Drivers/STM32F3xx_HAL_Driver/Src/stm32f3xx_hal_adc.o
 .comment       0x00000043       0x44 ./Drivers/STM32F3xx_HAL_Driver/Src/stm32f3xx_hal_adc_ex.o
 .comment       0x00000043       0x44 ./Drivers/STM32F3xx_HAL_Driver/Src/stm32f3xx_hal_comp.o
 .comment       0x00000043       0x44 ./Drivers/STM32F3xx_HAL_Driver/Src/stm32f3xx_hal_cortex.o
 .comment       0x00000043       0x44 ./Drivers/STM32F3xx_HAL_Driver/Src/stm32f3xx_hal_dma.o
 .comment       0x00000043       0x44 ./Drivers/STM32F3xx_HAL_Driver/Src/stm32f3xx_hal_gpio.o
 .comment       0x00000043       0x44 ./Drivers/STM32F3xx_HAL_Driver/Src/stm32f3xx_hal_i2c.o
 .comment       0x00000043       0x44 ./Drivers/STM32F3xx_HAL_Driver/Src/stm32f3xx_hal_i2c_ex.o
 .comment       0x00000043       0x44 ./Drivers/STM32F3xx_HAL_Driver/Src/stm32f3xx_hal_pcd.o
 .comment       0x00000043       0x44 ./Drivers/STM32F3xx_HAL_Driver/Src/stm32f3xx_hal_rcc.o
 .comment       0x00000043       0x44 ./Drivers/STM32F3xx_HAL_Driver/Src/stm32f3xx_hal_rcc_ex.o
 .comment       0x00000043       0x44 ./Drivers/STM32F3xx_HAL_Driver/Src/stm32f3xx_hal_spi.o
 .comment       0x00000043       0x44 ./Drivers/STM32F3xx_HAL_Driver/Src/stm32f3xx_hal_tim.o
 .comment       0x00000043       0x44 ./Drivers/STM32F3xx_HAL_Driver/Src/stm32f3xx_hal_tim_ex.o
 .comment       0x00000043       0x44 ./Drivers/STM32F3xx_HAL_Driver/Src/stm32f3xx_ll_usb.o

.debug_frame    0x00000000     0x5c84
 .debug_frame   0x00000000      0x270 ./Core/Src/main.o
 .debug_frame   0x00000270      0x1a4 ./Core/Src/stm32f3xx_hal_msp.o
 .debug_frame   0x00000414       0x74 ./Core/Src/stm32f3xx_hal_timebase_tim.o
 .debug_frame   0x00000488      0x1e8 ./Core/Src/stm32f3xx_it.o
 .debug_frame   0x00000670       0x58 ./Core/Src/system_stm32f3xx.o
 .debug_frame   0x000006c8      0x3e4 ./Drivers/OLED/ssd1306.o
 .debug_frame   0x00000aac      0x334 ./Drivers/STM32F3xx_HAL_Driver/Src/stm32f3xx_hal.o
 .debug_frame   0x00000de0      0x380 ./Drivers/STM32F3xx_HAL_Driver/Src/stm32f3xx_hal_adc.o
 .debug_frame   0x00001160      0x644 ./Drivers/STM32F3xx_HAL_Driver/Src/stm32f3xx_hal_adc_ex.o
 .debug_frame   0x000017a4      0x230 ./Drivers/STM32F3xx_HAL_Driver/Src/stm32f3xx_hal_comp.o
 .debug_frame   0x000019d4      0x4e8 ./Drivers/STM32F3xx_HAL_Driver/Src/stm32f3xx_hal_cortex.o
 .debug_frame   0x00001ebc      0x224 ./Drivers/STM32F3xx_HAL_Driver/Src/stm32f3xx_hal_dma.o
 .debug_frame   0x000020e0      0x14c ./Drivers/STM32F3xx_HAL_Driver/Src/stm32f3xx_hal_gpio.o
 .debug_frame   0x0000222c      0xc38 ./Drivers/STM32F3xx_HAL_Driver/Src/stm32f3xx_hal_i2c.o
 .debug_frame   0x00002e64      0x100 ./Drivers/STM32F3xx_HAL_Driver/Src/stm32f3xx_hal_i2c_ex.o
 .debug_frame   0x00002f64      0x590 ./Drivers/STM32F3xx_HAL_Driver/Src/stm32f3xx_hal_pcd.o
 .debug_frame   0x000034f4      0x214 ./Drivers/STM32F3xx_HAL_Driver/Src/stm32f3xx_hal_rcc.o
 .debug_frame   0x00003708       0xb0 ./Drivers/STM32F3xx_HAL_Driver/Src/stm32f3xx_hal_rcc_ex.o
 .debug_frame   0x000037b8      0x860 ./Drivers/STM32F3xx_HAL_Driver/Src/stm32f3xx_hal_spi.o
 .debug_frame   0x00004018     0x1218 ./Drivers/STM32F3xx_HAL_Driver/Src/stm32f3xx_hal_tim.o
 .debug_frame   0x00005230      0x688 ./Drivers/STM32F3xx_HAL_Driver/Src/stm32f3xx_hal_tim_ex.o
 .debug_frame   0x000058b8      0x380 ./Drivers/STM32F3xx_HAL_Driver/Src/stm32f3xx_ll_usb.o
 .debug_frame   0x00005c38       0x20 E:/Windows Kits/New folder/STM32CubeIDE_1.16.1/STM32CubeIDE/plugins/com.st.stm32cube.ide.mcu.externaltools.gnu-tools-for-stm32.12.3.rel1.win32_1.0.200.202406191623/tools/bin/../lib/gcc/arm-none-eabi/12.3.1/../../../../arm-none-eabi/lib/thumb/v7e-m+fp/hard\libc_nano.a(libc_a-memset.o)
 .debug_frame   0x00005c58       0x2c E:/Windows Kits/New folder/STM32CubeIDE_1.16.1/STM32CubeIDE/plugins/com.st.stm32cube.ide.mcu.externaltools.gnu-tools-for-stm32.12.3.rel1.win32_1.0.200.202406191623/tools/bin/../lib/gcc/arm-none-eabi/12.3.1/../../../../arm-none-eabi/lib/thumb/v7e-m+fp/hard\libc_nano.a(libc_a-init.o)

.debug_line_str
                0x00000000       0x76
 .debug_line_str
                0x00000000       0x76 ./Core/Startup/startup_stm32f303rbtx.o
