../Core/Src/main.c:108:5:main	80	static
../Core/Src/main.c:215:6:SystemClock_Config	128	static
../Core/Src/main.c:264:13:MX_ADC1_Init	48	static
../Core/Src/main.c:330:13:MX_ADC2_Init	32	static
../Core/Src/main.c:387:13:MX_ADC3_Init	48	static
../Core/Src/main.c:453:13:MX_ADC4_Init	32	static
../Core/Src/main.c:510:13:MX_COMP3_Init	8	static
../Core/Src/main.c:545:13:MX_COMP4_Init	8	static
../Core/Src/main.c:580:13:MX_COMP5_Init	8	static
../Core/Src/main.c:615:13:MX_COMP6_Init	8	static
../Core/Src/main.c:650:13:MX_I2C2_Init	8	static
../Core/Src/main.c:698:13:MX_SPI1_Init	8	static
../Core/Src/main.c:738:13:MX_SPI3_Init	8	static
../Core/Src/main.c:776:13:MX_DMA_Init	16	static
../Core/Src/main.c:804:13:MX_GPIO_Init	48	static
../Core/Src/main.c:894:6:StartUSB_Transmit	32	static
../Core/Src/main.c:927:6:StartLED_Write	24	static
../Core/Src/main.c:950:6:HAL_TIM_PeriodElapsedCallback	16	static
../Core/Src/main.c:967:6:Error_Handler	4	static,ignoring_inline_asm
