../Core/Src/main.c:97:5:main	1
../Core/Src/main.c:162:6:SystemClock_Config	4
../Core/Src/main.c:211:13:MX_ADC1_Init	4
../Core/Src/main.c:277:13:MX_ADC2_Init	3
../Core/Src/main.c:334:13:MX_ADC3_Init	4
../Core/Src/main.c:400:13:MX_ADC4_Init	3
../Core/Src/main.c:457:13:MX_COMP3_Init	2
../Core/Src/main.c:492:13:MX_COMP4_Init	2
../Core/Src/main.c:527:13:MX_COMP5_Init	2
../Core/Src/main.c:562:13:MX_COMP6_Init	2
../Core/Src/main.c:597:13:MX_I2C2_Init	4
../Core/Src/main.c:645:13:MX_SPI1_Init	2
../Core/Src/main.c:685:13:MX_SPI3_Init	2
../Core/Src/main.c:725:13:MX_USB_PCD_Init	2
../Core/Src/main.c:754:13:MX_DMA_Init	1
../Core/Src/main.c:782:13:MX_GPIO_Init	1
../Core/Src/main.c:862:6:Shift_Reg_Write	3
../Core/Src/main.c:884:6:HAL_TIM_PeriodElapsedCallback	2
../Core/Src/main.c:901:6:Error_Handler	1
