../Core/Src/main.c:92:5:main	8	static
../Core/Src/main.c:148:6:SystemClock_Config	128	static
../Core/Src/main.c:200:13:MX_ADC1_Init	48	static
../Core/Src/main.c:266:13:MX_ADC2_Init	32	static
../Core/Src/main.c:323:13:MX_ADC3_Init	48	static
../Core/Src/main.c:389:13:MX_ADC4_Init	32	static
../Core/Src/main.c:446:13:MX_COMP3_Init	8	static
../Core/Src/main.c:481:13:MX_COMP4_Init	8	static
../Core/Src/main.c:516:13:MX_COMP5_Init	8	static
../Core/Src/main.c:551:13:MX_COMP6_Init	8	static
../Core/Src/main.c:586:13:MX_I2C2_Init	8	static
../Core/Src/main.c:634:13:MX_SPI1_Init	8	static
../Core/Src/main.c:674:13:MX_SPI3_Init	8	static
../Core/Src/main.c:714:13:MX_USB_PCD_Init	8	static
../Core/Src/main.c:745:13:MX_GPIO_Init	48	static
../Core/Src/main.c:832:6:Error_Handler	4	static,ignoring_inline_asm
