../Drivers/STM32F3xx_HAL_Driver/Src/stm32f3xx_hal_comp.c:352:19:HAL_COMP_Init	40	static
../Drivers/STM32F3xx_HAL_Driver/Src/stm32f3xx_hal_comp.c:457:19:HAL_COMP_DeInit	24	static
../Drivers/STM32F3xx_HAL_Driver/Src/stm32f3xx_hal_comp.c:501:13:HAL_COMP_MspInit	16	static
../Drivers/STM32F3xx_HAL_Driver/Src/stm32f3xx_hal_comp.c:516:13:HAL_COMP_MspDeInit	16	static
../Drivers/STM32F3xx_HAL_Driver/Src/stm32f3xx_hal_comp.c:713:19:HAL_COMP_Start	32	static
../Drivers/STM32F3xx_HAL_Driver/Src/stm32f3xx_hal_comp.c:794:19:HAL_COMP_Stop	24	static
../Drivers/STM32F3xx_HAL_Driver/Src/stm32f3xx_hal_comp.c:832:19:HAL_COMP_Start_IT	24	static
../Drivers/STM32F3xx_HAL_Driver/Src/stm32f3xx_hal_comp.c:904:19:HAL_COMP_Stop_IT	24	static
../Drivers/STM32F3xx_HAL_Driver/Src/stm32f3xx_hal_comp.c:921:6:HAL_COMP_IRQHandler	24	static
../Drivers/STM32F3xx_HAL_Driver/Src/stm32f3xx_hal_comp.c:945:13:HAL_COMP_TriggerCallback	16	static
../Drivers/STM32F3xx_HAL_Driver/Src/stm32f3xx_hal_comp.c:979:19:HAL_COMP_Lock	24	static
../Drivers/STM32F3xx_HAL_Driver/Src/stm32f3xx_hal_comp.c:1037:10:HAL_COMP_GetOutputLevel	24	static
../Drivers/STM32F3xx_HAL_Driver/Src/stm32f3xx_hal_comp.c:1076:23:HAL_COMP_GetState	16	static
../Drivers/STM32F3xx_HAL_Driver/Src/stm32f3xx_hal_comp.c:1096:10:HAL_COMP_GetError	16	static
