Archive member included to satisfy reference by file (symbol)

E:/Windows Kits/New folder/STM32CubeIDE_1.16.1/STM32CubeIDE/plugins/com.st.stm32cube.ide.mcu.externaltools.gnu-tools-for-stm32.12.3.rel1.win32_1.0.200.202406191623/tools/bin/../lib/gcc/arm-none-eabi/12.3.1/../../../../arm-none-eabi/lib/thumb/v7e-m+fp/hard\libc_nano.a(libc_a-exit.o)
                              E:/Windows Kits/New folder/STM32CubeIDE_1.16.1/STM32CubeIDE/plugins/com.st.stm32cube.ide.mcu.externaltools.gnu-tools-for-stm32.12.3.rel1.win32_1.0.200.202406191623/tools/bin/../lib/gcc/arm-none-eabi/12.3.1/../../../../arm-none-eabi/lib/thumb/v7e-m+fp/hard/crt0.o (exit)
E:/Windows Kits/New folder/STM32CubeIDE_1.16.1/STM32CubeIDE/plugins/com.st.stm32cube.ide.mcu.externaltools.gnu-tools-for-stm32.12.3.rel1.win32_1.0.200.202406191623/tools/bin/../lib/gcc/arm-none-eabi/12.3.1/../../../../arm-none-eabi/lib/thumb/v7e-m+fp/hard\libc_nano.a(libc_a-findfp.o)
                              E:/Windows Kits/New folder/STM32CubeIDE_1.16.1/STM32CubeIDE/plugins/com.st.stm32cube.ide.mcu.externaltools.gnu-tools-for-stm32.12.3.rel1.win32_1.0.200.202406191623/tools/bin/../lib/gcc/arm-none-eabi/12.3.1/../../../../arm-none-eabi/lib/thumb/v7e-m+fp/hard\libc_nano.a(libc_a-exit.o) (__stdio_exit_handler)
E:/Windows Kits/New folder/STM32CubeIDE_1.16.1/STM32CubeIDE/plugins/com.st.stm32cube.ide.mcu.externaltools.gnu-tools-for-stm32.12.3.rel1.win32_1.0.200.202406191623/tools/bin/../lib/gcc/arm-none-eabi/12.3.1/../../../../arm-none-eabi/lib/thumb/v7e-m+fp/hard\libc_nano.a(libc_a-fwalk.o)
                              E:/Windows Kits/New folder/STM32CubeIDE_1.16.1/STM32CubeIDE/plugins/com.st.stm32cube.ide.mcu.externaltools.gnu-tools-for-stm32.12.3.rel1.win32_1.0.200.202406191623/tools/bin/../lib/gcc/arm-none-eabi/12.3.1/../../../../arm-none-eabi/lib/thumb/v7e-m+fp/hard\libc_nano.a(libc_a-findfp.o) (_fwalk_sglue)
E:/Windows Kits/New folder/STM32CubeIDE_1.16.1/STM32CubeIDE/plugins/com.st.stm32cube.ide.mcu.externaltools.gnu-tools-for-stm32.12.3.rel1.win32_1.0.200.202406191623/tools/bin/../lib/gcc/arm-none-eabi/12.3.1/../../../../arm-none-eabi/lib/thumb/v7e-m+fp/hard\libc_nano.a(libc_a-stdio.o)
                              E:/Windows Kits/New folder/STM32CubeIDE_1.16.1/STM32CubeIDE/plugins/com.st.stm32cube.ide.mcu.externaltools.gnu-tools-for-stm32.12.3.rel1.win32_1.0.200.202406191623/tools/bin/../lib/gcc/arm-none-eabi/12.3.1/../../../../arm-none-eabi/lib/thumb/v7e-m+fp/hard\libc_nano.a(libc_a-findfp.o) (__sread)
E:/Windows Kits/New folder/STM32CubeIDE_1.16.1/STM32CubeIDE/plugins/com.st.stm32cube.ide.mcu.externaltools.gnu-tools-for-stm32.12.3.rel1.win32_1.0.200.202406191623/tools/bin/../lib/gcc/arm-none-eabi/12.3.1/../../../../arm-none-eabi/lib/thumb/v7e-m+fp/hard\libc_nano.a(libc_a-memset.o)
                              E:/Windows Kits/New folder/STM32CubeIDE_1.16.1/STM32CubeIDE/plugins/com.st.stm32cube.ide.mcu.externaltools.gnu-tools-for-stm32.12.3.rel1.win32_1.0.200.202406191623/tools/bin/../lib/gcc/arm-none-eabi/12.3.1/../../../../arm-none-eabi/lib/thumb/v7e-m+fp/hard/crt0.o (memset)
E:/Windows Kits/New folder/STM32CubeIDE_1.16.1/STM32CubeIDE/plugins/com.st.stm32cube.ide.mcu.externaltools.gnu-tools-for-stm32.12.3.rel1.win32_1.0.200.202406191623/tools/bin/../lib/gcc/arm-none-eabi/12.3.1/../../../../arm-none-eabi/lib/thumb/v7e-m+fp/hard\libc_nano.a(libc_a-closer.o)
                              E:/Windows Kits/New folder/STM32CubeIDE_1.16.1/STM32CubeIDE/plugins/com.st.stm32cube.ide.mcu.externaltools.gnu-tools-for-stm32.12.3.rel1.win32_1.0.200.202406191623/tools/bin/../lib/gcc/arm-none-eabi/12.3.1/../../../../arm-none-eabi/lib/thumb/v7e-m+fp/hard\libc_nano.a(libc_a-stdio.o) (_close_r)
E:/Windows Kits/New folder/STM32CubeIDE_1.16.1/STM32CubeIDE/plugins/com.st.stm32cube.ide.mcu.externaltools.gnu-tools-for-stm32.12.3.rel1.win32_1.0.200.202406191623/tools/bin/../lib/gcc/arm-none-eabi/12.3.1/../../../../arm-none-eabi/lib/thumb/v7e-m+fp/hard\libc_nano.a(libc_a-reent.o)
                              E:/Windows Kits/New folder/STM32CubeIDE_1.16.1/STM32CubeIDE/plugins/com.st.stm32cube.ide.mcu.externaltools.gnu-tools-for-stm32.12.3.rel1.win32_1.0.200.202406191623/tools/bin/../lib/gcc/arm-none-eabi/12.3.1/../../../../arm-none-eabi/lib/thumb/v7e-m+fp/hard\libc_nano.a(libc_a-closer.o) (errno)
E:/Windows Kits/New folder/STM32CubeIDE_1.16.1/STM32CubeIDE/plugins/com.st.stm32cube.ide.mcu.externaltools.gnu-tools-for-stm32.12.3.rel1.win32_1.0.200.202406191623/tools/bin/../lib/gcc/arm-none-eabi/12.3.1/../../../../arm-none-eabi/lib/thumb/v7e-m+fp/hard\libc_nano.a(libc_a-impure.o)
                              E:/Windows Kits/New folder/STM32CubeIDE_1.16.1/STM32CubeIDE/plugins/com.st.stm32cube.ide.mcu.externaltools.gnu-tools-for-stm32.12.3.rel1.win32_1.0.200.202406191623/tools/bin/../lib/gcc/arm-none-eabi/12.3.1/../../../../arm-none-eabi/lib/thumb/v7e-m+fp/hard\libc_nano.a(libc_a-reent.o) (_impure_ptr)
[...]
Memory Configuration

Name             Origin             Length             Attributes
CCMRAM           0x10000000         0x00002000         xrw
RAM              0x20000000         0x00008000         xrw
FLASH            0x08000000         0x00020000         xr
*default*        0x00000000         0xffffffff

Linker script and memory map

LOAD E:/Windows Kits/New folder/STM32CubeIDE_1.16.1/STM32CubeIDE/plugins/com.st.stm32cube.ide.mcu.externaltools.gnu-tools-for-stm32.12.3.rel1.win32_1.0.200.202406191623/tools/bin/../lib/gcc/arm-none-eabi/12.3.1/thumb/v7e-m+fp/hard/crti.o
LOAD E:/Windows Kits/New folder/STM32CubeIDE_1.16.1/STM32CubeIDE/plugins/com.st.stm32cube.ide.mcu.externaltools.gnu-tools-for-stm32.12.3.rel1.win32_1.0.200.202406191623/tools/bin/../lib/gcc/arm-none-eabi/12.3.1/thumb/v7e-m+fp/hard/crtbegin.o
LOAD E:/Windows Kits/New folder/STM32CubeIDE_1.16.1/STM32CubeIDE/plugins/com.st.stm32cube.ide.mcu.externaltools.gnu-tools-for-stm32.12.3.rel1.win32_1.0.200.202406191623/tools/bin/../lib/gcc/arm-none-eabi/12.3.1/../../../../arm-none-eabi/lib/thumb/v7e-m+fp/hard/crt0.o
LOAD ./Core/Src/freertos.o
LOAD ./Core/Src/main.o
LOAD ./Core/Src/stm32f3xx_hal_msp.o
LOAD ./Core/Src/stm32f3xx_hal_timebase_tim.o
LOAD ./Core/Src/stm32f3xx_it.o
LOAD ./Core/Src/syscalls.o
LOAD ./Core/Src/sysmem.o
LOAD ./Core/Src/system_stm32f3xx.o
LOAD ./Core/Startup/startup_stm32f303rbtx.o
LOAD ./Drivers/OLED/ssd1306.o
LOAD ./Drivers/OLED/ssd1306_fonts.o
LOAD ./Drivers/STM32F3xx_HAL_Driver/Src/stm32f3xx_hal.o
LOAD ./Drivers/STM32F3xx_HAL_Driver/Src/stm32f3xx_hal_adc.o
LOAD ./Drivers/STM32F3xx_HAL_Driver/Src/stm32f3xx_hal_adc_ex.o
LOAD ./Drivers/STM32F3xx_HAL_Driver/Src/stm32f3xx_hal_comp.o
LOAD ./Drivers/STM32F3xx_HAL_Driver/Src/stm32f3xx_hal_cortex.o
LOAD ./Drivers/STM32F3xx_HAL_Driver/Src/stm32f3xx_hal_dma.o
LOAD ./Drivers/STM32F3xx_HAL_Driver/Src/stm32f3xx_hal_exti.o
LOAD ./Drivers/STM32F3xx_HAL_Driver/Src/stm32f3xx_hal_flash.o
LOAD ./Drivers/STM32F3xx_HAL_Driver/Src/stm32f3xx_hal_flash_ex.o
LOAD ./Drivers/STM32F3xx_HAL_Driver/Src/stm32f3xx_hal_gpio.o
LOAD ./Drivers/STM32F3xx_HAL_Driver/Src/stm32f3xx_hal_i2c.o
LOAD ./Drivers/STM32F3xx_HAL_Driver/Src/stm32f3xx_hal_i2c_ex.o
LOAD ./Drivers/STM32F3xx_HAL_Driver/Src/stm32f3xx_hal_pcd.o
LOAD ./Drivers/STM32F3xx_HAL_Driver/Src/stm32f3xx_hal_pcd_ex.o
LOAD ./Drivers/STM32F3xx_HAL_Driver/Src/stm32f3xx_hal_pwr.o
LOAD ./Drivers/STM32F3xx_HAL_Driver/Src/stm32f3xx_hal_pwr_ex.o
LOAD ./Drivers/STM32F3xx_HAL_Driver/Src/stm32f3xx_hal_rcc.o
LOAD ./Drivers/STM32F3xx_HAL_Driver/Src/stm32f3xx_hal_rcc_ex.o
LOAD ./Drivers/STM32F3xx_HAL_Driver/Src/stm32f3xx_hal_spi.o
LOAD ./Drivers/STM32F3xx_HAL_Driver/Src/stm32f3xx_hal_spi_ex.o
LOAD ./Drivers/STM32F3xx_HAL_Driver/Src/stm32f3xx_hal_tim.o
LOAD ./Drivers/STM32F3xx_HAL_Driver/Src/stm32f3xx_hal_tim_ex.o
LOAD ./Drivers/STM32F3xx_HAL_Driver/Src/stm32f3xx_ll_usb.o
LOAD ./Middlewares/ST/STM32_USB_Device_Library/Class/CDC/Src/usbd_cdc.o
LOAD ./Middlewares/ST/STM32_USB_Device_Library/Core/Src/usbd_core.o
LOAD ./Middlewares/ST/STM32_USB_Device_Library/Core/Src/usbd_ctlreq.o
LOAD ./Middlewares/ST/STM32_USB_Device_Library/Core/Src/usbd_ioreq.o
LOAD ./Middlewares/Third_Party/FreeRTOS/Source/CMSIS_RTOS/cmsis_os.o
LOAD ./Middlewares/Third_Party/FreeRTOS/Source/croutine.o
LOAD ./Middlewares/Third_Party/FreeRTOS/Source/event_groups.o
LOAD ./Middlewares/Third_Party/FreeRTOS/Source/list.o
LOAD ./Middlewares/Third_Party/FreeRTOS/Source/queue.o
LOAD ./Middlewares/Third_Party/FreeRTOS/Source/stream_buffer.o
LOAD ./Middlewares/Third_Party/FreeRTOS/Source/tasks.o
LOAD ./Middlewares/Third_Party/FreeRTOS/Source/timers.o
LOAD ./Middlewares/Third_Party/FreeRTOS/Source/portable/GCC/ARM_CM4F/port.o
LOAD ./Middlewares/Third_Party/FreeRTOS/Source/portable/MemMang/heap_4.o
LOAD ./USB_DEVICE/App/usb_device.o
LOAD ./USB_DEVICE/App/usbd_cdc_if.o
LOAD ./USB_DEVICE/App/usbd_desc.o
LOAD ./USB_DEVICE/Target/usbd_conf.o
START GROUP
LOAD E:/Windows Kits/New folder/STM32CubeIDE_1.16.1/STM32CubeIDE/plugins/com.st.stm32cube.ide.mcu.externaltools.gnu-tools-for-stm32.12.3.rel1.win32_1.0.200.202406191623/tools/bin/../lib/gcc/arm-none-eabi/12.3.1/../../../../arm-none-eabi/lib/thumb/v7e-m+fp/hard\libc_nano.a
LOAD E:/Windows Kits/New folder/STM32CubeIDE_1.16.1/STM32CubeIDE/plugins/com.st.stm32cube.ide.mcu.externaltools.gnu-tools-for-stm32.12.3.rel1.win32_1.0.200.202406191623/tools/bin/../lib/gcc/arm-none-eabi/12.3.1/../../../../arm-none-eabi/lib/thumb/v7e-m+fp/hard\libm.a
END GROUP
START GROUP
LOAD E:/Windows Kits/New folder/STM32CubeIDE_1.16.1/STM32CubeIDE/plugins/com.st.stm32cube.ide.mcu.externaltools.gnu-tools-for-stm32.12.3.rel1.win32_1.0.200.202406191623/tools/bin/../lib/gcc/arm-none-eabi/12.3.1/thumb/v7e-m+fp/hard\libgcc.a
LOAD E:/Windows Kits/New folder/STM32CubeIDE_1.16.1/STM32CubeIDE/plugins/com.st.stm32cube.ide.mcu.externaltools.gnu-tools-for-stm32.12.3.rel1.win32_1.0.200.202406191623/tools/bin/../lib/gcc/arm-none-eabi/12.3.1/../../../../arm-none-eabi/lib/thumb/v7e-m+fp/hard\libc_nano.a
END GROUP
START GROUP
LOAD E:/Windows Kits/New folder/STM32CubeIDE_1.16.1/STM32CubeIDE/plugins/com.st.stm32cube.ide.mcu.externaltools.gnu-tools-for-stm32.12.3.rel1.win32_1.0.200.202406191623/tools/bin/../lib/gcc/arm-none-eabi/12.3.1/thumb/v7e-m+fp/hard\libgcc.a
LOAD E:/Windows Kits/New folder/STM32CubeIDE_1.16.1/STM32CubeIDE/plugins/com.st.stm32cube.ide.mcu.externaltools.gnu-tools-for-stm32.12.3.rel1.win32_1.0.200.202406191623/tools/bin/../lib/gcc/arm-none-eabi/12.3.1/../../../../arm-none-eabi/lib/thumb/v7e-m+fp/hard\libc_nano.a
LOAD E:/Windows Kits/New folder/STM32CubeIDE_1.16.1/STM32CubeIDE/plugins/com.st.stm32cube.ide.mcu.externaltools.gnu-tools-for-stm32.12.3.rel1.win32_1.0.200.202406191623/tools/bin/../lib/gcc/arm-none-eabi/12.3.1/../../../../arm-none-eabi/lib/thumb/v7e-m+fp/hard\libnosys.a
END GROUP
START GROUP
LOAD E:/Windows Kits/New folder/STM32CubeIDE_1.16.1/STM32CubeIDE/plugins/com.st.stm32cube.ide.mcu.externaltools.gnu-tools-for-stm32.12.3.rel1.win32_1.0.200.202406191623/tools/bin/../lib/gcc/arm-none-eabi/12.3.1/thumb/v7e-m+fp/hard\libgcc.a
LOAD E:/Windows Kits/New folder/STM32CubeIDE_1.16.1/STM32CubeIDE/plugins/com.st.stm32cube.ide.mcu.externaltools.gnu-tools-for-stm32.12.3.rel1.win32_1.0.200.202406191623/tools/bin/../lib/gcc/arm-none-eabi/12.3.1/../../../../arm-none-eabi/lib/thumb/v7e-m+fp/hard\libc_nano.a
LOAD E:/Windows Kits/New folder/STM32CubeIDE_1.16.1/STM32CubeIDE/plugins/com.st.stm32cube.ide.mcu.externaltools.gnu-tools-for-stm32.12.3.rel1.win32_1.0.200.202406191623/tools/bin/../lib/gcc/arm-none-eabi/12.3.1/../../../../arm-none-eabi/lib/thumb/v7e-m+fp/hard\libnosys.a
END GROUP
LOAD E:/Windows Kits/New folder/STM32CubeIDE_1.16.1/STM32CubeIDE/plugins/com.st.stm32cube.ide.mcu.externaltools.gnu-tools-for-stm32.12.3.rel1.win32_1.0.200.202406191623/tools/bin/../lib/gcc/arm-none-eabi/12.3.1/thumb/v7e-m+fp/hard/crtend.o
LOAD E:/Windows Kits/New folder/STM32CubeIDE_1.16.1/STM32CubeIDE/plugins/com.st.stm32cube.ide.mcu.externaltools.gnu-tools-for-stm32.12.3.rel1.win32_1.0.200.202406191623/tools/bin/../lib/gcc/arm-none-eabi/12.3.1/thumb/v7e-m+fp/hard/crtn.o
                0x20008000                        _estack = (ORIGIN (RAM) + LENGTH (RAM))
                0x00000200                        _Min_Heap_Size = 0x200
                0x00000400                        _Min_Stack_Size = 0x400

.isr_vector     0x08000000      0x188
                0x08000000                        . = ALIGN (0x4)
 *(.isr_vector)
 .isr_vector    0x08000000      0x188 ./Core/Startup/startup_stm32f303rbtx.o
                0x08000000                g_pfnVectors
                0x08000188                        . = ALIGN (0x4)

.text           0x08000190     0xd2f8
                0x08000190                        . = ALIGN (0x4)
 *(.text)
 .text          0x08000190       0x40 E:/Windows Kits/New folder/STM32CubeIDE_1.16.1/STM32CubeIDE/plugins/com.st.stm32cube.ide.mcu.externaltools.gnu-tools-for-stm32.12.3.rel1.win32_1.0.200.202406191623/tools/bin/../lib/gcc/arm-none-eabi/12.3.1/thumb/v7e-m+fp/hard/crtbegin.o
 .text          0x080001d0       0x10 E:/Windows Kits/New folder/STM32CubeIDE_1.16.1/STM32CubeIDE/plugins/com.st.stm32cube.ide.mcu.externaltools.gnu-tools-for-stm32.12.3.rel1.win32_1.0.200.202406191623/tools/bin/../lib/gcc/arm-none-eabi/12.3.1/../../../../arm-none-eabi/lib/thumb/v7e-m+fp/hard\libc_nano.a(libc_a-strlen.o)
                0x080001d0                strlen
 *(.text*)
 .text.vApplicationGetIdleTaskMemory
                0x080001e0       0x34 ./Core/Src/freertos.o
                0x080001e0                vApplicationGetIdleTaskMemory
 .text.main     0x08000214       0xd4 ./Core/Src/main.o
                0x08000214                main
 .text.SystemClock_Config
                0x080002e8       0xc0 ./Core/Src/main.o
                0x080002e8                SystemClock_Config
 .text.MX_ADC1_Init
                0x080003a8       0xe0 ./Core/Src/main.o
 .text.MX_ADC2_Init
                0x08000488       0xbc ./Core/Src/main.o
 .text.MX_ADC3_Init
                0x08000544       0xe4 ./Core/Src/main.o
 .text.MX_ADC4_Init
                0x08000628       0xbc ./Core/Src/main.o
 .text.MX_COMP3_Init
                0x080006e4       0x5c ./Core/Src/main.o
 .text.MX_COMP4_Init
                0x08000740       0x5c ./Core/Src/main.o
 .text.MX_COMP5_Init
                0x0800079c       0x5c ./Core/Src/main.o
 .text.MX_COMP6_Init
                0x080007f8       0x5c ./Core/Src/main.o
 .text.MX_I2C2_Init
                0x08000854       0x80 ./Core/Src/main.o
 .text.MX_SPI1_Init
                0x080008d4       0x7c ./Core/Src/main.o
 .text.MX_SPI3_Init
                0x08000950       0x7c ./Core/Src/main.o
 .text.MX_DMA_Init
                0x080009cc       0x84 ./Core/Src/main.o
 .text.MX_GPIO_Init
                0x08000a50      0x188 ./Core/Src/main.o
 .text.StartUSB_Transmit
                0x08000bd8       0x88 ./Core/Src/main.o
                0x08000bd8                StartUSB_Transmit
 .text.StartTask02
                0x08000c60       0x10 ./Core/Src/main.o
                0x08000c60                StartTask02
 .text.HAL_TIM_PeriodElapsedCallback
                0x08000c70       0x24 ./Core/Src/main.o
                0x08000c70                HAL_TIM_PeriodElapsedCallback
 .text.Error_Handler
                0x08000c94        0xc ./Core/Src/main.o
                0x08000c94                Error_Handler
 .text.HAL_MspInit
                0x08000ca0       0x50 ./Core/Src/stm32f3xx_hal_msp.o
                0x08000ca0                HAL_MspInit
 .text.HAL_ADC_MspInit
                0x08000cf0      0x390 ./Core/Src/stm32f3xx_hal_msp.o
                0x08000cf0                HAL_ADC_MspInit
 .text.HAL_COMP_MspInit
                0x08001080      0x190 ./Core/Src/stm32f3xx_hal_msp.o
                0x08001080                HAL_COMP_MspInit
 .text.HAL_I2C_MspInit
                0x08001210       0x88 ./Core/Src/stm32f3xx_hal_msp.o
                0x08001210                HAL_I2C_MspInit
 .text.HAL_SPI_MspInit
                0x08001298       0xec ./Core/Src/stm32f3xx_hal_msp.o
                0x08001298                HAL_SPI_MspInit
 .text.HAL_InitTick
                0x08001384       0xe0 ./Core/Src/stm32f3xx_hal_timebase_tim.o
                0x08001384                HAL_InitTick
 .text.NMI_Handler
                0x08001464        0x8 ./Core/Src/stm32f3xx_it.o
                0x08001464                NMI_Handler
 .text.HardFault_Handler
                0x0800146c        0x8 ./Core/Src/stm32f3xx_it.o
                0x0800146c                HardFault_Handler
 .text.MemManage_Handler
                0x08001474        0x8 ./Core/Src/stm32f3xx_it.o
                0x08001474                MemManage_Handler
 .text.BusFault_Handler
                0x0800147c        0x8 ./Core/Src/stm32f3xx_it.o
                0x0800147c                BusFault_Handler
 .text.UsageFault_Handler
                0x08001484        0x8 ./Core/Src/stm32f3xx_it.o
                0x08001484                UsageFault_Handler
 .text.DebugMon_Handler
                0x0800148c        0xe ./Core/Src/stm32f3xx_it.o
                0x0800148c                DebugMon_Handler
 *fill*         0x0800149a        0x2 
 .text.DMA1_Channel1_IRQHandler
                0x0800149c       0x14 ./Core/Src/stm32f3xx_it.o
                0x0800149c                DMA1_Channel1_IRQHandler
 .text.ADC1_2_IRQHandler
                0x080014b0       0x1c ./Core/Src/stm32f3xx_it.o
                0x080014b0                ADC1_2_IRQHandler
 .text.USB_LP_CAN_RX0_IRQHandler
                0x080014cc       0x14 ./Core/Src/stm32f3xx_it.o
                0x080014cc                USB_LP_CAN_RX0_IRQHandler
 .text.TIM1_UP_TIM16_IRQHandler
                0x080014e0       0x14 ./Core/Src/stm32f3xx_it.o
                0x080014e0                TIM1_UP_TIM16_IRQHandler
 .text.ADC3_IRQHandler
                0x080014f4       0x14 ./Core/Src/stm32f3xx_it.o
                0x080014f4                ADC3_IRQHandler
 .text.DMA2_Channel1_IRQHandler
                0x08001508       0x14 ./Core/Src/stm32f3xx_it.o
                0x08001508                DMA2_Channel1_IRQHandler
 .text.DMA2_Channel2_IRQHandler
                0x0800151c       0x14 ./Core/Src/stm32f3xx_it.o
                0x0800151c                DMA2_Channel2_IRQHandler
 .text.DMA2_Channel5_IRQHandler
                0x08001530       0x14 ./Core/Src/stm32f3xx_it.o
                0x08001530                DMA2_Channel5_IRQHandler
 .text.ADC4_IRQHandler
                0x08001544       0x14 ./Core/Src/stm32f3xx_it.o
                0x08001544                ADC4_IRQHandler
 .text.SystemInit
                0x08001558       0x24 ./Core/Src/system_stm32f3xx.o
                0x08001558                SystemInit
 .text.Reset_Handler
                0x0800157c       0x50 ./Core/Startup/startup_stm32f303rbtx.o
                0x0800157c                Reset_Handler
 .text.Default_Handler
                0x080015cc        0x2 ./Core/Startup/startup_stm32f303rbtx.o
                0x080015cc                RTC_Alarm_IRQHandler
                0x080015cc                TIM8_TRG_COM_IRQHandler
                0x080015cc                TIM8_CC_IRQHandler
                0x080015cc                TIM1_CC_IRQHandler
                0x080015cc                USB_HP_IRQHandler
                0x080015cc                PVD_IRQHandler
                0x080015cc                TAMP_STAMP_IRQHandler
                0x080015cc                EXTI3_IRQHandler
                0x080015cc                USB_HP_CAN_TX_IRQHandler
                0x080015cc                EXTI0_IRQHandler
                0x080015cc                I2C2_EV_IRQHandler
                0x080015cc                FPU_IRQHandler
                0x080015cc                SPI1_IRQHandler
                0x080015cc                CAN_SCE_IRQHandler
                0x080015cc                TIM6_DAC_IRQHandler
                0x080015cc                TIM8_UP_IRQHandler
                0x080015cc                DMA1_Channel4_IRQHandler
                0x080015cc                USART3_IRQHandler
                0x080015cc                DMA1_Channel7_IRQHandler
                0x080015cc                UART5_IRQHandler
                0x080015cc                TIM4_IRQHandler
                0x080015cc                CAN_RX1_IRQHandler
                0x080015cc                I2C1_EV_IRQHandler
                0x080015cc                DMA1_Channel6_IRQHandler
                0x080015cc                UART4_IRQHandler
                0x080015cc                DMA2_Channel4_IRQHandler
                0x080015cc                TIM3_IRQHandler
                0x080015cc                RCC_IRQHandler
                0x080015cc                Default_Handler
                0x080015cc                USBWakeUp_RMP_IRQHandler
                0x080015cc                EXTI15_10_IRQHandler
                0x080015cc                TIM7_IRQHandler
                0x080015cc                EXTI9_5_IRQHandler
                0x080015cc                RTC_WKUP_IRQHandler
                0x080015cc                SPI2_IRQHandler
                0x080015cc                DMA1_Channel5_IRQHandler
                0x080015cc                USB_LP_IRQHandler
                0x080015cc                EXTI4_IRQHandler
                0x080015cc                TIM1_TRG_COM_TIM17_IRQHandler
                0x080015cc                DMA1_Channel3_IRQHandler
                0x080015cc                WWDG_IRQHandler
                0x080015cc                TIM2_IRQHandler
                0x080015cc                COMP7_IRQHandler
                0x080015cc                COMP1_2_3_IRQHandler
                0x080015cc                EXTI1_IRQHandler
                0x080015cc                USART2_IRQHandler
                0x080015cc                COMP4_5_6_IRQHandler
                0x080015cc                I2C2_ER_IRQHandler
                0x080015cc                DMA1_Channel2_IRQHandler
                0x080015cc                TIM8_BRK_IRQHandler
                0x080015cc                FLASH_IRQHandler
                0x080015cc                USART1_IRQHandler
                0x080015cc                SPI3_IRQHandler
                0x080015cc                I2C1_ER_IRQHandler
                0x080015cc                USBWakeUp_IRQHandler
                0x080015cc                DMA2_Channel3_IRQHandler
                0x080015cc                EXTI2_TSC_IRQHandler
                0x080015cc                TIM1_BRK_TIM15_IRQHandler
 .text.ssd1306_Reset
                0x080015ce        0xe ./Drivers/OLED/ssd1306.o
                0x080015ce                ssd1306_Reset
 .text.ssd1306_WriteCommand
                0x080015dc       0x30 ./Drivers/OLED/ssd1306.o
                0x080015dc                ssd1306_WriteCommand
 .text.ssd1306_WriteData
                0x0800160c       0x34 ./Drivers/OLED/ssd1306.o
                0x0800160c                ssd1306_WriteData
 .text.ssd1306_Init
                0x08001640       0xd4 ./Drivers/OLED/ssd1306.o
                0x08001640                ssd1306_Init
 .text.ssd1306_Fill
                0x08001714       0x30 ./Drivers/OLED/ssd1306.o
                0x08001714                ssd1306_Fill
 .text.ssd1306_UpdateScreen
                0x08001744       0x50 ./Drivers/OLED/ssd1306.o
                0x08001744                ssd1306_UpdateScreen
 .text.ssd1306_DrawPixel
                0x08001794       0xa8 ./Drivers/OLED/ssd1306.o
                0x08001794                ssd1306_DrawPixel
 .text.ssd1306_WriteChar
                0x0800183c      0x124 ./Drivers/OLED/ssd1306.o
                0x0800183c                ssd1306_WriteChar
 .text.ssd1306_WriteString
                0x08001960       0x4c ./Drivers/OLED/ssd1306.o
                0x08001960                ssd1306_WriteString
 .text.ssd1306_SetCursor
                0x080019ac       0x30 ./Drivers/OLED/ssd1306.o
                0x080019ac                ssd1306_SetCursor
 .text.ssd1306_SetContrast
                0x080019dc       0x26 ./Drivers/OLED/ssd1306.o
                0x080019dc                ssd1306_SetContrast
 *fill*         0x08001a02        0x2 
 .text.ssd1306_SetDisplayOn
                0x08001a04       0x3c ./Drivers/OLED/ssd1306.o
                0x08001a04                ssd1306_SetDisplayOn
 .text.HAL_Init
                0x08001a40       0x2c ./Drivers/STM32F3xx_HAL_Driver/Src/stm32f3xx_hal.o
                0x08001a40                HAL_Init
 .text.HAL_IncTick
                0x08001a6c       0x28 ./Drivers/STM32F3xx_HAL_Driver/Src/stm32f3xx_hal.o
                0x08001a6c                HAL_IncTick
 .text.HAL_GetTick
                0x08001a94       0x18 ./Drivers/STM32F3xx_HAL_Driver/Src/stm32f3xx_hal.o
                0x08001a94                HAL_GetTick
 .text.HAL_Delay
                0x08001aac       0x48 ./Drivers/STM32F3xx_HAL_Driver/Src/stm32f3xx_hal.o
                0x08001aac                HAL_Delay
 .text.HAL_ADC_ConvCpltCallback
                0x08001af4       0x14 ./Drivers/STM32F3xx_HAL_Driver/Src/stm32f3xx_hal_adc.o
                0x08001af4                HAL_ADC_ConvCpltCallback
 .text.HAL_ADC_LevelOutOfWindowCallback
                0x08001b08       0x14 ./Drivers/STM32F3xx_HAL_Driver/Src/stm32f3xx_hal_adc.o
                0x08001b08                HAL_ADC_LevelOutOfWindowCallback
 .text.HAL_ADC_ErrorCallback
                0x08001b1c       0x14 ./Drivers/STM32F3xx_HAL_Driver/Src/stm32f3xx_hal_adc.o
                0x08001b1c                HAL_ADC_ErrorCallback
 .text.HAL_ADC_Init
                0x08001b30      0x3c0 ./Drivers/STM32F3xx_HAL_Driver/Src/stm32f3xx_hal_adc_ex.o
                0x08001b30                HAL_ADC_Init
 .text.HAL_ADC_IRQHandler
                0x08001ef0      0x5cc ./Drivers/STM32F3xx_HAL_Driver/Src/stm32f3xx_hal_adc_ex.o
                0x08001ef0                HAL_ADC_IRQHandler
 .text.HAL_ADCEx_InjectedConvCpltCallback
                0x080024bc       0x14 ./Drivers/STM32F3xx_HAL_Driver/Src/stm32f3xx_hal_adc_ex.o
                0x080024bc                HAL_ADCEx_InjectedConvCpltCallback
 .text.HAL_ADCEx_InjectedQueueOverflowCallback
                0x080024d0       0x14 ./Drivers/STM32F3xx_HAL_Driver/Src/stm32f3xx_hal_adc_ex.o
                0x080024d0                HAL_ADCEx_InjectedQueueOverflowCallback
 .text.HAL_ADCEx_LevelOutOfWindow2Callback
                0x080024e4       0x14 ./Drivers/STM32F3xx_HAL_Driver/Src/stm32f3xx_hal_adc_ex.o
                0x080024e4                HAL_ADCEx_LevelOutOfWindow2Callback
 .text.HAL_ADCEx_LevelOutOfWindow3Callback
                0x080024f8       0x14 ./Drivers/STM32F3xx_HAL_Driver/Src/stm32f3xx_hal_adc_ex.o
                0x080024f8                HAL_ADCEx_LevelOutOfWindow3Callback
 .text.HAL_ADC_ConfigChannel
                0x0800250c      0x5d4 ./Drivers/STM32F3xx_HAL_Driver/Src/stm32f3xx_hal_adc_ex.o
                0x0800250c                HAL_ADC_ConfigChannel
 .text.HAL_ADCEx_MultiModeConfigChannel
                0x08002ae0      0x1e4 ./Drivers/STM32F3xx_HAL_Driver/Src/stm32f3xx_hal_adc_ex.o
                0x08002ae0                HAL_ADCEx_MultiModeConfigChannel
 .text.ADC_Disable
                0x08002cc4       0xcc ./Drivers/STM32F3xx_HAL_Driver/Src/stm32f3xx_hal_adc_ex.o
 .text.HAL_COMP_Init
                0x08002d90      0x154 ./Drivers/STM32F3xx_HAL_Driver/Src/stm32f3xx_hal_comp.o
                0x08002d90                HAL_COMP_Init
 .text.__NVIC_SetPriorityGrouping
                0x08002ee4       0x48 ./Drivers/STM32F3xx_HAL_Driver/Src/stm32f3xx_hal_cortex.o
 .text.__NVIC_GetPriorityGrouping
                0x08002f2c       0x1c ./Drivers/STM32F3xx_HAL_Driver/Src/stm32f3xx_hal_cortex.o
 .text.__NVIC_EnableIRQ
                0x08002f48       0x3c ./Drivers/STM32F3xx_HAL_Driver/Src/stm32f3xx_hal_cortex.o
 .text.__NVIC_SetPriority
                0x08002f84       0x54 ./Drivers/STM32F3xx_HAL_Driver/Src/stm32f3xx_hal_cortex.o
 .text.NVIC_EncodePriority
                0x08002fd8       0x66 ./Drivers/STM32F3xx_HAL_Driver/Src/stm32f3xx_hal_cortex.o
 .text.HAL_NVIC_SetPriorityGrouping
                0x0800303e       0x16 ./Drivers/STM32F3xx_HAL_Driver/Src/stm32f3xx_hal_cortex.o
                0x0800303e                HAL_NVIC_SetPriorityGrouping
 .text.HAL_NVIC_SetPriority
                0x08003054       0x38 ./Drivers/STM32F3xx_HAL_Driver/Src/stm32f3xx_hal_cortex.o
                0x08003054                HAL_NVIC_SetPriority
 .text.HAL_NVIC_EnableIRQ
                0x0800308c       0x1c ./Drivers/STM32F3xx_HAL_Driver/Src/stm32f3xx_hal_cortex.o
                0x0800308c                HAL_NVIC_EnableIRQ
 .text.HAL_DMA_Init
                0x080030a8       0x8e ./Drivers/STM32F3xx_HAL_Driver/Src/stm32f3xx_hal_dma.o
                0x080030a8                HAL_DMA_Init
 .text.HAL_DMA_IRQHandler
                0x08003136      0x146 ./Drivers/STM32F3xx_HAL_Driver/Src/stm32f3xx_hal_dma.o
                0x08003136                HAL_DMA_IRQHandler
 .text.DMA_CalcBaseAndBitshift
                0x0800327c       0x78 ./Drivers/STM32F3xx_HAL_Driver/Src/stm32f3xx_hal_dma.o
 .text.HAL_GPIO_Init
                0x080032f4      0x2f4 ./Drivers/STM32F3xx_HAL_Driver/Src/stm32f3xx_hal_gpio.o
                0x080032f4                HAL_GPIO_Init
 .text.HAL_GPIO_WritePin
                0x080035e8       0x30 ./Drivers/STM32F3xx_HAL_Driver/Src/stm32f3xx_hal_gpio.o
                0x080035e8                HAL_GPIO_WritePin
 .text.HAL_I2C_Init
                0x08003618      0x136 ./Drivers/STM32F3xx_HAL_Driver/Src/stm32f3xx_hal_i2c.o
                0x08003618                HAL_I2C_Init
 *fill*         0x0800374e        0x2 
 .text.HAL_I2C_Mem_Write
                0x08003750      0x228 ./Drivers/STM32F3xx_HAL_Driver/Src/stm32f3xx_hal_i2c.o
                0x08003750                HAL_I2C_Mem_Write
 .text.I2C_RequestMemoryWrite
                0x08003978       0xa8 ./Drivers/STM32F3xx_HAL_Driver/Src/stm32f3xx_hal_i2c.o
 .text.I2C_Flush_TXDR
                0x08003a20       0x48 ./Drivers/STM32F3xx_HAL_Driver/Src/stm32f3xx_hal_i2c.o
 .text.I2C_WaitOnFlagUntilTimeout
                0x08003a68       0xb2 ./Drivers/STM32F3xx_HAL_Driver/Src/stm32f3xx_hal_i2c.o
 .text.I2C_WaitOnTXISFlagUntilTimeout
                0x08003b1a       0x8e ./Drivers/STM32F3xx_HAL_Driver/Src/stm32f3xx_hal_i2c.o
 .text.I2C_WaitOnSTOPFlagUntilTimeout
                0x08003ba8       0x86 ./Drivers/STM32F3xx_HAL_Driver/Src/stm32f3xx_hal_i2c.o
 *fill*         0x08003c2e        0x2 
 .text.I2C_IsErrorOccurred
                0x08003c30      0x1c0 ./Drivers/STM32F3xx_HAL_Driver/Src/stm32f3xx_hal_i2c.o
 .text.I2C_TransferConfig
                0x08003df0       0x64 ./Drivers/STM32F3xx_HAL_Driver/Src/stm32f3xx_hal_i2c.o
 .text.HAL_I2CEx_ConfigAnalogFilter
                0x08003e54       0x96 ./Drivers/STM32F3xx_HAL_Driver/Src/stm32f3xx_hal_i2c_ex.o
                0x08003e54                HAL_I2CEx_ConfigAnalogFilter
 .text.HAL_I2CEx_ConfigDigitalFilter
                0x08003eea       0x98 ./Drivers/STM32F3xx_HAL_Driver/Src/stm32f3xx_hal_i2c_ex.o
                0x08003eea                HAL_I2CEx_ConfigDigitalFilter
 .text.HAL_PCD_Init
                0x08003f82      0x18e ./Drivers/STM32F3xx_HAL_Driver/Src/stm32f3xx_hal_pcd.o
                0x08003f82                HAL_PCD_Init
 .text.HAL_PCD_Start
                0x08004110       0x4c ./Drivers/STM32F3xx_HAL_Driver/Src/stm32f3xx_hal_pcd.o
                0x08004110                HAL_PCD_Start
 .text.HAL_PCD_IRQHandler
                0x0800415c      0x1a8 ./Drivers/STM32F3xx_HAL_Driver/Src/stm32f3xx_hal_pcd.o
                0x0800415c                HAL_PCD_IRQHandler
 .text.HAL_PCD_SetAddress
                0x08004304       0x48 ./Drivers/STM32F3xx_HAL_Driver/Src/stm32f3xx_hal_pcd.o
                0x08004304                HAL_PCD_SetAddress
 .text.HAL_PCD_EP_Open
                0x0800434c       0xba ./Drivers/STM32F3xx_HAL_Driver/Src/stm32f3xx_hal_pcd.o
                0x0800434c                HAL_PCD_EP_Open
 .text.HAL_PCD_EP_Close
                0x08004406       0x90 ./Drivers/STM32F3xx_HAL_Driver/Src/stm32f3xx_hal_pcd.o
                0x08004406                HAL_PCD_EP_Close
 .text.HAL_PCD_EP_Receive
                0x08004496       0x62 ./Drivers/STM32F3xx_HAL_Driver/Src/stm32f3xx_hal_pcd.o
                0x08004496                HAL_PCD_EP_Receive
 .text.HAL_PCD_EP_GetRxCount
                0x080044f8       0x30 ./Drivers/STM32F3xx_HAL_Driver/Src/stm32f3xx_hal_pcd.o
                0x080044f8                HAL_PCD_EP_GetRxCount
 .text.HAL_PCD_EP_Transmit
                0x08004528       0x6e ./Drivers/STM32F3xx_HAL_Driver/Src/stm32f3xx_hal_pcd.o
                0x08004528                HAL_PCD_EP_Transmit
 .text.HAL_PCD_EP_SetStall
                0x08004596       0xa4 ./Drivers/STM32F3xx_HAL_Driver/Src/stm32f3xx_hal_pcd.o
                0x08004596                HAL_PCD_EP_SetStall
 .text.HAL_PCD_EP_ClrStall
                0x0800463a       0xa8 ./Drivers/STM32F3xx_HAL_Driver/Src/stm32f3xx_hal_pcd.o
                0x0800463a                HAL_PCD_EP_ClrStall
 .text.PCD_EP_ISR_Handler
                0x080046e2      0x79e ./Drivers/STM32F3xx_HAL_Driver/Src/stm32f3xx_hal_pcd.o
 .text.HAL_PCD_EP_DB_Receive
                0x08004e80      0x21a ./Drivers/STM32F3xx_HAL_Driver/Src/stm32f3xx_hal_pcd.o
 .text.HAL_PCD_EP_DB_Transmit
                0x0800509a      0x7f4 ./Drivers/STM32F3xx_HAL_Driver/Src/stm32f3xx_hal_pcd.o
 .text.HAL_PCDEx_PMAConfig
                0x0800588e       0x86 ./Drivers/STM32F3xx_HAL_Driver/Src/stm32f3xx_hal_pcd_ex.o
                0x0800588e                HAL_PCDEx_PMAConfig
 .text.HAL_RCC_OscConfig
                0x08005914     0x107c ./Drivers/STM32F3xx_HAL_Driver/Src/stm32f3xx_hal_rcc.o
                0x08005914                HAL_RCC_OscConfig
 .text.HAL_RCC_ClockConfig
                0x08006990      0x2f8 ./Drivers/STM32F3xx_HAL_Driver/Src/stm32f3xx_hal_rcc.o
                0x08006990                HAL_RCC_ClockConfig
 .text.HAL_RCC_GetSysClockFreq
                0x08006c88       0xac ./Drivers/STM32F3xx_HAL_Driver/Src/stm32f3xx_hal_rcc.o
                0x08006c88                HAL_RCC_GetSysClockFreq
 .text.HAL_RCC_GetHCLKFreq
                0x08006d34       0x18 ./Drivers/STM32F3xx_HAL_Driver/Src/stm32f3xx_hal_rcc.o
                0x08006d34                HAL_RCC_GetHCLKFreq
 .text.HAL_RCC_GetPCLK2Freq
                0x08006d4c       0x44 ./Drivers/STM32F3xx_HAL_Driver/Src/stm32f3xx_hal_rcc.o
                0x08006d4c                HAL_RCC_GetPCLK2Freq
 .text.HAL_RCC_GetClockConfig
                0x08006d90       0x64 ./Drivers/STM32F3xx_HAL_Driver/Src/stm32f3xx_hal_rcc.o
                0x08006d90                HAL_RCC_GetClockConfig
 .text.HAL_RCCEx_PeriphCLKConfig
                0x08006df4      0x360 ./Drivers/STM32F3xx_HAL_Driver/Src/stm32f3xx_hal_rcc_ex.o
                0x08006df4                HAL_RCCEx_PeriphCLKConfig
 .text.HAL_SPI_Init
                0x08007154      0x156 ./Drivers/STM32F3xx_HAL_Driver/Src/stm32f3xx_hal_spi.o
                0x08007154                HAL_SPI_Init
 .text.HAL_TIM_Base_Init
                0x080072aa       0xae ./Drivers/STM32F3xx_HAL_Driver/Src/stm32f3xx_hal_tim.o
                0x080072aa                HAL_TIM_Base_Init
 .text.HAL_TIM_Base_MspInit
                0x08007358       0x14 ./Drivers/STM32F3xx_HAL_Driver/Src/stm32f3xx_hal_tim.o
                0x08007358                HAL_TIM_Base_MspInit
 .text.HAL_TIM_Base_Start_IT
                0x0800736c       0xd4 ./Drivers/STM32F3xx_HAL_Driver/Src/stm32f3xx_hal_tim.o
                0x0800736c                HAL_TIM_Base_Start_IT
 .text.HAL_TIM_IRQHandler
                0x08007440      0x204 ./Drivers/STM32F3xx_HAL_Driver/Src/stm32f3xx_hal_tim.o
                0x08007440                HAL_TIM_IRQHandler
 .text.HAL_TIM_OC_DelayElapsedCallback
                0x08007644       0x14 ./Drivers/STM32F3xx_HAL_Driver/Src/stm32f3xx_hal_tim.o
                0x08007644                HAL_TIM_OC_DelayElapsedCallback
 .text.HAL_TIM_IC_CaptureCallback
                0x08007658       0x14 ./Drivers/STM32F3xx_HAL_Driver/Src/stm32f3xx_hal_tim.o
                0x08007658                HAL_TIM_IC_CaptureCallback
 .text.HAL_TIM_PWM_PulseFinishedCallback
                0x0800766c       0x14 ./Drivers/STM32F3xx_HAL_Driver/Src/stm32f3xx_hal_tim.o
                0x0800766c                HAL_TIM_PWM_PulseFinishedCallback
 .text.HAL_TIM_TriggerCallback
                0x08007680       0x14 ./Drivers/STM32F3xx_HAL_Driver/Src/stm32f3xx_hal_tim.o
                0x08007680                HAL_TIM_TriggerCallback
 .text.TIM_Base_SetConfig
                0x08007694      0x138 ./Drivers/STM32F3xx_HAL_Driver/Src/stm32f3xx_hal_tim.o
                0x08007694                TIM_Base_SetConfig
 .text.HAL_TIMEx_CommutCallback
                0x080077cc       0x14 ./Drivers/STM32F3xx_HAL_Driver/Src/stm32f3xx_hal_tim_ex.o
                0x080077cc                HAL_TIMEx_CommutCallback
 .text.HAL_TIMEx_BreakCallback
                0x080077e0       0x14 ./Drivers/STM32F3xx_HAL_Driver/Src/stm32f3xx_hal_tim_ex.o
                0x080077e0                HAL_TIMEx_BreakCallback
 .text.HAL_TIMEx_Break2Callback
                0x080077f4       0x14 ./Drivers/STM32F3xx_HAL_Driver/Src/stm32f3xx_hal_tim_ex.o
                0x080077f4                HAL_TIMEx_Break2Callback
 .text.USB_EnableGlobalInt
                0x08007808       0x2e ./Drivers/STM32F3xx_HAL_Driver/Src/stm32f3xx_ll_usb.o
                0x08007808                USB_EnableGlobalInt
 .text.USB_DisableGlobalInt
                0x08007836       0x36 ./Drivers/STM32F3xx_HAL_Driver/Src/stm32f3xx_ll_usb.o
                0x08007836                USB_DisableGlobalInt
 .text.USB_DevInit
                0x0800786c       0x3c ./Drivers/STM32F3xx_HAL_Driver/Src/stm32f3xx_ll_usb.o
                0x0800786c                USB_DevInit
 .text.USB_ActivateEndpoint
                0x080078a8      0x788 ./Drivers/STM32F3xx_HAL_Driver/Src/stm32f3xx_ll_usb.o
                0x080078a8                USB_ActivateEndpoint
 .text.USB_DeactivateEndpoint
                0x08008030      0x3da ./Drivers/STM32F3xx_HAL_Driver/Src/stm32f3xx_ll_usb.o
                0x08008030                USB_DeactivateEndpoint
 .text.USB_EPStartXfer
                0x0800840a     0x1764 ./Drivers/STM32F3xx_HAL_Driver/Src/stm32f3xx_ll_usb.o
                0x0800840a                USB_EPStartXfer
 .text.USB_EPSetStall
                0x08009b6e       0xa2 ./Drivers/STM32F3xx_HAL_Driver/Src/stm32f3xx_ll_usb.o
                0x08009b6e                USB_EPSetStall
 .text.USB_EPClearStall
                0x08009c10      0x15c ./Drivers/STM32F3xx_HAL_Driver/Src/stm32f3xx_ll_usb.o
                0x08009c10                USB_EPClearStall
 .text.USB_SetDevAddress
                0x08009d6c       0x28 ./Drivers/STM32F3xx_HAL_Driver/Src/stm32f3xx_ll_usb.o
                0x08009d6c                USB_SetDevAddress
 .text.USB_DevConnect
                0x08009d94       0x16 ./Drivers/STM32F3xx_HAL_Driver/Src/stm32f3xx_ll_usb.o
                0x08009d94                USB_DevConnect
 .text.USB_ReadInterrupts
                0x08009daa       0x20 ./Drivers/STM32F3xx_HAL_Driver/Src/stm32f3xx_ll_usb.o
                0x08009daa                USB_ReadInterrupts
 .text.USB_WritePMA
                0x08009dca       0x8c ./Drivers/STM32F3xx_HAL_Driver/Src/stm32f3xx_ll_usb.o
                0x08009dca                USB_WritePMA
 .text.USB_ReadPMA
                0x08009e56       0xa0 ./Drivers/STM32F3xx_HAL_Driver/Src/stm32f3xx_ll_usb.o
                0x08009e56                USB_ReadPMA
 .text.USBD_CDC_Init
                0x08009ef6       0xf4 ./Middlewares/ST/STM32_USB_Device_Library/Class/CDC/Src/usbd_cdc.o
 .text.USBD_CDC_DeInit
                0x08009fea       0x6e ./Middlewares/ST/STM32_USB_Device_Library/Class/CDC/Src/usbd_cdc.o
 .text.USBD_CDC_Setup
                0x0800a058      0x146 ./Middlewares/ST/STM32_USB_Device_Library/Class/CDC/Src/usbd_cdc.o
 .text.USBD_CDC_DataIn
                0x0800a19e       0xa6 ./Middlewares/ST/STM32_USB_Device_Library/Class/CDC/Src/usbd_cdc.o
 .text.USBD_CDC_DataOut
                0x0800a244       0x56 ./Middlewares/ST/STM32_USB_Device_Library/Class/CDC/Src/usbd_cdc.o
 .text.USBD_CDC_EP0_RxReady
                0x0800a29a       0x4e ./Middlewares/ST/STM32_USB_Device_Library/Class/CDC/Src/usbd_cdc.o
 .text.USBD_CDC_GetFSCfgDesc
                0x0800a2e8       0x20 ./Middlewares/ST/STM32_USB_Device_Library/Class/CDC/Src/usbd_cdc.o
 .text.USBD_CDC_GetHSCfgDesc
                0x0800a308       0x20 ./Middlewares/ST/STM32_USB_Device_Library/Class/CDC/Src/usbd_cdc.o
 .text.USBD_CDC_GetOtherSpeedCfgDesc
                0x0800a328       0x20 ./Middlewares/ST/STM32_USB_Device_Library/Class/CDC/Src/usbd_cdc.o
 .text.USBD_CDC_GetDeviceQualifierDescriptor
                0x0800a348       0x20 ./Middlewares/ST/STM32_USB_Device_Library/Class/CDC/Src/usbd_cdc.o
                0x0800a348                USBD_CDC_GetDeviceQualifierDescriptor
 .text.USBD_CDC_RegisterInterface
                0x0800a368       0x2e ./Middlewares/ST/STM32_USB_Device_Library/Class/CDC/Src/usbd_cdc.o
                0x0800a368                USBD_CDC_RegisterInterface
 .text.USBD_CDC_SetTxBuffer
                0x0800a396       0x34 ./Middlewares/ST/STM32_USB_Device_Library/Class/CDC/Src/usbd_cdc.o
                0x0800a396                USBD_CDC_SetTxBuffer
 .text.USBD_CDC_SetRxBuffer
                0x0800a3ca       0x28 ./Middlewares/ST/STM32_USB_Device_Library/Class/CDC/Src/usbd_cdc.o
                0x0800a3ca                USBD_CDC_SetRxBuffer
 .text.USBD_CDC_TransmitPacket
                0x0800a3f2       0x5e ./Middlewares/ST/STM32_USB_Device_Library/Class/CDC/Src/usbd_cdc.o
                0x0800a3f2                USBD_CDC_TransmitPacket
 .text.USBD_CDC_ReceivePacket
                0x0800a450       0x54 ./Middlewares/ST/STM32_USB_Device_Library/Class/CDC/Src/usbd_cdc.o
                0x0800a450                USBD_CDC_ReceivePacket
 .text.USBD_Init
                0x0800a4a4       0x56 ./Middlewares/ST/STM32_USB_Device_Library/Core/Src/usbd_core.o
                0x0800a4a4                USBD_Init
 .text.USBD_RegisterClass
                0x0800a4fa       0x34 ./Middlewares/ST/STM32_USB_Device_Library/Core/Src/usbd_core.o
                0x0800a4fa                USBD_RegisterClass
 .text.USBD_Start
                0x0800a52e       0x18 ./Middlewares/ST/STM32_USB_Device_Library/Core/Src/usbd_core.o
                0x0800a52e                USBD_Start
 .text.USBD_RunTestMode
                0x0800a546       0x16 ./Middlewares/ST/STM32_USB_Device_Library/Core/Src/usbd_core.o
                0x0800a546                USBD_RunTestMode
 .text.USBD_SetClassConfig
                0x0800a55c       0x3e ./Middlewares/ST/STM32_USB_Device_Library/Core/Src/usbd_core.o
                0x0800a55c                USBD_SetClassConfig
 .text.USBD_ClrClassConfig
                0x0800a59a       0x26 ./Middlewares/ST/STM32_USB_Device_Library/Core/Src/usbd_core.o
                0x0800a59a                USBD_ClrClassConfig
 .text.USBD_LL_SetupStage
                0x0800a5c0       0x9a ./Middlewares/ST/STM32_USB_Device_Library/Core/Src/usbd_core.o
                0x0800a5c0                USBD_LL_SetupStage
 .text.USBD_LL_DataOutStage
                0x0800a65a       0xe2 ./Middlewares/ST/STM32_USB_Device_Library/Core/Src/usbd_core.o
                0x0800a65a                USBD_LL_DataOutStage
 .text.USBD_LL_DataInStage
                0x0800a73c      0x14a ./Middlewares/ST/STM32_USB_Device_Library/Core/Src/usbd_core.o
                0x0800a73c                USBD_LL_DataInStage
 .text.USBD_LL_Reset
                0x0800a886       0x82 ./Middlewares/ST/STM32_USB_Device_Library/Core/Src/usbd_core.o
                0x0800a886                USBD_LL_Reset
 .text.USBD_LL_SetSpeed
                0x0800a908       0x20 ./Middlewares/ST/STM32_USB_Device_Library/Core/Src/usbd_core.o
                0x0800a908                USBD_LL_SetSpeed
 .text.USBD_LL_Suspend
                0x0800a928       0x2a ./Middlewares/ST/STM32_USB_Device_Library/Core/Src/usbd_core.o
                0x0800a928                USBD_LL_Suspend
 .text.USBD_LL_Resume
                0x0800a952       0x2c ./Middlewares/ST/STM32_USB_Device_Library/Core/Src/usbd_core.o
                0x0800a952                USBD_LL_Resume
 .text.USBD_LL_SOF
                0x0800a97e       0x34 ./Middlewares/ST/STM32_USB_Device_Library/Core/Src/usbd_core.o
                0x0800a97e                USBD_LL_SOF
 *fill*         0x0800a9b2        0x2 
 .text.USBD_StdDevReq
                0x0800a9b4       0xd4 ./Middlewares/ST/STM32_USB_Device_Library/Core/Src/usbd_ctlreq.o
                0x0800a9b4                USBD_StdDevReq
 .text.USBD_StdItfReq
                0x0800aa88       0x90 ./Middlewares/ST/STM32_USB_Device_Library/Core/Src/usbd_ctlreq.o
                0x0800aa88                USBD_StdItfReq
 .text.USBD_StdEPReq
                0x0800ab18      0x2c6 ./Middlewares/ST/STM32_USB_Device_Library/Core/Src/usbd_ctlreq.o
                0x0800ab18                USBD_StdEPReq
 *fill*         0x0800adde        0x2 
 .text.USBD_GetDescriptor
                0x0800ade0      0x2d0 ./Middlewares/ST/STM32_USB_Device_Library/Core/Src/usbd_ctlreq.o
 .text.USBD_SetAddress
                0x0800b0b0       0x86 ./Middlewares/ST/STM32_USB_Device_Library/Core/Src/usbd_ctlreq.o
 *fill*         0x0800b136        0x2 
 .text.USBD_SetConfig
                0x0800b138      0x11c ./Middlewares/ST/STM32_USB_Device_Library/Core/Src/usbd_ctlreq.o
 .text.USBD_GetConfig
                0x0800b254       0x6a ./Middlewares/ST/STM32_USB_Device_Library/Core/Src/usbd_ctlreq.o
 .text.USBD_GetStatus
                0x0800b2be       0x66 ./Middlewares/ST/STM32_USB_Device_Library/Core/Src/usbd_ctlreq.o
 .text.USBD_SetFeature
                0x0800b324       0x28 ./Middlewares/ST/STM32_USB_Device_Library/Core/Src/usbd_ctlreq.o
 .text.USBD_ClrFeature
                0x0800b34c       0x42 ./Middlewares/ST/STM32_USB_Device_Library/Core/Src/usbd_ctlreq.o
 .text.USBD_ParseSetupRequest
                0x0800b38e       0x74 ./Middlewares/ST/STM32_USB_Device_Library/Core/Src/usbd_ctlreq.o
                0x0800b38e                USBD_ParseSetupRequest
 .text.USBD_CtlError
                0x0800b402       0x22 ./Middlewares/ST/STM32_USB_Device_Library/Core/Src/usbd_ctlreq.o
                0x0800b402                USBD_CtlError
 .text.USBD_GetString
                0x0800b424       0x84 ./Middlewares/ST/STM32_USB_Device_Library/Core/Src/usbd_ctlreq.o
                0x0800b424                USBD_GetString
 .text.USBD_GetLen
                0x0800b4a8       0x30 ./Middlewares/ST/STM32_USB_Device_Library/Core/Src/usbd_ctlreq.o
 .text.USBD_CtlSendData
                0x0800b4d8       0x38 ./Middlewares/ST/STM32_USB_Device_Library/Core/Src/usbd_ioreq.o
                0x0800b4d8                USBD_CtlSendData
 .text.USBD_CtlContinueSendData
                0x0800b510       0x24 ./Middlewares/ST/STM32_USB_Device_Library/Core/Src/usbd_ioreq.o
                0x0800b510                USBD_CtlContinueSendData
 .text.USBD_CtlPrepareRx
                0x0800b534       0x3c ./Middlewares/ST/STM32_USB_Device_Library/Core/Src/usbd_ioreq.o
                0x0800b534                USBD_CtlPrepareRx
 .text.USBD_CtlContinueRx
                0x0800b570       0x24 ./Middlewares/ST/STM32_USB_Device_Library/Core/Src/usbd_ioreq.o
                0x0800b570                USBD_CtlContinueRx
 .text.USBD_CtlSendStatus
                0x0800b594       0x26 ./Middlewares/ST/STM32_USB_Device_Library/Core/Src/usbd_ioreq.o
                0x0800b594                USBD_CtlSendStatus
 .text.USBD_CtlReceiveStatus
                0x0800b5ba       0x26 ./Middlewares/ST/STM32_USB_Device_Library/Core/Src/usbd_ioreq.o
                0x0800b5ba                USBD_CtlReceiveStatus
 .text.makeFreeRtosPriority
                0x0800b5e0       0x30 ./Middlewares/Third_Party/FreeRTOS/Source/CMSIS_RTOS/cmsis_os.o
 .text.osKernelStart
                0x0800b610        0xe ./Middlewares/Third_Party/FreeRTOS/Source/CMSIS_RTOS/cmsis_os.o
                0x0800b610                osKernelStart
 .text.osThreadCreate
                0x0800b61e       0x98 ./Middlewares/Third_Party/FreeRTOS/Source/CMSIS_RTOS/cmsis_os.o
                0x0800b61e                osThreadCreate
 .text.osDelay  0x0800b6b6       0x28 ./Middlewares/Third_Party/FreeRTOS/Source/CMSIS_RTOS/cmsis_os.o
                0x0800b6b6                osDelay
 .text.vListInitialise
                0x0800b6de       0x40 ./Middlewares/Third_Party/FreeRTOS/Source/list.o
                0x0800b6de                vListInitialise
 .text.vListInitialiseItem
                0x0800b71e       0x1a ./Middlewares/Third_Party/FreeRTOS/Source/list.o
                0x0800b71e                vListInitialiseItem
 .text.vListInsertEnd
                0x0800b738       0x48 ./Middlewares/Third_Party/FreeRTOS/Source/list.o
                0x0800b738                vListInsertEnd
 .text.vListInsert
                0x0800b780       0x72 ./Middlewares/Third_Party/FreeRTOS/Source/list.o
                0x0800b780                vListInsert
 .text.uxListRemove
                0x0800b7f2       0x54 ./Middlewares/Third_Party/FreeRTOS/Source/list.o
                0x0800b7f2                uxListRemove
 .text.xTaskCreateStatic
                0x0800b846       0xbe ./Middlewares/Third_Party/FreeRTOS/Source/tasks.o
                0x0800b846                xTaskCreateStatic
 .text.xTaskCreate
                0x0800b904       0x8a ./Middlewares/Third_Party/FreeRTOS/Source/tasks.o
                0x0800b904                xTaskCreate
 .text.prvInitialiseNewTask
                0x0800b98e      0x100 ./Middlewares/Third_Party/FreeRTOS/Source/tasks.o
 *fill*         0x0800ba8e        0x2 
 .text.prvAddNewTaskToReadyList
                0x0800ba90       0xd4 ./Middlewares/Third_Party/FreeRTOS/Source/tasks.o
 .text.vTaskDelay
                0x0800bb64       0x6c ./Middlewares/Third_Party/FreeRTOS/Source/tasks.o
                0x0800bb64                vTaskDelay
 .text.vTaskStartScheduler
                0x0800bbd0       0xc4 ./Middlewares/Third_Party/FreeRTOS/Source/tasks.o
                0x0800bbd0                vTaskStartScheduler
 .text.vTaskSuspendAll
                0x0800bc94       0x1c ./Middlewares/Third_Party/FreeRTOS/Source/tasks.o
                0x0800bc94                vTaskSuspendAll
 .text.xTaskResumeAll
                0x0800bcb0      0x13c ./Middlewares/Third_Party/FreeRTOS/Source/tasks.o
                0x0800bcb0                xTaskResumeAll
 .text.xTaskIncrementTick
                0x0800bdec      0x17c ./Middlewares/Third_Party/FreeRTOS/Source/tasks.o
                0x0800bdec                xTaskIncrementTick
 .text.vTaskSwitchContext
                0x0800bf68       0xb8 ./Middlewares/Third_Party/FreeRTOS/Source/tasks.o
                0x0800bf68                vTaskSwitchContext
 .text.prvIdleTask
                0x0800c020       0x30 ./Middlewares/Third_Party/FreeRTOS/Source/tasks.o
 .text.prvInitialiseTaskLists
                0x0800c050       0x80 ./Middlewares/Third_Party/FreeRTOS/Source/tasks.o
 .text.prvCheckTasksWaitingTermination
                0x0800c0d0       0x5c ./Middlewares/Third_Party/FreeRTOS/Source/tasks.o
 .text.prvDeleteTCB
                0x0800c12c       0x60 ./Middlewares/Third_Party/FreeRTOS/Source/tasks.o
 .text.prvResetNextTaskUnblockTime
                0x0800c18c       0x4c ./Middlewares/Third_Party/FreeRTOS/Source/tasks.o
 .text.prvAddCurrentTaskToDelayedList
                0x0800c1d8       0xcc ./Middlewares/Third_Party/FreeRTOS/Source/tasks.o
 .text.pxPortInitialiseStack
                0x0800c2a4       0x68 ./Middlewares/Third_Party/FreeRTOS/Source/portable/GCC/ARM_CM4F/port.o
                0x0800c2a4                pxPortInitialiseStack
 .text.prvTaskExitError
                0x0800c30c       0x5c ./Middlewares/Third_Party/FreeRTOS/Source/portable/GCC/ARM_CM4F/port.o
 *fill*         0x0800c368        0x8 
 .text.SVC_Handler
                0x0800c370       0x28 ./Middlewares/Third_Party/FreeRTOS/Source/portable/GCC/ARM_CM4F/port.o
                0x0800c370                SVC_Handler
 .text.prvPortStartFirstTask
                0x0800c398       0x28 ./Middlewares/Third_Party/FreeRTOS/Source/portable/GCC/ARM_CM4F/port.o
 .text.xPortStartScheduler
                0x0800c3c0      0x148 ./Middlewares/Third_Party/FreeRTOS/Source/portable/GCC/ARM_CM4F/port.o
                0x0800c3c0                xPortStartScheduler
 .text.vPortEnterCritical
                0x0800c508       0x64 ./Middlewares/Third_Party/FreeRTOS/Source/portable/GCC/ARM_CM4F/port.o
                0x0800c508                vPortEnterCritical
 .text.vPortExitCritical
                0x0800c56c       0x54 ./Middlewares/Third_Party/FreeRTOS/Source/portable/GCC/ARM_CM4F/port.o
                0x0800c56c                vPortExitCritical
 .text.PendSV_Handler
                0x0800c5c0       0x68 ./Middlewares/Third_Party/FreeRTOS/Source/portable/GCC/ARM_CM4F/port.o
                0x0800c5c0                PendSV_Handler
 .text.SysTick_Handler
                0x0800c628       0x44 ./Middlewares/Third_Party/FreeRTOS/Source/portable/GCC/ARM_CM4F/port.o
                0x0800c628                SysTick_Handler
 .text.vPortSetupTimerInterrupt
                0x0800c66c       0x48 ./Middlewares/Third_Party/FreeRTOS/Source/portable/GCC/ARM_CM4F/port.o
                0x0800c66c                vPortSetupTimerInterrupt
 .text.vPortEnableVFP
                0x0800c6b4       0x14 ./Middlewares/Third_Party/FreeRTOS/Source/portable/GCC/ARM_CM4F/port.o
 .text.pvPortMalloc
                0x0800c6c8      0x190 ./Middlewares/Third_Party/FreeRTOS/Source/portable/MemMang/heap_4.o
                0x0800c6c8                pvPortMalloc
 .text.vPortFree
                0x0800c858       0xb8 ./Middlewares/Third_Party/FreeRTOS/Source/portable/MemMang/heap_4.o
                0x0800c858                vPortFree
 .text.prvHeapInit
                0x0800c910       0xc4 ./Middlewares/Third_Party/FreeRTOS/Source/portable/MemMang/heap_4.o
 .text.prvInsertBlockIntoFreeList
                0x0800c9d4       0xb4 ./Middlewares/Third_Party/FreeRTOS/Source/portable/MemMang/heap_4.o
 .text.MX_USB_DEVICE_Init
                0x0800ca88       0x60 ./USB_DEVICE/App/usb_device.o
                0x0800ca88                MX_USB_DEVICE_Init
 .text.CDC_Init_FS
                0x0800cae8       0x28 ./USB_DEVICE/App/usbd_cdc_if.o
 .text.CDC_DeInit_FS
                0x0800cb10       0x10 ./USB_DEVICE/App/usbd_cdc_if.o
 .text.CDC_Control_FS
                0x0800cb20       0xbc ./USB_DEVICE/App/usbd_cdc_if.o
 .text.CDC_Receive_FS
                0x0800cbdc       0x28 ./USB_DEVICE/App/usbd_cdc_if.o
 .text.CDC_Transmit_FS
                0x0800cc04       0x4c ./USB_DEVICE/App/usbd_cdc_if.o
                0x0800cc04                CDC_Transmit_FS
 .text.USBD_FS_DeviceDescriptor
                0x0800cc50       0x24 ./USB_DEVICE/App/usbd_desc.o
                0x0800cc50                USBD_FS_DeviceDescriptor
 .text.USBD_FS_LangIDStrDescriptor
                0x0800cc74       0x24 ./USB_DEVICE/App/usbd_desc.o
                0x0800cc74                USBD_FS_LangIDStrDescriptor
 .text.USBD_FS_ProductStrDescriptor
                0x0800cc98       0x3c ./USB_DEVICE/App/usbd_desc.o
                0x0800cc98                USBD_FS_ProductStrDescriptor
 .text.USBD_FS_ManufacturerStrDescriptor
                0x0800ccd4       0x28 ./USB_DEVICE/App/usbd_desc.o
                0x0800ccd4                USBD_FS_ManufacturerStrDescriptor
 .text.USBD_FS_SerialStrDescriptor
                0x0800ccfc       0x24 ./USB_DEVICE/App/usbd_desc.o
                0x0800ccfc                USBD_FS_SerialStrDescriptor
 .text.USBD_FS_ConfigStrDescriptor
                0x0800cd20       0x3c ./USB_DEVICE/App/usbd_desc.o
                0x0800cd20                USBD_FS_ConfigStrDescriptor
 .text.USBD_FS_InterfaceStrDescriptor
                0x0800cd5c       0x3c ./USB_DEVICE/App/usbd_desc.o
                0x0800cd5c                USBD_FS_InterfaceStrDescriptor
 .text.Get_SerialNum
                0x0800cd98       0x58 ./USB_DEVICE/App/usbd_desc.o
 .text.IntToUnicode
                0x0800cdf0       0x7e ./USB_DEVICE/App/usbd_desc.o
 *fill*         0x0800ce6e        0x2 
 .text.HAL_PCD_MspInit
                0x0800ce70       0x98 ./USB_DEVICE/Target/usbd_conf.o
                0x0800ce70                HAL_PCD_MspInit
 .text.HAL_PCD_SetupStageCallback
                0x0800cf08       0x24 ./USB_DEVICE/Target/usbd_conf.o
                0x0800cf08                HAL_PCD_SetupStageCallback
 .text.HAL_PCD_DataOutStageCallback
                0x0800cf2c       0x36 ./USB_DEVICE/Target/usbd_conf.o
                0x0800cf2c                HAL_PCD_DataOutStageCallback
 .text.HAL_PCD_DataInStageCallback
                0x0800cf62       0x34 ./USB_DEVICE/Target/usbd_conf.o
                0x0800cf62                HAL_PCD_DataInStageCallback
 .text.HAL_PCD_SOFCallback
                0x0800cf96       0x1c ./USB_DEVICE/Target/usbd_conf.o
                0x0800cf96                HAL_PCD_SOFCallback
 .text.HAL_PCD_ResetCallback
                0x0800cfb2       0x3c ./USB_DEVICE/Target/usbd_conf.o
                0x0800cfb2                HAL_PCD_ResetCallback
 *fill*         0x0800cfee        0x2 
 .text.HAL_PCD_SuspendCallback
                0x0800cff0       0x34 ./USB_DEVICE/Target/usbd_conf.o
                0x0800cff0                HAL_PCD_SuspendCallback
 .text.HAL_PCD_ResumeCallback
                0x0800d024       0x1c ./USB_DEVICE/Target/usbd_conf.o
                0x0800d024                HAL_PCD_ResumeCallback
 .text.USBD_LL_Init
                0x0800d040       0xb4 ./USB_DEVICE/Target/usbd_conf.o
                0x0800d040                USBD_LL_Init
 .text.USBD_LL_Start
                0x0800d0f4       0x36 ./USB_DEVICE/Target/usbd_conf.o
                0x0800d0f4                USBD_LL_Start
 .text.USBD_LL_OpenEP
                0x0800d12a       0x4c ./USB_DEVICE/Target/usbd_conf.o
                0x0800d12a                USBD_LL_OpenEP
 .text.USBD_LL_CloseEP
                0x0800d176       0x3e ./USB_DEVICE/Target/usbd_conf.o
                0x0800d176                USBD_LL_CloseEP
 .text.USBD_LL_StallEP
                0x0800d1b4       0x3e ./USB_DEVICE/Target/usbd_conf.o
                0x0800d1b4                USBD_LL_StallEP
 .text.USBD_LL_ClearStallEP
                0x0800d1f2       0x3e ./USB_DEVICE/Target/usbd_conf.o
                0x0800d1f2                USBD_LL_ClearStallEP
 .text.USBD_LL_IsStallEP
                0x0800d230       0x58 ./USB_DEVICE/Target/usbd_conf.o
                0x0800d230                USBD_LL_IsStallEP
 .text.USBD_LL_SetUSBAddress
                0x0800d288       0x3e ./USB_DEVICE/Target/usbd_conf.o
                0x0800d288                USBD_LL_SetUSBAddress
 .text.USBD_LL_Transmit
                0x0800d2c6       0x46 ./USB_DEVICE/Target/usbd_conf.o
                0x0800d2c6                USBD_LL_Transmit
 .text.USBD_LL_PrepareReceive
                0x0800d30c       0x46 ./USB_DEVICE/Target/usbd_conf.o
                0x0800d30c                USBD_LL_PrepareReceive
 .text.USBD_LL_GetRxDataSize
                0x0800d352       0x26 ./USB_DEVICE/Target/usbd_conf.o
                0x0800d352                USBD_LL_GetRxDataSize
 .text.USBD_static_malloc
                0x0800d378       0x1c ./USB_DEVICE/Target/usbd_conf.o
                0x0800d378                USBD_static_malloc
 .text.USBD_static_free
                0x0800d394       0x14 ./USB_DEVICE/Target/usbd_conf.o
                0x0800d394                USBD_static_free
 .text.HAL_PCDEx_SetConnectionState
                0x0800d3a8       0x18 ./USB_DEVICE/Target/usbd_conf.o
                0x0800d3a8                HAL_PCDEx_SetConnectionState
 .text.USBD_Get_USB_Status
                0x0800d3c0       0x58 ./USB_DEVICE/Target/usbd_conf.o
 .text.memset   0x0800d418       0x10 E:/Windows Kits/New folder/STM32CubeIDE_1.16.1/STM32CubeIDE/plugins/com.st.stm32cube.ide.mcu.externaltools.gnu-tools-for-stm32.12.3.rel1.win32_1.0.200.202406191623/tools/bin/../lib/gcc/arm-none-eabi/12.3.1/../../../../arm-none-eabi/lib/thumb/v7e-m+fp/hard\libc_nano.a(libc_a-memset.o)
                0x0800d418                memset
 .text.__libc_init_array
                0x0800d428       0x48 E:/Windows Kits/New folder/STM32CubeIDE_1.16.1/STM32CubeIDE/plugins/com.st.stm32cube.ide.mcu.externaltools.gnu-tools-for-stm32.12.3.rel1.win32_1.0.200.202406191623/tools/bin/../lib/gcc/arm-none-eabi/12.3.1/../../../../arm-none-eabi/lib/thumb/v7e-m+fp/hard\libc_nano.a(libc_a-init.o)
                0x0800d428                __libc_init_array
 *(.glue_7)
 .glue_7        0x0800d470        0x0 linker stubs
 *(.glue_7t)
 .glue_7t       0x0800d470        0x0 linker stubs
 *(.eh_frame)
 .eh_frame      0x0800d470        0x0 E:/Windows Kits/New folder/STM32CubeIDE_1.16.1/STM32CubeIDE/plugins/com.st.stm32cube.ide.mcu.externaltools.gnu-tools-for-stm32.12.3.rel1.win32_1.0.200.202406191623/tools/bin/../lib/gcc/arm-none-eabi/12.3.1/thumb/v7e-m+fp/hard/crtbegin.o
 *(.init)
 .init          0x0800d470        0x4 E:/Windows Kits/New folder/STM32CubeIDE_1.16.1/STM32CubeIDE/plugins/com.st.stm32cube.ide.mcu.externaltools.gnu-tools-for-stm32.12.3.rel1.win32_1.0.200.202406191623/tools/bin/../lib/gcc/arm-none-eabi/12.3.1/thumb/v7e-m+fp/hard/crti.o
                0x0800d470                _init
 .init          0x0800d474        0x8 E:/Windows Kits/New folder/STM32CubeIDE_1.16.1/STM32CubeIDE/plugins/com.st.stm32cube.ide.mcu.externaltools.gnu-tools-for-stm32.12.3.rel1.win32_1.0.200.202406191623/tools/bin/../lib/gcc/arm-none-eabi/12.3.1/thumb/v7e-m+fp/hard/crtn.o
 *(.fini)
 .fini          0x0800d47c        0x4 E:/Windows Kits/New folder/STM32CubeIDE_1.16.1/STM32CubeIDE/plugins/com.st.stm32cube.ide.mcu.externaltools.gnu-tools-for-stm32.12.3.rel1.win32_1.0.200.202406191623/tools/bin/../lib/gcc/arm-none-eabi/12.3.1/thumb/v7e-m+fp/hard/crti.o
                0x0800d47c                _fini
 .fini          0x0800d480        0x8 E:/Windows Kits/New folder/STM32CubeIDE_1.16.1/STM32CubeIDE/plugins/com.st.stm32cube.ide.mcu.externaltools.gnu-tools-for-stm32.12.3.rel1.win32_1.0.200.202406191623/tools/bin/../lib/gcc/arm-none-eabi/12.3.1/thumb/v7e-m+fp/hard/crtn.o
                0x0800d488                        . = ALIGN (0x4)
                0x0800d488                        _etext = .

.vfp11_veneer   0x0800d488        0x0
 .vfp11_veneer  0x0800d488        0x0 linker stubs

.v4_bx          0x0800d488        0x0
 .v4_bx         0x0800d488        0x0 linker stubs

.iplt           0x0800d488        0x0
 .iplt          0x0800d488        0x0 E:/Windows Kits/New folder/STM32CubeIDE_1.16.1/STM32CubeIDE/plugins/com.st.stm32cube.ide.mcu.externaltools.gnu-tools-for-stm32.12.3.rel1.win32_1.0.200.202406191623/tools/bin/../lib/gcc/arm-none-eabi/12.3.1/thumb/v7e-m+fp/hard/crtbegin.o

.rodata         0x0800d488      0x718
                0x0800d488                        . = ALIGN (0x4)
 *(.rodata)
 .rodata        0x0800d488       0x94 ./Core/Src/main.o
 .rodata        0x0800d51c        0x5 ./Middlewares/Third_Party/FreeRTOS/Source/tasks.o
 *fill*         0x0800d521        0x3 
 .rodata        0x0800d524       0x46 ./USB_DEVICE/App/usbd_desc.o
 *(.rodata*)
 *fill*         0x0800d56a        0x2 
 .rodata.AHBPrescTable
                0x0800d56c       0x10 ./Core/Src/system_stm32f3xx.o
                0x0800d56c                AHBPrescTable
 .rodata.APBPrescTable
                0x0800d57c        0x8 ./Core/Src/system_stm32f3xx.o
                0x0800d57c                APBPrescTable
 .rodata.Font6x8
                0x0800d584      0x5f0 ./Drivers/OLED/ssd1306_fonts.o
 .rodata.Font_6x8
                0x0800db74        0xc ./Drivers/OLED/ssd1306_fonts.o
                0x0800db74                Font_6x8
 .rodata.aPLLMULFactorTable
                0x0800db80       0x10 ./Drivers/STM32F3xx_HAL_Driver/Src/stm32f3xx_hal_rcc.o
 .rodata.aPredivFactorTable
                0x0800db90       0x10 ./Drivers/STM32F3xx_HAL_Driver/Src/stm32f3xx_hal_rcc.o
                0x0800dba0                        . = ALIGN (0x4)

.ARM.extab      0x0800dba0        0x0
                0x0800dba0                        . = ALIGN (0x4)
 *(.ARM.extab* .gnu.linkonce.armextab.*)
                0x0800dba0                        . = ALIGN (0x4)

.ARM            0x0800dba0        0x8
                0x0800dba0                        . = ALIGN (0x4)
                0x0800dba0                        __exidx_start = .
 *(.ARM.exidx*)
 .ARM.exidx     0x0800dba0        0x8 E:/Windows Kits/New folder/STM32CubeIDE_1.16.1/STM32CubeIDE/plugins/com.st.stm32cube.ide.mcu.externaltools.gnu-tools-for-stm32.12.3.rel1.win32_1.0.200.202406191623/tools/bin/../lib/gcc/arm-none-eabi/12.3.1/../../../../arm-none-eabi/lib/thumb/v7e-m+fp/hard\libc_nano.a(libc_a-strlen.o)
                0x0800dba8                        __exidx_end = .
                0x0800dba8                        . = ALIGN (0x4)

.preinit_array  0x0800dba8        0x0
                0x0800dba8                        . = ALIGN (0x4)
                0x0800dba8                        PROVIDE (__preinit_array_start = .)
 *(.preinit_array*)
                0x0800dba8                        PROVIDE (__preinit_array_end = .)
                0x0800dba8                        . = ALIGN (0x4)

.init_array     0x0800dba8        0x4
                0x0800dba8                        . = ALIGN (0x4)
                0x0800dba8                        PROVIDE (__init_array_start = .)
 *(SORT_BY_NAME(.init_array.*))
 *(.init_array*)
 .init_array    0x0800dba8        0x4 E:/Windows Kits/New folder/STM32CubeIDE_1.16.1/STM32CubeIDE/plugins/com.st.stm32cube.ide.mcu.externaltools.gnu-tools-for-stm32.12.3.rel1.win32_1.0.200.202406191623/tools/bin/../lib/gcc/arm-none-eabi/12.3.1/thumb/v7e-m+fp/hard/crtbegin.o
                0x0800dbac                        PROVIDE (__init_array_end = .)
                0x0800dbac                        . = ALIGN (0x4)

.fini_array     0x0800dbac        0x4
                0x0800dbac                        . = ALIGN (0x4)
                [!provide]                        PROVIDE (__fini_array_start = .)
 *(SORT_BY_NAME(.fini_array.*))
 *(.fini_array*)
 .fini_array    0x0800dbac        0x4 E:/Windows Kits/New folder/STM32CubeIDE_1.16.1/STM32CubeIDE/plugins/com.st.stm32cube.ide.mcu.externaltools.gnu-tools-for-stm32.12.3.rel1.win32_1.0.200.202406191623/tools/bin/../lib/gcc/arm-none-eabi/12.3.1/thumb/v7e-m+fp/hard/crtbegin.o
                [!provide]                        PROVIDE (__fini_array_end = .)
                0x0800dbb0                        . = ALIGN (0x4)
                0x0800dbb0                        _sidata = LOADADDR (.data)

.rel.dyn        0x0800dbb0        0x0
 .rel.iplt      0x0800dbb0        0x0 E:/Windows Kits/New folder/STM32CubeIDE_1.16.1/STM32CubeIDE/plugins/com.st.stm32cube.ide.mcu.externaltools.gnu-tools-for-stm32.12.3.rel1.win32_1.0.200.202406191623/tools/bin/../lib/gcc/arm-none-eabi/12.3.1/thumb/v7e-m+fp/hard/crtbegin.o

.data           0x20000000      0x188 load address 0x0800dbb0
                0x20000000                        . = ALIGN (0x4)
                0x20000000                        _sdata = .
 *(.data)
 *(.data*)
 .data.usbdata  0x20000000        0x4 ./Core/Src/main.o
                0x20000000                usbdata
 .data.startupmessage
                0x20000004        0x4 ./Core/Src/main.o
                0x20000004                startupmessage
 .data.SystemCoreClock
                0x20000008        0x4 ./Core/Src/system_stm32f3xx.o
                0x20000008                SystemCoreClock
 .data.uwTickPrio
                0x2000000c        0x4 ./Drivers/STM32F3xx_HAL_Driver/Src/stm32f3xx_hal.o
                0x2000000c                uwTickPrio
 .data.uwTickFreq
                0x20000010        0x1 ./Drivers/STM32F3xx_HAL_Driver/Src/stm32f3xx_hal.o
                0x20000010                uwTickFreq
 *fill*         0x20000011        0x3 
 .data.USBD_CDC_DeviceQualifierDesc
                0x20000014        0xa ./Middlewares/ST/STM32_USB_Device_Library/Class/CDC/Src/usbd_cdc.o
 *fill*         0x2000001e        0x2 
 .data.USBD_CDC
                0x20000020       0x38 ./Middlewares/ST/STM32_USB_Device_Library/Class/CDC/Src/usbd_cdc.o
                0x20000020                USBD_CDC
 .data.USBD_CDC_CfgHSDesc
                0x20000058       0x43 ./Middlewares/ST/STM32_USB_Device_Library/Class/CDC/Src/usbd_cdc.o
                0x20000058                USBD_CDC_CfgHSDesc
 *fill*         0x2000009b        0x1 
 .data.USBD_CDC_CfgFSDesc
                0x2000009c       0x43 ./Middlewares/ST/STM32_USB_Device_Library/Class/CDC/Src/usbd_cdc.o
                0x2000009c                USBD_CDC_CfgFSDesc
 *fill*         0x200000df        0x1 
 .data.USBD_CDC_OtherSpeedCfgDesc
                0x200000e0       0x43 ./Middlewares/ST/STM32_USB_Device_Library/Class/CDC/Src/usbd_cdc.o
                0x200000e0                USBD_CDC_OtherSpeedCfgDesc
 *fill*         0x20000123        0x1 
 .data.uxCriticalNesting
                0x20000124        0x4 ./Middlewares/Third_Party/FreeRTOS/Source/portable/GCC/ARM_CM4F/port.o
 .data.USBD_Interface_fops_FS
                0x20000128       0x10 ./USB_DEVICE/App/usbd_cdc_if.o
                0x20000128                USBD_Interface_fops_FS
 .data.FS_Desc  0x20000138       0x1c ./USB_DEVICE/App/usbd_desc.o
                0x20000138                FS_Desc
 .data.USBD_FS_DeviceDesc
                0x20000154       0x12 ./USB_DEVICE/App/usbd_desc.o
                0x20000154                USBD_FS_DeviceDesc
 *fill*         0x20000166        0x2 
 .data.USBD_LangIDDesc
                0x20000168        0x4 ./USB_DEVICE/App/usbd_desc.o
                0x20000168                USBD_LangIDDesc
 .data.USBD_StringSerial
                0x2000016c       0x1a ./USB_DEVICE/App/usbd_desc.o
                0x2000016c                USBD_StringSerial
 *(.RamFunc)
 *(.RamFunc*)
                0x20000188                        . = ALIGN (0x4)
 *fill*         0x20000186        0x2 
                0x20000188                        _edata = .
                0x0800dd38                        _siccmram = LOADADDR (.ccmram)

.igot.plt       0x20000188        0x0 load address 0x0800dd38
 .igot.plt      0x20000188        0x0 E:/Windows Kits/New folder/STM32CubeIDE_1.16.1/STM32CubeIDE/plugins/com.st.stm32cube.ide.mcu.externaltools.gnu-tools-for-stm32.12.3.rel1.win32_1.0.200.202406191623/tools/bin/../lib/gcc/arm-none-eabi/12.3.1/thumb/v7e-m+fp/hard/crtbegin.o

.ccmram         0x10000000        0x0 load address 0x0800dd38
                0x10000000                        . = ALIGN (0x4)
                0x10000000                        _sccmram = .
 *(.ccmram)
 *(.ccmram*)
                0x10000000                        . = ALIGN (0x4)
                0x10000000                        _eccmram = .
                0x10000000                        . = ALIGN (0x4)

.bss            0x20000188     0x2a0c
                0x20000188                        _sbss = .
                0x20000188                        __bss_start__ = _sbss
 *(.bss)
 .bss           0x20000188       0x1c E:/Windows Kits/New folder/STM32CubeIDE_1.16.1/STM32CubeIDE/plugins/com.st.stm32cube.ide.mcu.externaltools.gnu-tools-for-stm32.12.3.rel1.win32_1.0.200.202406191623/tools/bin/../lib/gcc/arm-none-eabi/12.3.1/thumb/v7e-m+fp/hard/crtbegin.o
 *(.bss*)
 .bss.xIdleTaskTCBBuffer
                0x200001a4       0x54 ./Core/Src/freertos.o
 .bss.xIdleStack
                0x200001f8      0x200 ./Core/Src/freertos.o
 .bss.hadc1     0x200003f8       0x50 ./Core/Src/main.o
                0x200003f8                hadc1
 .bss.hadc2     0x20000448       0x50 ./Core/Src/main.o
                0x20000448                hadc2
 .bss.hadc3     0x20000498       0x50 ./Core/Src/main.o
                0x20000498                hadc3
 .bss.hadc4     0x200004e8       0x50 ./Core/Src/main.o
                0x200004e8                hadc4
 .bss.hdma_adc1
                0x20000538       0x44 ./Core/Src/main.o
                0x20000538                hdma_adc1
 .bss.hdma_adc2
                0x2000057c       0x44 ./Core/Src/main.o
                0x2000057c                hdma_adc2
 .bss.hdma_adc3
                0x200005c0       0x44 ./Core/Src/main.o
                0x200005c0                hdma_adc3
 .bss.hdma_adc4
                0x20000604       0x44 ./Core/Src/main.o
                0x20000604                hdma_adc4
 .bss.hcomp3    0x20000648       0x30 ./Core/Src/main.o
                0x20000648                hcomp3
 .bss.hcomp4    0x20000678       0x30 ./Core/Src/main.o
                0x20000678                hcomp4
 .bss.hcomp5    0x200006a8       0x30 ./Core/Src/main.o
                0x200006a8                hcomp5
 .bss.hcomp6    0x200006d8       0x30 ./Core/Src/main.o
                0x200006d8                hcomp6
 .bss.hi2c2     0x20000708       0x54 ./Core/Src/main.o
                0x20000708                hi2c2
 .bss.hspi1     0x2000075c       0x64 ./Core/Src/main.o
                0x2000075c                hspi1
 .bss.hspi3     0x200007c0       0x64 ./Core/Src/main.o
                0x200007c0                hspi3
 .bss.USB_TransmitHandle
                0x20000824        0x4 ./Core/Src/main.o
                0x20000824                USB_TransmitHandle
 .bss.myTask02Handle
                0x20000828        0x4 ./Core/Src/main.o
                0x20000828                myTask02Handle
 .bss.HAL_RCC_ADC12_CLK_ENABLED
                0x2000082c        0x4 ./Core/Src/stm32f3xx_hal_msp.o
 .bss.HAL_RCC_ADC34_CLK_ENABLED
                0x20000830        0x4 ./Core/Src/stm32f3xx_hal_msp.o
 .bss.htim1     0x20000834       0x4c ./Core/Src/stm32f3xx_hal_timebase_tim.o
                0x20000834                htim1
 .bss.SSD1306_Buffer
                0x20000880      0x400 ./Drivers/OLED/ssd1306.o
 .bss.SSD1306   0x20000c80        0x6 ./Drivers/OLED/ssd1306.o
 *fill*         0x20000c86        0x2 
 .bss.uwTick    0x20000c88        0x4 ./Drivers/STM32F3xx_HAL_Driver/Src/stm32f3xx_hal.o
                0x20000c88                uwTick
 .bss.cfgidx.0  0x20000c8c        0x1 ./Middlewares/ST/STM32_USB_Device_Library/Core/Src/usbd_ctlreq.o
 *fill*         0x20000c8d        0x3 
 .bss.pxCurrentTCB
                0x20000c90        0x4 ./Middlewares/Third_Party/FreeRTOS/Source/tasks.o
                0x20000c90                pxCurrentTCB
 .bss.pxReadyTasksLists
                0x20000c94       0x8c ./Middlewares/Third_Party/FreeRTOS/Source/tasks.o
 .bss.xDelayedTaskList1
                0x20000d20       0x14 ./Middlewares/Third_Party/FreeRTOS/Source/tasks.o
 .bss.xDelayedTaskList2
                0x20000d34       0x14 ./Middlewares/Third_Party/FreeRTOS/Source/tasks.o
 .bss.pxDelayedTaskList
                0x20000d48        0x4 ./Middlewares/Third_Party/FreeRTOS/Source/tasks.o
 .bss.pxOverflowDelayedTaskList
                0x20000d4c        0x4 ./Middlewares/Third_Party/FreeRTOS/Source/tasks.o
 .bss.xPendingReadyList
                0x20000d50       0x14 ./Middlewares/Third_Party/FreeRTOS/Source/tasks.o
 .bss.xTasksWaitingTermination
                0x20000d64       0x14 ./Middlewares/Third_Party/FreeRTOS/Source/tasks.o
 .bss.uxDeletedTasksWaitingCleanUp
                0x20000d78        0x4 ./Middlewares/Third_Party/FreeRTOS/Source/tasks.o
 .bss.xSuspendedTaskList
                0x20000d7c       0x14 ./Middlewares/Third_Party/FreeRTOS/Source/tasks.o
 .bss.uxCurrentNumberOfTasks
                0x20000d90        0x4 ./Middlewares/Third_Party/FreeRTOS/Source/tasks.o
 .bss.xTickCount
                0x20000d94        0x4 ./Middlewares/Third_Party/FreeRTOS/Source/tasks.o
 .bss.uxTopReadyPriority
                0x20000d98        0x4 ./Middlewares/Third_Party/FreeRTOS/Source/tasks.o
 .bss.xSchedulerRunning
                0x20000d9c        0x4 ./Middlewares/Third_Party/FreeRTOS/Source/tasks.o
 .bss.uxPendedTicks
                0x20000da0        0x4 ./Middlewares/Third_Party/FreeRTOS/Source/tasks.o
 .bss.xYieldPending
                0x20000da4        0x4 ./Middlewares/Third_Party/FreeRTOS/Source/tasks.o
 .bss.xNumOfOverflows
                0x20000da8        0x4 ./Middlewares/Third_Party/FreeRTOS/Source/tasks.o
 .bss.uxTaskNumber
                0x20000dac        0x4 ./Middlewares/Third_Party/FreeRTOS/Source/tasks.o
 .bss.xNextTaskUnblockTime
                0x20000db0        0x4 ./Middlewares/Third_Party/FreeRTOS/Source/tasks.o
 .bss.xIdleTaskHandle
                0x20000db4        0x4 ./Middlewares/Third_Party/FreeRTOS/Source/tasks.o
 .bss.uxSchedulerSuspended
                0x20000db8        0x4 ./Middlewares/Third_Party/FreeRTOS/Source/tasks.o
 .bss.ucMaxSysCallPriority
                0x20000dbc        0x1 ./Middlewares/Third_Party/FreeRTOS/Source/portable/GCC/ARM_CM4F/port.o
 *fill*         0x20000dbd        0x3 
 .bss.ulMaxPRIGROUPValue
                0x20000dc0        0x4 ./Middlewares/Third_Party/FreeRTOS/Source/portable/GCC/ARM_CM4F/port.o
 .bss.ucHeap    0x20000dc4      0xc00 ./Middlewares/Third_Party/FreeRTOS/Source/portable/MemMang/heap_4.o
 .bss.xStart    0x200019c4        0x8 ./Middlewares/Third_Party/FreeRTOS/Source/portable/MemMang/heap_4.o
 .bss.pxEnd     0x200019cc        0x4 ./Middlewares/Third_Party/FreeRTOS/Source/portable/MemMang/heap_4.o
 .bss.xFreeBytesRemaining
                0x200019d0        0x4 ./Middlewares/Third_Party/FreeRTOS/Source/portable/MemMang/heap_4.o
 .bss.xMinimumEverFreeBytesRemaining
                0x200019d4        0x4 ./Middlewares/Third_Party/FreeRTOS/Source/portable/MemMang/heap_4.o
 .bss.xBlockAllocatedBit
                0x200019d8        0x4 ./Middlewares/Third_Party/FreeRTOS/Source/portable/MemMang/heap_4.o
 .bss.hUsbDeviceFS
                0x200019dc      0x2c4 ./USB_DEVICE/App/usb_device.o
                0x200019dc                hUsbDeviceFS
 .bss.UserRxBufferFS
                0x20001ca0      0x400 ./USB_DEVICE/App/usbd_cdc_if.o
                0x20001ca0                UserRxBufferFS
 .bss.UserTxBufferFS
                0x200020a0      0x400 ./USB_DEVICE/App/usbd_cdc_if.o
                0x200020a0                UserTxBufferFS
 .bss.USBD_StrDesc
                0x200024a0      0x200 ./USB_DEVICE/App/usbd_desc.o
                0x200024a0                USBD_StrDesc
 .bss.hpcd_USB_FS
                0x200026a0      0x2d4 ./USB_DEVICE/Target/usbd_conf.o
                0x200026a0                hpcd_USB_FS
 .bss.mem.0     0x20002974      0x220 ./USB_DEVICE/Target/usbd_conf.o
 *(COMMON)
                0x20002b94                        . = ALIGN (0x4)
                0x20002b94                        _ebss = .
                0x20002b94                        __bss_end__ = _ebss

._user_heap_stack
                0x20002b94      0x604
                0x20002b98                        . = ALIGN (0x8)
 *fill*         0x20002b94        0x4 
                [!provide]                        PROVIDE (end = .)
                0x20002b98                        PROVIDE (_end = .)
                0x20002d98                        . = (. + _Min_Heap_Size)
 *fill*         0x20002b98      0x200 
                0x20003198                        . = (. + _Min_Stack_Size)
 *fill*         0x20002d98      0x400 
                0x20003198                        . = ALIGN (0x8)

/DISCARD/
 libc.a(*)
 libm.a(*)
 libgcc.a(*)

.ARM.attributes
                0x00000000       0x30
 *(.ARM.attributes)
 .ARM.attributes
                0x00000000       0x22 E:/Windows Kits/New folder/STM32CubeIDE_1.16.1/STM32CubeIDE/plugins/com.st.stm32cube.ide.mcu.externaltools.gnu-tools-for-stm32.12.3.rel1.win32_1.0.200.202406191623/tools/bin/../lib/gcc/arm-none-eabi/12.3.1/thumb/v7e-m+fp/hard/crti.o
 .ARM.attributes
                0x00000022       0x34 E:/Windows Kits/New folder/STM32CubeIDE_1.16.1/STM32CubeIDE/plugins/com.st.stm32cube.ide.mcu.externaltools.gnu-tools-for-stm32.12.3.rel1.win32_1.0.200.202406191623/tools/bin/../lib/gcc/arm-none-eabi/12.3.1/thumb/v7e-m+fp/hard/crtbegin.o
 .ARM.attributes
                0x00000056       0x34 ./Core/Src/freertos.o
 .ARM.attributes
                0x0000008a       0x34 ./Core/Src/main.o
 .ARM.attributes
                0x000000be       0x34 ./Core/Src/stm32f3xx_hal_msp.o
 .ARM.attributes
                0x000000f2       0x34 ./Core/Src/stm32f3xx_hal_timebase_tim.o
 .ARM.attributes
                0x00000126       0x34 ./Core/Src/stm32f3xx_it.o
 .ARM.attributes
                0x0000015a       0x34 ./Core/Src/system_stm32f3xx.o
 .ARM.attributes
                0x0000018e       0x21 ./Core/Startup/startup_stm32f303rbtx.o
 .ARM.attributes
                0x000001af       0x34 ./Drivers/OLED/ssd1306.o
 .ARM.attributes
                0x000001e3       0x34 ./Drivers/OLED/ssd1306_fonts.o
 .ARM.attributes
                0x00000217       0x34 ./Drivers/STM32F3xx_HAL_Driver/Src/stm32f3xx_hal.o
 .ARM.attributes
                0x0000024b       0x34 ./Drivers/STM32F3xx_HAL_Driver/Src/stm32f3xx_hal_adc.o
 .ARM.attributes
                0x0000027f       0x34 ./Drivers/STM32F3xx_HAL_Driver/Src/stm32f3xx_hal_adc_ex.o
 .ARM.attributes
                0x000002b3       0x34 ./Drivers/STM32F3xx_HAL_Driver/Src/stm32f3xx_hal_comp.o
 .ARM.attributes
                0x000002e7       0x34 ./Drivers/STM32F3xx_HAL_Driver/Src/stm32f3xx_hal_cortex.o
 .ARM.attributes
                0x0000031b       0x34 ./Drivers/STM32F3xx_HAL_Driver/Src/stm32f3xx_hal_dma.o
 .ARM.attributes
                0x0000034f       0x34 ./Drivers/STM32F3xx_HAL_Driver/Src/stm32f3xx_hal_gpio.o
 .ARM.attributes
                0x00000383       0x34 ./Drivers/STM32F3xx_HAL_Driver/Src/stm32f3xx_hal_i2c.o
 .ARM.attributes
                0x000003b7       0x34 ./Drivers/STM32F3xx_HAL_Driver/Src/stm32f3xx_hal_i2c_ex.o
 .ARM.attributes
                0x000003eb       0x34 ./Drivers/STM32F3xx_HAL_Driver/Src/stm32f3xx_hal_pcd.o
 .ARM.attributes
                0x0000041f       0x34 ./Drivers/STM32F3xx_HAL_Driver/Src/stm32f3xx_hal_pcd_ex.o
 .ARM.attributes
                0x00000453       0x34 ./Drivers/STM32F3xx_HAL_Driver/Src/stm32f3xx_hal_rcc.o
 .ARM.attributes
                0x00000487       0x34 ./Drivers/STM32F3xx_HAL_Driver/Src/stm32f3xx_hal_rcc_ex.o
 .ARM.attributes
                0x000004bb       0x34 ./Drivers/STM32F3xx_HAL_Driver/Src/stm32f3xx_hal_spi.o
 .ARM.attributes
                0x000004ef       0x34 ./Drivers/STM32F3xx_HAL_Driver/Src/stm32f3xx_hal_tim.o
 .ARM.attributes
                0x00000523       0x34 ./Drivers/STM32F3xx_HAL_Driver/Src/stm32f3xx_hal_tim_ex.o
 .ARM.attributes
                0x00000557       0x34 ./Drivers/STM32F3xx_HAL_Driver/Src/stm32f3xx_ll_usb.o
 .ARM.attributes
                0x0000058b       0x34 ./Middlewares/ST/STM32_USB_Device_Library/Class/CDC/Src/usbd_cdc.o
 .ARM.attributes
                0x000005bf       0x34 ./Middlewares/ST/STM32_USB_Device_Library/Core/Src/usbd_core.o
 .ARM.attributes
                0x000005f3       0x34 ./Middlewares/ST/STM32_USB_Device_Library/Core/Src/usbd_ctlreq.o
 .ARM.attributes
                0x00000627       0x34 ./Middlewares/ST/STM32_USB_Device_Library/Core/Src/usbd_ioreq.o
 .ARM.attributes
                0x0000065b       0x34 ./Middlewares/Third_Party/FreeRTOS/Source/CMSIS_RTOS/cmsis_os.o
 .ARM.attributes
                0x0000068f       0x34 ./Middlewares/Third_Party/FreeRTOS/Source/list.o
 .ARM.attributes
                0x000006c3       0x34 ./Middlewares/Third_Party/FreeRTOS/Source/tasks.o
 .ARM.attributes
                0x000006f7       0x34 ./Middlewares/Third_Party/FreeRTOS/Source/portable/GCC/ARM_CM4F/port.o
 .ARM.attributes
                0x0000072b       0x34 ./Middlewares/Third_Party/FreeRTOS/Source/portable/MemMang/heap_4.o
 .ARM.attributes
                0x0000075f       0x34 ./USB_DEVICE/App/usb_device.o
 .ARM.attributes
                0x00000793       0x34 ./USB_DEVICE/App/usbd_cdc_if.o
 .ARM.attributes
                0x000007c7       0x34 ./USB_DEVICE/App/usbd_desc.o
 .ARM.attributes
                0x000007fb       0x34 ./USB_DEVICE/Target/usbd_conf.o
 .ARM.attributes
                0x0000082f       0x34 E:/Windows Kits/New folder/STM32CubeIDE_1.16.1/STM32CubeIDE/plugins/com.st.stm32cube.ide.mcu.externaltools.gnu-tools-for-stm32.12.3.rel1.win32_1.0.200.202406191623/tools/bin/../lib/gcc/arm-none-eabi/12.3.1/../../../../arm-none-eabi/lib/thumb/v7e-m+fp/hard\libc_nano.a(libc_a-memset.o)
 .ARM.attributes
                0x00000863       0x34 E:/Windows Kits/New folder/STM32CubeIDE_1.16.1/STM32CubeIDE/plugins/com.st.stm32cube.ide.mcu.externaltools.gnu-tools-for-stm32.12.3.rel1.win32_1.0.200.202406191623/tools/bin/../lib/gcc/arm-none-eabi/12.3.1/../../../../arm-none-eabi/lib/thumb/v7e-m+fp/hard\libc_nano.a(libc_a-init.o)
 .ARM.attributes
                0x00000897       0x17 E:/Windows Kits/New folder/STM32CubeIDE_1.16.1/STM32CubeIDE/plugins/com.st.stm32cube.ide.mcu.externaltools.gnu-tools-for-stm32.12.3.rel1.win32_1.0.200.202406191623/tools/bin/../lib/gcc/arm-none-eabi/12.3.1/../../../../arm-none-eabi/lib/thumb/v7e-m+fp/hard\libc_nano.a(libc_a-strlen.o)
 .ARM.attributes
                0x000008ae       0x22 E:/Windows Kits/New folder/STM32CubeIDE_1.16.1/STM32CubeIDE/plugins/com.st.stm32cube.ide.mcu.externaltools.gnu-tools-for-stm32.12.3.rel1.win32_1.0.200.202406191623/tools/bin/../lib/gcc/arm-none-eabi/12.3.1/thumb/v7e-m+fp/hard/crtn.o
OUTPUT(Firmware.elf elf32-littlearm)
LOAD linker stubs
LOAD E:/Windows Kits/New folder/STM32CubeIDE_1.16.1/STM32CubeIDE/plugins/com.st.stm32cube.ide.mcu.externaltools.gnu-tools-for-stm32.12.3.rel1.win32_1.0.200.202406191623/tools/bin/../lib/gcc/arm-none-eabi/12.3.1/../../../../arm-none-eabi/lib/thumb/v7e-m+fp/hard\libc.a
LOAD E:/Windows Kits/New folder/STM32CubeIDE_1.16.1/STM32CubeIDE/plugins/com.st.stm32cube.ide.mcu.externaltools.gnu-tools-for-stm32.12.3.rel1.win32_1.0.200.202406191623/tools/bin/../lib/gcc/arm-none-eabi/12.3.1/../../../../arm-none-eabi/lib/thumb/v7e-m+fp/hard\libm.a
LOAD E:/Windows Kits/New folder/STM32CubeIDE_1.16.1/STM32CubeIDE/plugins/com.st.stm32cube.ide.mcu.externaltools.gnu-tools-for-stm32.12.3.rel1.win32_1.0.200.202406191623/tools/bin/../lib/gcc/arm-none-eabi/12.3.1/thumb/v7e-m+fp/hard\libgcc.a

.debug_info     0x00000000    0x21de9
 .debug_info    0x00000000      0x279 ./Core/Src/freertos.o
 .debug_info    0x00000279     0x224f ./Core/Src/main.o
 .debug_info    0x000024c8     0x15fb ./Core/Src/stm32f3xx_hal_msp.o
 .debug_info    0x00003ac3      0xa92 ./Core/Src/stm32f3xx_hal_timebase_tim.o
 .debug_info    0x00004555      0xff7 ./Core/Src/stm32f3xx_it.o
 .debug_info    0x0000554c      0x407 ./Core/Src/system_stm32f3xx.o
 .debug_info    0x00005953       0x30 ./Core/Startup/startup_stm32f303rbtx.o
 .debug_info    0x00005983     0x1268 ./Drivers/OLED/ssd1306.o
 .debug_info    0x00006beb      0x2a4 ./Drivers/OLED/ssd1306_fonts.o
 .debug_info    0x00006e8f      0x7d4 ./Drivers/STM32F3xx_HAL_Driver/Src/stm32f3xx_hal.o
 .debug_info    0x00007663      0xb32 ./Drivers/STM32F3xx_HAL_Driver/Src/stm32f3xx_hal_adc.o
 .debug_info    0x00008195     0x15b2 ./Drivers/STM32F3xx_HAL_Driver/Src/stm32f3xx_hal_adc_ex.o
 .debug_info    0x00009747      0x6f4 ./Drivers/STM32F3xx_HAL_Driver/Src/stm32f3xx_hal_comp.o
 .debug_info    0x00009e3b      0xce4 ./Drivers/STM32F3xx_HAL_Driver/Src/stm32f3xx_hal_cortex.o
 .debug_info    0x0000ab1f      0x6e1 ./Drivers/STM32F3xx_HAL_Driver/Src/stm32f3xx_hal_dma.o
 .debug_info    0x0000b200      0x5fe ./Drivers/STM32F3xx_HAL_Driver/Src/stm32f3xx_hal_gpio.o
 .debug_info    0x0000b7fe     0x20c3 ./Drivers/STM32F3xx_HAL_Driver/Src/stm32f3xx_hal_i2c.o
 .debug_info    0x0000d8c1      0x818 ./Drivers/STM32F3xx_HAL_Driver/Src/stm32f3xx_hal_i2c_ex.o
 .debug_info    0x0000e0d9     0x166f ./Drivers/STM32F3xx_HAL_Driver/Src/stm32f3xx_hal_pcd.o
 .debug_info    0x0000f748      0x6a9 ./Drivers/STM32F3xx_HAL_Driver/Src/stm32f3xx_hal_pcd_ex.o
 .debug_info    0x0000fdf1     0x148a ./Drivers/STM32F3xx_HAL_Driver/Src/stm32f3xx_hal_rcc.o
 .debug_info    0x0001127b      0x5b9 ./Drivers/STM32F3xx_HAL_Driver/Src/stm32f3xx_hal_rcc_ex.o
 .debug_info    0x00011834     0x1622 ./Drivers/STM32F3xx_HAL_Driver/Src/stm32f3xx_hal_spi.o
 .debug_info    0x00012e56     0x2a70 ./Drivers/STM32F3xx_HAL_Driver/Src/stm32f3xx_hal_tim.o
 .debug_info    0x000158c6     0x156d ./Drivers/STM32F3xx_HAL_Driver/Src/stm32f3xx_hal_tim_ex.o
 .debug_info    0x00016e33     0x163b ./Drivers/STM32F3xx_HAL_Driver/Src/stm32f3xx_ll_usb.o
 .debug_info    0x0001846e     0x1028 ./Middlewares/ST/STM32_USB_Device_Library/Class/CDC/Src/usbd_cdc.o
 .debug_info    0x00019496      0xa52 ./Middlewares/ST/STM32_USB_Device_Library/Core/Src/usbd_core.o
 .debug_info    0x00019ee8      0x91c ./Middlewares/ST/STM32_USB_Device_Library/Core/Src/usbd_ctlreq.o
 .debug_info    0x0001a804      0x6a0 ./Middlewares/ST/STM32_USB_Device_Library/Core/Src/usbd_ioreq.o
 .debug_info    0x0001aea4     0x1b3d ./Middlewares/Third_Party/FreeRTOS/Source/CMSIS_RTOS/cmsis_os.o
 .debug_info    0x0001c9e1      0x2aa ./Middlewares/Third_Party/FreeRTOS/Source/list.o
 .debug_info    0x0001cc8b     0x1bbe ./Middlewares/Third_Party/FreeRTOS/Source/tasks.o
 .debug_info    0x0001e849      0x4de ./Middlewares/Third_Party/FreeRTOS/Source/portable/GCC/ARM_CM4F/port.o
 .debug_info    0x0001ed27      0x3c3 ./Middlewares/Third_Party/FreeRTOS/Source/portable/MemMang/heap_4.o
 .debug_info    0x0001f0ea      0x63d ./USB_DEVICE/App/usb_device.o
 .debug_info    0x0001f727      0x7ec ./USB_DEVICE/App/usbd_cdc_if.o
 .debug_info    0x0001ff13      0x44a ./USB_DEVICE/App/usbd_desc.o
 .debug_info    0x0002035d     0x1a8c ./USB_DEVICE/Target/usbd_conf.o

.debug_abbrev   0x00000000     0x542f
 .debug_abbrev  0x00000000       0xd2 ./Core/Src/freertos.o
 .debug_abbrev  0x000000d2      0x343 ./Core/Src/main.o
 .debug_abbrev  0x00000415      0x230 ./Core/Src/stm32f3xx_hal_msp.o
 .debug_abbrev  0x00000645      0x1f4 ./Core/Src/stm32f3xx_hal_timebase_tim.o
 .debug_abbrev  0x00000839      0x1e4 ./Core/Src/stm32f3xx_it.o
 .debug_abbrev  0x00000a1d      0x11a ./Core/Src/system_stm32f3xx.o
 .debug_abbrev  0x00000b37       0x24 ./Core/Startup/startup_stm32f303rbtx.o
 .debug_abbrev  0x00000b5b      0x362 ./Drivers/OLED/ssd1306.o
 .debug_abbrev  0x00000ebd       0xcf ./Drivers/OLED/ssd1306_fonts.o
 .debug_abbrev  0x00000f8c      0x215 ./Drivers/STM32F3xx_HAL_Driver/Src/stm32f3xx_hal.o
 .debug_abbrev  0x000011a1      0x186 ./Drivers/STM32F3xx_HAL_Driver/Src/stm32f3xx_hal_adc.o
 .debug_abbrev  0x00001327      0x28e ./Drivers/STM32F3xx_HAL_Driver/Src/stm32f3xx_hal_adc_ex.o
 .debug_abbrev  0x000015b5      0x1c8 ./Drivers/STM32F3xx_HAL_Driver/Src/stm32f3xx_hal_comp.o
 .debug_abbrev  0x0000177d      0x31e ./Drivers/STM32F3xx_HAL_Driver/Src/stm32f3xx_hal_cortex.o
 .debug_abbrev  0x00001a9b      0x20d ./Drivers/STM32F3xx_HAL_Driver/Src/stm32f3xx_hal_dma.o
 .debug_abbrev  0x00001ca8      0x1ca ./Drivers/STM32F3xx_HAL_Driver/Src/stm32f3xx_hal_gpio.o
 .debug_abbrev  0x00001e72      0x260 ./Drivers/STM32F3xx_HAL_Driver/Src/stm32f3xx_hal_i2c.o
 .debug_abbrev  0x000020d2      0x1c2 ./Drivers/STM32F3xx_HAL_Driver/Src/stm32f3xx_hal_i2c_ex.o
 .debug_abbrev  0x00002294      0x2d9 ./Drivers/STM32F3xx_HAL_Driver/Src/stm32f3xx_hal_pcd.o
 .debug_abbrev  0x0000256d      0x189 ./Drivers/STM32F3xx_HAL_Driver/Src/stm32f3xx_hal_pcd_ex.o
 .debug_abbrev  0x000026f6      0x300 ./Drivers/STM32F3xx_HAL_Driver/Src/stm32f3xx_hal_rcc.o
 .debug_abbrev  0x000029f6      0x221 ./Drivers/STM32F3xx_HAL_Driver/Src/stm32f3xx_hal_rcc_ex.o
 .debug_abbrev  0x00002c17      0x269 ./Drivers/STM32F3xx_HAL_Driver/Src/stm32f3xx_hal_spi.o
 .debug_abbrev  0x00002e80      0x278 ./Drivers/STM32F3xx_HAL_Driver/Src/stm32f3xx_hal_tim.o
 .debug_abbrev  0x000030f8      0x283 ./Drivers/STM32F3xx_HAL_Driver/Src/stm32f3xx_hal_tim_ex.o
 .debug_abbrev  0x0000337b      0x247 ./Drivers/STM32F3xx_HAL_Driver/Src/stm32f3xx_ll_usb.o
 .debug_abbrev  0x000035c2      0x2d3 ./Middlewares/ST/STM32_USB_Device_Library/Class/CDC/Src/usbd_cdc.o
 .debug_abbrev  0x00003895      0x24a ./Middlewares/ST/STM32_USB_Device_Library/Core/Src/usbd_core.o
 .debug_abbrev  0x00003adf      0x26b ./Middlewares/ST/STM32_USB_Device_Library/Core/Src/usbd_ctlreq.o
 .debug_abbrev  0x00003d4a      0x192 ./Middlewares/ST/STM32_USB_Device_Library/Core/Src/usbd_ioreq.o
 .debug_abbrev  0x00003edc      0x39e ./Middlewares/Third_Party/FreeRTOS/Source/CMSIS_RTOS/cmsis_os.o
 .debug_abbrev  0x0000427a       0xf5 ./Middlewares/Third_Party/FreeRTOS/Source/list.o
 .debug_abbrev  0x0000436f      0x358 ./Middlewares/Third_Party/FreeRTOS/Source/tasks.o
 .debug_abbrev  0x000046c7      0x25c ./Middlewares/Third_Party/FreeRTOS/Source/portable/GCC/ARM_CM4F/port.o
 .debug_abbrev  0x00004923      0x205 ./Middlewares/Third_Party/FreeRTOS/Source/portable/MemMang/heap_4.o
 .debug_abbrev  0x00004b28      0x18d ./USB_DEVICE/App/usb_device.o
 .debug_abbrev  0x00004cb5      0x25d ./USB_DEVICE/App/usbd_cdc_if.o
 .debug_abbrev  0x00004f12      0x1ff ./USB_DEVICE/App/usbd_desc.o
 .debug_abbrev  0x00005111      0x31e ./USB_DEVICE/Target/usbd_conf.o

.debug_aranges  0x00000000     0x1e80
 .debug_aranges
                0x00000000       0x20 ./Core/Src/freertos.o
 .debug_aranges
                0x00000020       0xb0 ./Core/Src/main.o
 .debug_aranges
                0x000000d0       0x60 ./Core/Src/stm32f3xx_hal_msp.o
 .debug_aranges
                0x00000130       0x30 ./Core/Src/stm32f3xx_hal_timebase_tim.o
 .debug_aranges
                0x00000160       0x90 ./Core/Src/stm32f3xx_it.o
 .debug_aranges
                0x000001f0       0x28 ./Core/Src/system_stm32f3xx.o
 .debug_aranges
                0x00000218       0x28 ./Core/Startup/startup_stm32f303rbtx.o
 .debug_aranges
                0x00000240       0xe8 ./Drivers/OLED/ssd1306.o
 .debug_aranges
                0x00000328       0x18 ./Drivers/OLED/ssd1306_fonts.o
 .debug_aranges
                0x00000340       0xe0 ./Drivers/STM32F3xx_HAL_Driver/Src/stm32f3xx_hal.o
 .debug_aranges
                0x00000420       0xc8 ./Drivers/STM32F3xx_HAL_Driver/Src/stm32f3xx_hal_adc.o
 .debug_aranges
                0x000004e8      0x168 ./Drivers/STM32F3xx_HAL_Driver/Src/stm32f3xx_hal_adc_ex.o
 .debug_aranges
                0x00000650       0x88 ./Drivers/STM32F3xx_HAL_Driver/Src/stm32f3xx_hal_comp.o
 .debug_aranges
                0x000006d8      0x128 ./Drivers/STM32F3xx_HAL_Driver/Src/stm32f3xx_hal_cortex.o
 .debug_aranges
                0x00000800       0x88 ./Drivers/STM32F3xx_HAL_Driver/Src/stm32f3xx_hal_dma.o
 .debug_aranges
                0x00000888       0x58 ./Drivers/STM32F3xx_HAL_Driver/Src/stm32f3xx_hal_gpio.o
 .debug_aranges
                0x000008e0      0x2a0 ./Drivers/STM32F3xx_HAL_Driver/Src/stm32f3xx_hal_i2c.o
 .debug_aranges
                0x00000b80       0x48 ./Drivers/STM32F3xx_HAL_Driver/Src/stm32f3xx_hal_i2c_ex.o
 .debug_aranges
                0x00000bc8      0x140 ./Drivers/STM32F3xx_HAL_Driver/Src/stm32f3xx_hal_pcd.o
 .debug_aranges
                0x00000d08       0x38 ./Drivers/STM32F3xx_HAL_Driver/Src/stm32f3xx_hal_pcd_ex.o
 .debug_aranges
                0x00000d40       0x88 ./Drivers/STM32F3xx_HAL_Driver/Src/stm32f3xx_hal_rcc.o
 .debug_aranges
                0x00000dc8       0x38 ./Drivers/STM32F3xx_HAL_Driver/Src/stm32f3xx_hal_rcc_ex.o
 .debug_aranges
                0x00000e00      0x1d8 ./Drivers/STM32F3xx_HAL_Driver/Src/stm32f3xx_hal_spi.o
 .debug_aranges
                0x00000fd8      0x3e0 ./Drivers/STM32F3xx_HAL_Driver/Src/stm32f3xx_hal_tim.o
 .debug_aranges
                0x000013b8      0x178 ./Drivers/STM32F3xx_HAL_Driver/Src/stm32f3xx_hal_tim_ex.o
 .debug_aranges
                0x00001530       0xc8 ./Drivers/STM32F3xx_HAL_Driver/Src/stm32f3xx_ll_usb.o
 .debug_aranges
                0x000015f8       0x90 ./Middlewares/ST/STM32_USB_Device_Library/Class/CDC/Src/usbd_cdc.o
 .debug_aranges
                0x00001688       0xb8 ./Middlewares/ST/STM32_USB_Device_Library/Core/Src/usbd_core.o
 .debug_aranges
                0x00001740       0x88 ./Middlewares/ST/STM32_USB_Device_Library/Core/Src/usbd_ctlreq.o
 .debug_aranges
                0x000017c8       0x50 ./Middlewares/ST/STM32_USB_Device_Library/Core/Src/usbd_ioreq.o
 .debug_aranges
                0x00001818      0x1d8 ./Middlewares/Third_Party/FreeRTOS/Source/CMSIS_RTOS/cmsis_os.o
 .debug_aranges
                0x000019f0       0x40 ./Middlewares/Third_Party/FreeRTOS/Source/list.o
 .debug_aranges
                0x00001a30      0x1a8 ./Middlewares/Third_Party/FreeRTOS/Source/tasks.o
 .debug_aranges
                0x00001bd8       0x80 ./Middlewares/Third_Party/FreeRTOS/Source/portable/GCC/ARM_CM4F/port.o
 .debug_aranges
                0x00001c58       0x50 ./Middlewares/Third_Party/FreeRTOS/Source/portable/MemMang/heap_4.o
 .debug_aranges
                0x00001ca8       0x20 ./USB_DEVICE/App/usb_device.o
 .debug_aranges
                0x00001cc8       0x40 ./USB_DEVICE/App/usbd_cdc_if.o
 .debug_aranges
                0x00001d08       0x60 ./USB_DEVICE/App/usbd_desc.o
 .debug_aranges
                0x00001d68      0x118 ./USB_DEVICE/Target/usbd_conf.o

.debug_rnglists
                0x00000000     0x1768
 .debug_rnglists
                0x00000000       0x13 ./Core/Src/freertos.o
 .debug_rnglists
                0x00000013       0x89 ./Core/Src/main.o
 .debug_rnglists
                0x0000009c       0x49 ./Core/Src/stm32f3xx_hal_msp.o
 .debug_rnglists
                0x000000e5       0x20 ./Core/Src/stm32f3xx_hal_timebase_tim.o
 .debug_rnglists
                0x00000105       0x67 ./Core/Src/stm32f3xx_it.o
 .debug_rnglists
                0x0000016c       0x1a ./Core/Src/system_stm32f3xx.o
 .debug_rnglists
                0x00000186       0x19 ./Core/Startup/startup_stm32f303rbtx.o
 .debug_rnglists
                0x0000019f       0xb4 ./Drivers/OLED/ssd1306.o
 .debug_rnglists
                0x00000253       0xa3 ./Drivers/STM32F3xx_HAL_Driver/Src/stm32f3xx_hal.o
 .debug_rnglists
                0x000002f6       0x91 ./Drivers/STM32F3xx_HAL_Driver/Src/stm32f3xx_hal_adc.o
 .debug_rnglists
                0x00000387      0x126 ./Drivers/STM32F3xx_HAL_Driver/Src/stm32f3xx_hal_adc_ex.o
 .debug_rnglists
                0x000004ad       0x67 ./Drivers/STM32F3xx_HAL_Driver/Src/stm32f3xx_hal_comp.o
 .debug_rnglists
                0x00000514       0xda ./Drivers/STM32F3xx_HAL_Driver/Src/stm32f3xx_hal_cortex.o
 .debug_rnglists
                0x000005ee       0x69 ./Drivers/STM32F3xx_HAL_Driver/Src/stm32f3xx_hal_dma.o
 .debug_rnglists
                0x00000657       0x3f ./Drivers/STM32F3xx_HAL_Driver/Src/stm32f3xx_hal_gpio.o
 .debug_rnglists
                0x00000696      0x228 ./Drivers/STM32F3xx_HAL_Driver/Src/stm32f3xx_hal_i2c.o
 .debug_rnglists
                0x000008be       0x35 ./Drivers/STM32F3xx_HAL_Driver/Src/stm32f3xx_hal_i2c_ex.o
 .debug_rnglists
                0x000008f3       0xf4 ./Drivers/STM32F3xx_HAL_Driver/Src/stm32f3xx_hal_pcd.o
 .debug_rnglists
                0x000009e7       0x26 ./Drivers/STM32F3xx_HAL_Driver/Src/stm32f3xx_hal_pcd_ex.o
 .debug_rnglists
                0x00000a0d       0x66 ./Drivers/STM32F3xx_HAL_Driver/Src/stm32f3xx_hal_rcc.o
 .debug_rnglists
                0x00000a73       0x28 ./Drivers/STM32F3xx_HAL_Driver/Src/stm32f3xx_hal_rcc_ex.o
 .debug_rnglists
                0x00000a9b      0x178 ./Drivers/STM32F3xx_HAL_Driver/Src/stm32f3xx_hal_spi.o
 .debug_rnglists