22:24:47 **** Incremental Build of configuration Debug for project Firmware ****
make -j12 all 
arm-none-eabi-gcc "../Core/Src/main.c" -mcpu=cortex-m4 -std=gnu11 -g3 -DDEBUG -DUSE_HAL_DRIVER -DSTM32F303xC -c -I../Core/Inc -I"E:/Git/Group Project/HAYES/Input Hardware/Firmware/Drivers/OLED" -I../Drivers/STM32F3xx_HAL_Driver/Inc -I../Drivers/STM32F3xx_HAL_Driver/Inc/Legacy -I../Drivers/CMSIS/Device/ST/STM32F3xx/Include -I../Drivers/CMSIS/Include -I../Middlewares/Third_Party/FreeRTOS/Source/include -I../Middlewares/Third_Party/FreeRTOS/Source/CMSIS_RTOS -I../Middlewares/Third_Party/FreeRTOS/Source/portable/GCC/ARM_CM4F -I../USB_DEVICE/App -I../USB_DEVICE/Target -I../Middlewares/ST/STM32_USB_Device_Library/Core/Inc -I../Middlewares/ST/STM32_USB_Device_Library/Class/CDC/Inc -O0 -ffunction-sections -fdata-sections -Wall -fstack-usage -fcyclomatic-complexity -MMD -MP -MF"Core/Src/main.d" -MT"Core/Src/main.o" --specs=nano.specs -mfpu=fpv4-sp-d16 -mfloat-abi=hard -mthumb -o "Core/Src/main.o"
arm-none-eabi-gcc -o "Firmware.elf" @"objects.list"   -mcpu=cortex-m4 -T"E:\Git\Group Project\HAYES\Input Hardware\Firmware\STM32F303RBTX_FLASH.ld" --specs=nosys.specs -Wl,-Map="Firmware.map" -Wl,--gc-sections -static --specs=nano.specs -mfpu=fpv4-sp-d16 -mfloat-abi=hard -mthumb -Wl,--start-group -lc -lm -Wl,--end-group
Finished building target: Firmware.elf
 
arm-none-eabi-size  Firmware.elf 
arm-none-eabi-objdump -h -S Firmware.elf  > "Firmware.list"
   text	   data	    bss	    dec	    hex	filename
  56232	    392	  12304	  68928	  10d40	Firmware.elf
Finished building: default.size.stdout
 
Finished building: Firmware.list
 

22:24:51 Build Finished. 0 errors, 0 warnings. (took 3s.111ms)

