14:56:21 **** Incremental Build of configuration Debug for project ioc and Cube ****
make -j12 all 
arm-none-eabi-gcc "../Core/Src/main.c" -mcpu=cortex-m4 -std=gnu11 -g3 -DDEBUG -DUSE_HAL_DRIVER -DSTM32F303xC -c -I"E:/Git/Group Project/HAYES/Input Hardware/PCB/ioc and Cube/ioc and Cube/Drivers/OLED" -I../Core/Inc -I../Drivers/STM32F3xx_HAL_Driver/Inc -I../Drivers/STM32F3xx_HAL_Driver/Inc/Legacy -I../Drivers/CMSIS/Device/ST/STM32F3xx/Include -I../Drivers/CMSIS/Include -include"E:/Git/Group Project/HAYES/Input Hardware/PCB/ioc and Cube/ioc and Cube/Drivers/OLED/ssd1306_conf.h" -include"E:/Git/Group Project/HAYES/Input Hardware/PCB/ioc and Cube/ioc and Cube/Drivers/OLED/ssd1306_fonts.h" -include"E:/Git/Group Project/HAYES/Input Hardware/PCB/ioc and Cube/ioc and Cube/Drivers/OLED/ssd1306.h" -O0 -ffunction-sections -fdata-sections -Wall -fstack-usage -fcyclomatic-complexity -MMD -MP -MF"Core/Src/main.d" -MT"Core/Src/main.o" --specs=nano.specs -mfpu=fpv4-sp-d16 -mfloat-abi=hard -mthumb -o "Core/Src/main.o"
arm-none-eabi-gcc -o "ioc and Cube.elf" @"objects.list"   -mcpu=cortex-m4 -T"E:\Git\Group Project\HAYES\Input Hardware\PCB\ioc and Cube\ioc and Cube\STM32F303RBTX_FLASH.ld" --specs=nosys.specs -Wl,-Map="ioc and Cube.map" -Wl,--gc-sections -static --specs=nano.specs -mfpu=fpv4-sp-d16 -mfloat-abi=hard -mthumb -Wl,--start-group -lc -lm -Wl,--end-group
Finished building target: ioc and Cube.elf
 
arm-none-eabi-size  ioc\ and\ Cube.elf 
arm-none-eabi-objdump -h -S ioc\ and\ Cube.elf  > "ioc and Cube.list"
   text	   data	    bss	    dec	    hex	filename
  26320	     12	   4476	  30808	   7858	ioc and Cube.elf
Finished building: default.size.stdout
 
Finished building: ioc and Cube.list
 

14:56:22 Build Finished. 0 errors, 0 warnings. (took 641ms)

